build	Set up job	﻿2026-06-29T21:15:28.7354589Z Current runner version: '2.335.1'
build	Set up job	2026-06-29T21:15:28.7393182Z ##[group]Runner Image Provisioner
build	Set up job	2026-06-29T21:15:28.7394523Z Hosted Compute Agent
build	Set up job	2026-06-29T21:15:28.7395569Z Version: 20260611.554
build	Set up job	2026-06-29T21:15:28.7396697Z Commit: 5e0782fdc9014723d3be820dd114dd31555c2bd1
build	Set up job	2026-06-29T21:15:28.7398019Z Build Date: 2026-06-11T21:40:46Z
build	Set up job	2026-06-29T21:15:28.7399435Z Worker ID: {100ecd44-1d83-48a8-be73-371641244076}
build	Set up job	2026-06-29T21:15:28.7401050Z Azure Region: eastus
build	Set up job	2026-06-29T21:15:28.7402177Z ##[endgroup]
build	Set up job	2026-06-29T21:15:28.7404689Z ##[group]Operating System
build	Set up job	2026-06-29T21:15:28.7405823Z Ubuntu
build	Set up job	2026-06-29T21:15:28.7406714Z 24.04.4
build	Set up job	2026-06-29T21:15:28.7407586Z LTS
build	Set up job	2026-06-29T21:15:28.7408508Z ##[endgroup]
build	Set up job	2026-06-29T21:15:28.7409545Z ##[group]Runner Image
build	Set up job	2026-06-29T21:15:28.7410825Z Image: ubuntu-24.04
build	Set up job	2026-06-29T21:15:28.7412004Z Version: 20260622.220.1
build	Set up job	2026-06-29T21:15:28.7413939Z Included Software: https://github.com/actions/runner-images/blob/ubuntu24/20260622.220/images/ubuntu/Ubuntu2404-Readme.md
build	Set up job	2026-06-29T21:15:28.7417121Z Image Release: https://github.com/actions/runner-images/releases/tag/ubuntu24%2F20260622.220
build	Set up job	2026-06-29T21:15:28.7419372Z ##[endgroup]
build	Set up job	2026-06-29T21:15:28.7421662Z ##[group]GITHUB_TOKEN Permissions
build	Set up job	2026-06-29T21:15:28.7424864Z Contents: read
build	Set up job	2026-06-29T21:15:28.7425876Z Metadata: read
build	Set up job	2026-06-29T21:15:28.7426875Z Packages: read
build	Set up job	2026-06-29T21:15:28.7427812Z ##[endgroup]
build	Set up job	2026-06-29T21:15:28.7430975Z Secret source: Actions
build	Set up job	2026-06-29T21:15:28.7432802Z Prepare workflow directory
build	Set up job	2026-06-29T21:15:28.7922034Z Prepare all required actions
build	Set up job	2026-06-29T21:15:28.7979914Z Getting action download info
build	Set up job	2026-06-29T21:15:28.9748375Z Download action repository 'actions/checkout@v4' (SHA:34e114876b0b11c390a56381ad16ebd13914f8d5)
build	Set up job	2026-06-29T21:15:29.0714300Z Download action repository 'actions/setup-java@v4' (SHA:c1e323688fd81a25caa38c78aa6df2d33d3e20d9)
build	Set up job	2026-06-29T21:15:29.3003167Z Download action repository 'android-actions/setup-android@v3' (SHA:9fc6c4e9069bf8d3d10b2204b1fb8f6ef7065407)
build	Set up job	2026-06-29T21:15:29.4200025Z Download action repository 'gradle/actions@v3' (SHA:d9c87d481d55275bb5441eef3fe0e46805f9ef70)
build	Set up job	2026-06-29T21:15:29.8751436Z Download action repository 'actions/upload-artifact@v4' (SHA:ea165f8d65b6e75b540449e92b4886f43607fa02)
build	Set up job	2026-06-29T21:15:30.0987100Z Complete job name: build
build	Checkout repository	﻿2026-06-29T21:15:30.1732152Z Node 20 is being deprecated. This workflow is running with Node 24 by default. If you need to temporarily use Node 20, you can set the ACTIONS_ALLOW_USE_UNSECURE_NODE_VERSION=true environment variable. For more information see: https://github.blog/changelog/2025-09-19-deprecation-of-node-20-on-github-actions-runners/
build	Checkout repository	2026-06-29T21:15:30.1740419Z ##[group]Run actions/checkout@v4
build	Checkout repository	2026-06-29T21:15:30.1741588Z with:
build	Checkout repository	2026-06-29T21:15:30.1742140Z   repository: pepitogumball-lang/X-LOCALHOST
build	Checkout repository	2026-06-29T21:15:30.1745517Z   token: ***
build	Checkout repository	2026-06-29T21:15:30.1746070Z   ssh-strict: true
build	Checkout repository	2026-06-29T21:15:30.1746544Z   ssh-user: git
build	Checkout repository	2026-06-29T21:15:30.1747114Z   persist-credentials: true
build	Checkout repository	2026-06-29T21:15:30.1747644Z   clean: true
build	Checkout repository	2026-06-29T21:15:30.1748155Z   sparse-checkout-cone-mode: true
build	Checkout repository	2026-06-29T21:15:30.1748758Z   fetch-depth: 1
build	Checkout repository	2026-06-29T21:15:30.1749233Z   fetch-tags: false
build	Checkout repository	2026-06-29T21:15:30.1749745Z   show-progress: true
build	Checkout repository	2026-06-29T21:15:30.1750253Z   lfs: false
build	Checkout repository	2026-06-29T21:15:30.1750986Z   submodules: false
build	Checkout repository	2026-06-29T21:15:30.1751641Z   set-safe-directory: true
build	Checkout repository	2026-06-29T21:15:30.1752468Z ##[endgroup]
build	Checkout repository	2026-06-29T21:15:30.2846543Z Syncing repository: pepitogumball-lang/X-LOCALHOST
build	Checkout repository	2026-06-29T21:15:30.2848806Z ##[group]Getting Git version info
build	Checkout repository	2026-06-29T21:15:30.2849473Z Working directory is '/home/runner/work/X-LOCALHOST/X-LOCALHOST'
build	Checkout repository	2026-06-29T21:15:30.2850317Z [command]/usr/bin/git version
build	Checkout repository	2026-06-29T21:15:30.2851177Z git version 2.54.0
build	Checkout repository	2026-06-29T21:15:30.2852600Z ##[endgroup]
build	Checkout repository	2026-06-29T21:15:30.2856907Z Temporarily overriding HOME='/home/runner/work/_temp/76960188-a342-4786-91e6-6d9afd59f6ef' before making global git config changes
build	Checkout repository	2026-06-29T21:15:30.2857932Z Adding repository directory to the temporary git global config as a safe directory
build	Checkout repository	2026-06-29T21:15:30.2859039Z [command]/usr/bin/git config --global --add safe.directory /home/runner/work/X-LOCALHOST/X-LOCALHOST
build	Checkout repository	2026-06-29T21:15:30.2883858Z Deleting the contents of '/home/runner/work/X-LOCALHOST/X-LOCALHOST'
build	Checkout repository	2026-06-29T21:15:30.2887621Z ##[group]Initializing the repository
build	Checkout repository	2026-06-29T21:15:30.2892576Z [command]/usr/bin/git init /home/runner/work/X-LOCALHOST/X-LOCALHOST
build	Checkout repository	2026-06-29T21:15:30.2988218Z hint: Using 'master' as the name for the initial branch. This default branch name
build	Checkout repository	2026-06-29T21:15:30.2989528Z hint: will change to "main" in Git 3.0. To configure the initial branch name
build	Checkout repository	2026-06-29T21:15:30.2991028Z hint: to use in all of your new repositories, which will suppress this warning,
build	Checkout repository	2026-06-29T21:15:30.2991819Z hint: call:
build	Checkout repository	2026-06-29T21:15:30.2992177Z hint:
build	Checkout repository	2026-06-29T21:15:30.2992634Z hint: 	git config --global init.defaultBranch <name>
build	Checkout repository	2026-06-29T21:15:30.2993130Z hint:
build	Checkout repository	2026-06-29T21:15:30.2993601Z hint: Names commonly chosen instead of 'master' are 'main', 'trunk' and
build	Checkout repository	2026-06-29T21:15:30.2994328Z hint: 'development'. The just-created branch can be renamed via this command:
build	Checkout repository	2026-06-29T21:15:30.2994896Z hint:
build	Checkout repository	2026-06-29T21:15:30.2995282Z hint: 	git branch -m <name>
build	Checkout repository	2026-06-29T21:15:30.2995680Z hint:
build	Checkout repository	2026-06-29T21:15:30.2996184Z hint: Disable this message with "git config set advice.defaultBranchName false"
build	Checkout repository	2026-06-29T21:15:30.3002768Z Initialized empty Git repository in /home/runner/work/X-LOCALHOST/X-LOCALHOST/.git/
build	Checkout repository	2026-06-29T21:15:30.3012754Z [command]/usr/bin/git remote add origin https://github.com/pepitogumball-lang/X-LOCALHOST
build	Checkout repository	2026-06-29T21:15:30.3051563Z ##[endgroup]
build	Checkout repository	2026-06-29T21:15:30.3052305Z ##[group]Disabling automatic garbage collection
build	Checkout repository	2026-06-29T21:15:30.3056039Z [command]/usr/bin/git config --local gc.auto 0
build	Checkout repository	2026-06-29T21:15:30.3083177Z ##[endgroup]
build	Checkout repository	2026-06-29T21:15:30.3083828Z ##[group]Setting up auth
build	Checkout repository	2026-06-29T21:15:30.3089424Z [command]/usr/bin/git config --local --name-only --get-regexp core\.sshCommand
build	Checkout repository	2026-06-29T21:15:30.3121365Z [command]/usr/bin/git submodule foreach --recursive sh -c "git config --local --name-only --get-regexp 'core\.sshCommand' && git config --local --unset-all 'core.sshCommand' || :"
build	Checkout repository	2026-06-29T21:15:30.3431868Z [command]/usr/bin/git config --local --name-only --get-regexp http\.https\:\/\/github\.com\/\.extraheader
build	Checkout repository	2026-06-29T21:15:30.3462151Z [command]/usr/bin/git submodule foreach --recursive sh -c "git config --local --name-only --get-regexp 'http\.https\:\/\/github\.com\/\.extraheader' && git config --local --unset-all 'http.https://github.com/.extraheader' || :"
build	Checkout repository	2026-06-29T21:15:30.3674389Z [command]/usr/bin/git config --local --name-only --get-regexp ^includeIf\.gitdir:
build	Checkout repository	2026-06-29T21:15:30.3703949Z [command]/usr/bin/git submodule foreach --recursive git config --local --show-origin --name-only --get-regexp remote.origin.url
build	Checkout repository	2026-06-29T21:15:30.3914429Z [command]/usr/bin/git config --local http.https://github.com/.extraheader AUTHORIZATION: basic ***
build	Checkout repository	2026-06-29T21:15:30.3949151Z ##[endgroup]
build	Checkout repository	2026-06-29T21:15:30.3950421Z ##[group]Fetching the repository
build	Checkout repository	2026-06-29T21:15:30.3958845Z [command]/usr/bin/git -c protocol.version=2 fetch --no-tags --prune --no-recurse-submodules --depth=1 origin +af4e8d35674ca81b6c3868484f09683cea488dc6:refs/remotes/origin/main
build	Checkout repository	2026-06-29T21:15:30.9242950Z From https://github.com/pepitogumball-lang/X-LOCALHOST
build	Checkout repository	2026-06-29T21:15:30.9244132Z  * [new ref]         af4e8d35674ca81b6c3868484f09683cea488dc6 -> origin/main
build	Checkout repository	2026-06-29T21:15:30.9276839Z ##[endgroup]
build	Checkout repository	2026-06-29T21:15:30.9278079Z ##[group]Determining the checkout info
build	Checkout repository	2026-06-29T21:15:30.9280448Z ##[endgroup]
build	Checkout repository	2026-06-29T21:15:30.9286357Z [command]/usr/bin/git sparse-checkout disable
build	Checkout repository	2026-06-29T21:15:30.9329434Z [command]/usr/bin/git config --local --unset-all extensions.worktreeConfig
build	Checkout repository	2026-06-29T21:15:30.9354985Z ##[group]Checking out the ref
build	Checkout repository	2026-06-29T21:15:30.9359045Z [command]/usr/bin/git checkout --progress --force -B main refs/remotes/origin/main
build	Checkout repository	2026-06-29T21:15:30.9860330Z Switched to a new branch 'main'
build	Checkout repository	2026-06-29T21:15:30.9863759Z branch 'main' set up to track 'origin/main'.
build	Checkout repository	2026-06-29T21:15:30.9869457Z ##[endgroup]
build	Checkout repository	2026-06-29T21:15:30.9907321Z [command]/usr/bin/git log -1 --format=%H
build	Checkout repository	2026-06-29T21:15:30.9929069Z af4e8d35674ca81b6c3868484f09683cea488dc6
build	Set up JDK 17	﻿2026-06-29T21:15:31.0210213Z Node 20 is being deprecated. This workflow is running with Node 24 by default. If you need to temporarily use Node 20, you can set the ACTIONS_ALLOW_USE_UNSECURE_NODE_VERSION=true environment variable. For more information see: https://github.blog/changelog/2025-09-19-deprecation-of-node-20-on-github-actions-runners/
build	Set up JDK 17	2026-06-29T21:15:31.0212714Z ##[group]Run actions/setup-java@v4
build	Set up JDK 17	2026-06-29T21:15:31.0213166Z with:
build	Set up JDK 17	2026-06-29T21:15:31.0213505Z   java-version: 17
build	Set up JDK 17	2026-06-29T21:15:31.0213880Z   distribution: temurin
build	Set up JDK 17	2026-06-29T21:15:31.0214251Z   cache: gradle
build	Set up JDK 17	2026-06-29T21:15:31.0214607Z   java-package: jdk
build	Set up JDK 17	2026-06-29T21:15:31.0214980Z   check-latest: false
build	Set up JDK 17	2026-06-29T21:15:31.0215352Z   server-id: github
build	Set up JDK 17	2026-06-29T21:15:31.0215752Z   server-username: GITHUB_ACTOR
build	Set up JDK 17	2026-06-29T21:15:31.0216179Z   server-password: GITHUB_TOKEN
build	Set up JDK 17	2026-06-29T21:15:31.0216595Z   overwrite-settings: true
build	Set up JDK 17	2026-06-29T21:15:31.0216991Z   job-status: success
build	Set up JDK 17	2026-06-29T21:15:31.0220072Z   token: ***
build	Set up JDK 17	2026-06-29T21:15:31.0220421Z ##[endgroup]
build	Set up JDK 17	2026-06-29T21:15:31.1788419Z ##[group]Installed distributions
build	Set up JDK 17	2026-06-29T21:15:31.1846391Z Resolved Java 17.0.19+10 from tool-cache
build	Set up JDK 17	2026-06-29T21:15:31.1847170Z Setting Java 17.0.19+10 as the default
build	Set up JDK 17	2026-06-29T21:15:31.1858239Z (node:2278) [DEP0040] DeprecationWarning: The `punycode` module is deprecated. Please use a userland alternative instead.
build	Set up JDK 17	2026-06-29T21:15:31.1859251Z (Use `node --trace-deprecation ...` to show where the warning was created)
build	Set up JDK 17	2026-06-29T21:15:31.1862581Z Creating toolchains.xml for JDK version 17 from temurin
build	Set up JDK 17	2026-06-29T21:15:31.1941374Z Writing to /home/runner/.m2/toolchains.xml
build	Set up JDK 17	2026-06-29T21:15:31.1942063Z 
build	Set up JDK 17	2026-06-29T21:15:31.1942392Z Java configuration:
build	Set up JDK 17	2026-06-29T21:15:31.1943144Z   Distribution: temurin
build	Set up JDK 17	2026-06-29T21:15:31.1943983Z   Version: 17.0.19+10
build	Set up JDK 17	2026-06-29T21:15:31.1944990Z   Path: /opt/hostedtoolcache/Java_Temurin-Hotspot_jdk/17.0.19-10/x64
build	Set up JDK 17	2026-06-29T21:15:31.1945772Z 
build	Set up JDK 17	2026-06-29T21:15:31.1946635Z ##[endgroup]
build	Set up JDK 17	2026-06-29T21:15:31.1965641Z Creating settings.xml with server-id: github
build	Set up JDK 17	2026-06-29T21:15:31.1966676Z Writing to /home/runner/.m2/settings.xml
build	Set up JDK 17	2026-06-29T21:15:31.3213633Z gradle cache is not found
build	Setup Android SDK	﻿2026-06-29T21:15:31.3370961Z Node 20 is being deprecated. This workflow is running with Node 24 by default. If you need to temporarily use Node 20, you can set the ACTIONS_ALLOW_USE_UNSECURE_NODE_VERSION=true environment variable. For more information see: https://github.blog/changelog/2025-09-19-deprecation-of-node-20-on-github-actions-runners/
build	Setup Android SDK	2026-06-29T21:15:31.3372623Z ##[group]Run android-actions/setup-android@v3
build	Setup Android SDK	2026-06-29T21:15:31.3373075Z with:
build	Setup Android SDK	2026-06-29T21:15:31.3373442Z   cmdline-tools-version: 12266719
build	Setup Android SDK	2026-06-29T21:15:31.3373894Z   accept-android-sdk-licenses: true
build	Setup Android SDK	2026-06-29T21:15:31.3374379Z   log-accepted-android-sdk-licenses: true
build	Setup Android SDK	2026-06-29T21:15:31.3374858Z   packages: tools platform-tools
build	Setup Android SDK	2026-06-29T21:15:31.3375252Z env:
build	Setup Android SDK	2026-06-29T21:15:31.3375706Z   JAVA_HOME: /opt/hostedtoolcache/Java_Temurin-Hotspot_jdk/17.0.19-10/x64
build	Setup Android SDK	2026-06-29T21:15:31.3376408Z   JAVA_HOME_17_X64: /opt/hostedtoolcache/Java_Temurin-Hotspot_jdk/17.0.19-10/x64
build	Setup Android SDK	2026-06-29T21:15:31.3376962Z ##[endgroup]
build	Setup Android SDK	2026-06-29T21:15:31.4061834Z Found preinstalled sdkmanager in /usr/local/lib/android/sdk/cmdline-tools/latest with following source.properties:
build	Setup Android SDK	2026-06-29T21:15:31.4064002Z Pkg.Revision=12.0
build	Setup Android SDK	2026-06-29T21:15:31.4064980Z Pkg.Path=cmdline-tools;12.0
build	Setup Android SDK	2026-06-29T21:15:31.4066040Z Pkg.Desc=Android SDK Command-line Tools
build	Setup Android SDK	2026-06-29T21:15:31.4066698Z 
build	Setup Android SDK	2026-06-29T21:15:31.4067095Z Wrong version in preinstalled sdkmanager
build	Setup Android SDK	2026-06-29T21:15:31.4073929Z Downloading commandline tools from https://dl.google.com/android/repository/commandlinetools-linux-12266719_latest.zip
build	Setup Android SDK	2026-06-29T21:15:32.2817573Z [command]/usr/bin/unzip -o -q /home/runner/work/_temp/a414808c-dac6-463a-ad27-f2c368eefd20
build	Setup Android SDK	2026-06-29T21:15:33.0473300Z Accepting Android SDK licenses
build	Setup Android SDK	2026-06-29T21:15:33.0478516Z [command]/usr/local/lib/android/sdk/cmdline-tools/16.0/bin/sdkmanager --licenses
build	Setup Android SDK	2026-06-29T21:15:35.0580170Z Loading local repository...                                                     
build	Setup Android SDK	2026-06-29T21:15:35.0581529Z [=========                              ] 25% Loading local repository...       
build	Setup Android SDK	2026-06-29T21:15:36.2351949Z [=========                              ] 25% Fetch remote repository...        
build	Setup Android SDK	2026-06-29T21:15:36.6914931Z [==========                             ] 26% Fetch remote repository...        
build	Setup Android SDK	2026-06-29T21:15:36.6947266Z [============                           ] 31% Fetch remote repository...        
build	Setup Android SDK	2026-06-29T21:15:36.7290540Z [============                           ] 32% Fetch remote repository...        
build	Setup Android SDK	2026-06-29T21:15:36.7302593Z [=============                          ] 33% Fetch remote repository...        
build	Setup Android SDK	2026-06-29T21:15:36.7507445Z [=============                          ] 35% Fetch remote repository...        
build	Setup Android SDK	2026-06-29T21:15:36.7532315Z [==============                         ] 36% Fetch remote repository...        
build	Setup Android SDK	2026-06-29T21:15:36.7769484Z [==============                         ] 37% Fetch remote repository...        
build	Setup Android SDK	2026-06-29T21:15:36.7770815Z [===============                        ] 38% Fetch remote repository...        
build	Setup Android SDK	2026-06-29T21:15:36.7991298Z [===============                        ] 39% Fetch remote repository...        
build	Setup Android SDK	2026-06-29T21:15:36.7997614Z [================                       ] 40% Fetch remote repository...        
build	Setup Android SDK	2026-06-29T21:15:36.8142518Z [================                       ] 41% Fetch remote repository...        
build	Setup Android SDK	2026-06-29T21:15:36.8164024Z [================                       ] 42% Fetch remote repository...        
build	Setup Android SDK	2026-06-29T21:15:36.8328908Z [=================                      ] 44% Fetch remote repository...        
build	Setup Android SDK	2026-06-29T21:15:36.8331852Z [=================                      ] 45% Fetch remote repository...        
build	Setup Android SDK	2026-06-29T21:15:36.8561609Z [==================                     ] 46% Fetch remote repository...        
build	Setup Android SDK	2026-06-29T21:15:36.8562840Z [==================                     ] 47% Fetch remote repository...        
build	Setup Android SDK	2026-06-29T21:15:36.8787429Z [===================                    ] 48% Fetch remote repository...        
build	Setup Android SDK	2026-06-29T21:15:36.8788496Z [===================                    ] 49% Fetch remote repository...        
build	Setup Android SDK	2026-06-29T21:15:36.8999103Z [====================                   ] 50% Fetch remote repository...        
build	Setup Android SDK	2026-06-29T21:15:36.9000296Z [====================                   ] 51% Fetch remote repository...        
build	Setup Android SDK	2026-06-29T21:15:36.9242656Z [====================                   ] 53% Fetch remote repository...        
build	Setup Android SDK	2026-06-29T21:15:36.9261308Z [=====================                  ] 54% Fetch remote repository...        
build	Setup Android SDK	2026-06-29T21:15:36.9404759Z [=====================                  ] 55% Fetch remote repository...        
build	Setup Android SDK	2026-06-29T21:15:36.9431644Z [======================                 ] 56% Fetch remote repository...        
build	Setup Android SDK	2026-06-29T21:15:36.9613433Z [======================                 ] 57% Fetch remote repository...        
build	Setup Android SDK	2026-06-29T21:15:36.9631426Z [=======================                ] 58% Fetch remote repository...        
build	Setup Android SDK	2026-06-29T21:15:36.9856426Z [=======================                ] 59% Fetch remote repository...        
build	Setup Android SDK	2026-06-29T21:15:36.9857649Z [========================               ] 60% Fetch remote repository...        
build	Setup Android SDK	2026-06-29T21:15:36.9982690Z [========================               ] 61% Fetch remote repository...        
build	Setup Android SDK	2026-06-29T21:15:36.9996670Z [=========================              ] 63% Fetch remote repository...        
build	Setup Android SDK	2026-06-29T21:15:37.0178118Z [=========================              ] 64% Fetch remote repository...        
build	Setup Android SDK	2026-06-29T21:15:37.0179093Z [=========================              ] 65% Fetch remote repository...        
build	Setup Android SDK	2026-06-29T21:15:37.0542801Z [==========================             ] 66% Fetch remote repository...        
build	Setup Android SDK	2026-06-29T21:15:37.0543796Z [==========================             ] 67% Fetch remote repository...        
build	Setup Android SDK	2026-06-29T21:15:37.0841503Z [===========================            ] 68% Fetch remote repository...        
build	Setup Android SDK	2026-06-29T21:15:37.0842560Z [===========================            ] 69% Fetch remote repository...        
build	Setup Android SDK	2026-06-29T21:15:37.1623414Z [============================           ] 70% Fetch remote repository...        
build	Setup Android SDK	2026-06-29T21:15:37.1624450Z [============================           ] 72% Fetch remote repository...        
build	Setup Android SDK	2026-06-29T21:15:37.2247809Z [=============================          ] 73% Fetch remote repository...        
build	Setup Android SDK	2026-06-29T21:15:37.2251469Z [=============================          ] 74% Fetch remote repository...        
build	Setup Android SDK	2026-06-29T21:15:37.2411208Z [=============================          ] 75% Fetch remote repository...        
build	Setup Android SDK	2026-06-29T21:15:37.2528136Z [=============================          ] 75% Computing updates...              
build	Setup Android SDK	2026-06-29T21:15:37.2542470Z [=======================================] 100% Computing updates...             
build	Setup Android SDK	2026-06-29T21:15:37.2989853Z 6 of 7 SDK package licenses not accepted.
build	Setup Android SDK	2026-06-29T21:15:37.2993615Z Review licenses that have not been accepted (y/N)? 
build	Setup Android SDK	2026-06-29T21:15:37.3022835Z 1/6: License android-googletv-license:
build	Setup Android SDK	2026-06-29T21:15:37.3041332Z ---------------------------------------
build	Setup Android SDK	2026-06-29T21:15:37.3045145Z Terms and Conditions
build	Setup Android SDK	2026-06-29T21:15:37.3045597Z 
build	Setup Android SDK	2026-06-29T21:15:37.3046184Z This is the Google TV Add-on for the Android Software Development Kit License Agreement.
build	Setup Android SDK	2026-06-29T21:15:37.3046966Z 
build	Setup Android SDK	2026-06-29T21:15:37.3047274Z 1. Introduction
build	Setup Android SDK	2026-06-29T21:15:37.3047769Z 
build	Setup Android SDK	2026-06-29T21:15:37.3050387Z 1.1 The Google TV Add-on for the Android Software Development Kit (referred to in this License Agreement as the "Google TV Add-on" and specifically including the Android system files, packaged APIs, and Google APIs add-ons) is licensed to you subject to the terms of this License Agreement. This License Agreement forms a legally binding contract between you and Google in relation to your use of the Google TV Add-on.
build	Setup Android SDK	2026-06-29T21:15:37.3053470Z 
build	Setup Android SDK	2026-06-29T21:15:37.3054500Z 1.2 "Google" means Google Inc., a Delaware corporation with principal place of business at 1600 Amphitheatre Parkway, Mountain View, CA 94043, United States.
build	Setup Android SDK	2026-06-29T21:15:37.3055720Z 
build	Setup Android SDK	2026-06-29T21:15:37.3056401Z 2. Accepting this License Agreement
build	Setup Android SDK	2026-06-29T21:15:37.3056886Z 
build	Setup Android SDK	2026-06-29T21:15:37.3057950Z 2.1 In order to use the Google TV Add-on, you must first agree to this License Agreement. You may not use the Google TV Add-on if you do not accept this License Agreement.
build	Setup Android SDK	2026-06-29T21:15:37.3059204Z 
build	Setup Android SDK	2026-06-29T21:15:37.3059565Z 2.2 You can accept this License Agreement by:
build	Setup Android SDK	2026-06-29T21:15:37.3060090Z 
build	Setup Android SDK	2026-06-29T21:15:37.3061097Z (A) clicking to accept or agree to this License Agreement, where this option is made available to you; or
build	Setup Android SDK	2026-06-29T21:15:37.3062048Z 
build	Setup Android SDK	2026-06-29T21:15:37.3063165Z (B) by actually using the Google TV Add-on. In this case, you agree that use of the Google TV Add-on constitutes acceptance of the License Agreement from that point onwards.
build	Setup Android SDK	2026-06-29T21:15:37.3067449Z 
build	Setup Android SDK	2026-06-29T21:15:37.3069191Z 2.3 You may not use the Google TV Add-on and may not accept the Licensing Agreement if you are a person barred from receiving the Google TV Add-on under the laws of the United States or other countries including the country in which you are resident or from which you use the Google TV Add-on.
build	Setup Android SDK	2026-06-29T21:15:37.3071349Z 
build	Setup Android SDK	2026-06-29T21:15:37.3073589Z 2.4 If you are agreeing to be bound by this License Agreement on behalf of your employer or other entity, you represent and warrant that you have full legal authority to bind your employer or such entity to this License Agreement. If you do not have the requisite authority, you may not accept the Licensing Agreement or use the Google TV Add-on on behalf of your employer or other entity.
build	Setup Android SDK	2026-06-29T21:15:37.3076254Z 
build	Setup Android SDK	2026-06-29T21:15:37.3076614Z 3. Google TV Add-on License from Google
build	Setup Android SDK	2026-06-29T21:15:37.3077124Z 
build	Setup Android SDK	2026-06-29T21:15:37.3078560Z 3.1 Subject to the terms of this License Agreement, Google grants you a limited, worldwide, royalty-free, non- assignable and non-exclusive license to use the Google TV Add-on solely to develop applications to run on the Google TV platform.
build	Setup Android SDK	2026-06-29T21:15:37.3083182Z 
build	Setup Android SDK	2026-06-29T21:15:37.3085710Z 3.2 You agree that Google or third parties own all legal right, title and interest in and to the Google TV Add-on, including any Intellectual Property Rights that subsist in the Google TV Add-on. "Intellectual Property Rights" means any and all rights under patent law, copyright law, trade secret law, trademark law, and any and all other proprietary rights. Google reserves all rights not expressly granted to you.
build	Setup Android SDK	2026-06-29T21:15:37.3092651Z 
build	Setup Android SDK	2026-06-29T21:15:37.3096510Z 3.3 Except to the extent required by applicable third party licenses, you may not copy (except for backup purposes), modify, adapt, redistribute, decompile, reverse engineer, disassemble, or create derivative works of the Google TV Add-on or any part of the Google TV Add-on. Except to the extent required by applicable third party licenses, you may not load any part of the Google TV Add-on onto a mobile handset, television, or any other hardware device except a personal computer, combine any part of the Google TV Add-on with other software, or distribute any software or device incorporating a part of the Google TV Add-on.
build	Setup Android SDK	2026-06-29T21:15:37.3101057Z 
build	Setup Android SDK	2026-06-29T21:15:37.3121437Z 3.4 Use, reproduction and distribution of components of the Google TV Add-on licensed under an open source software license are governed solely by the terms of that open source software license and not this License Agreement.
build	Setup Android SDK	2026-06-29T21:15:37.3123132Z 
build	Setup Android SDK	2026-06-29T21:15:37.3126212Z 3.5 You agree that the form and nature of the Google TV Add-on that Google provides may change without prior notice to you and that future versions of the Google TV Add-on may be incompatible with applications developed on previous versions of the Google TV Add-on. You agree that Google may stop (permanently or temporarily) providing the Google TV Add-on (or any features within the Google TV Add-on) to you or to users generally at Google's sole discretion, without prior notice to you.
build	Setup Android SDK	2026-06-29T21:15:37.3129419Z 
build	Setup Android SDK	2026-06-29T21:15:37.3131688Z 3.6 Nothing in this License Agreement gives you a right to use any of Google's or it’s licensors’ trade names, trademarks, service marks, logos, domain names, or other distinctive brand features.
build	Setup Android SDK	2026-06-29T21:15:37.3144569Z 
build	Setup Android SDK	2026-06-29T21:15:37.3145943Z 3.7 You agree that you will not remove, obscure, or alter any proprietary rights notices (including copyright and trademark notices) that may be affixed to or contained within the Google TV Add-on.
build	Setup Android SDK	2026-06-29T21:15:37.3147449Z 
build	Setup Android SDK	2026-06-29T21:15:37.3149255Z 4. Use of the Google TV Add-on by You
build	Setup Android SDK	2026-06-29T21:15:37.3149639Z 
build	Setup Android SDK	2026-06-29T21:15:37.3151484Z 4.1 Google agrees that it obtains no right, title or interest from you (or your licensors) under this License Agreement in or to any software applications that you develop using the Google TV Add-on, including any intellectual property rights that subsist in those applications.
build	Setup Android SDK	2026-06-29T21:15:37.3153333Z 
build	Setup Android SDK	2026-06-29T21:15:37.3155473Z 4.2 You agree to use the Google TV Add-on and write applications only for purposes that are permitted by (a) this License Agreement and (b) any applicable law, regulation or generally accepted practices or guidelines in the relevant jurisdictions (including any laws regarding the export of data or software to and from the United States or other relevant countries).
build	Setup Android SDK	2026-06-29T21:15:37.3157790Z 
build	Setup Android SDK	2026-06-29T21:15:37.3162588Z 4.3 You agree that if you use the Google TV Add-on to develop applications for general public users, you will protect the privacy and legal rights of those users. If the users provide you with user names, passwords, or other login information or personal information, your must make the users aware that the information will be available to your application, and you must provide legally adequate privacy notice and protection for those users. If your application stores personal or sensitive information provided by users, it must do so securely. If the user provides your application with Google Account information, your application may only use that information to access the user's Google Account when, and for the limited purposes for which, the user has given you explicit permission to do so.
build	Setup Android SDK	2026-06-29T21:15:37.3167730Z 
build	Setup Android SDK	2026-06-29T21:15:37.3170085Z 4.4 You agree that you will not engage in any activity with the Google TV Add-on, including the development or distribution of an application, that interferes with, disrupts, damages, or accesses in an unauthorized manner the servers, networks, or other properties or services of any third party including, but not limited to, Google, Multichannel Video Program Distributors or any mobile communications carrier.
build	Setup Android SDK	2026-06-29T21:15:37.3175143Z 
build	Setup Android SDK	2026-06-29T21:15:37.3177786Z 4.5 You agree that you are solely responsible for (and that Google has no responsibility to you or to any third party for) any data, content, or resources that you create, transmit or display through the Google TV platform and/or applications for the Google TV platform, and for the consequences of your actions (including any loss or damage which Google may suffer) by doing so.
build	Setup Android SDK	2026-06-29T21:15:37.3179136Z 
build	Setup Android SDK	2026-06-29T21:15:37.3180432Z 4.6 You agree that you are solely responsible for (and that Google has no responsibility to you or to any third party for) any breach of your obligations under this License Agreement, any applicable third party contract or Terms of Service, or any applicable law or regulation, and for the consequences (including any loss or damage which Google or any third party may suffer) of any such breach.
build	Setup Android SDK	2026-06-29T21:15:37.3182038Z 
build	Setup Android SDK	2026-06-29T21:15:37.3182151Z 5. Your Developer Credentials
build	Setup Android SDK	2026-06-29T21:15:37.3182315Z 
build	Setup Android SDK	2026-06-29T21:15:37.3183234Z 5.1 You agree that you are responsible for maintaining the confidentiality of any developer credentials that may be issued to you by Google or which you may choose yourself and that you will be solely responsible for all applications that are developed under your developer credentials.
build	Setup Android SDK	2026-06-29T21:15:37.3184234Z 
build	Setup Android SDK	2026-06-29T21:15:37.3184328Z 6. Privacy and Information
build	Setup Android SDK	2026-06-29T21:15:37.3184483Z 
build	Setup Android SDK	2026-06-29T21:15:37.3186247Z 6.1 In order to continually innovate and improve the Google TV Add-on, Google may collect certain usage statistics from the software including but not limited to a unique identifier, associated IP address, version number of the software, and information on which tools and/or services in the Google TV Add-on are being used and how they are being used. Before any of this information is collected, the Google TV Add-on will notify you and seek your consent. If you withhold consent, the information will not be collected.
build	Setup Android SDK	2026-06-29T21:15:37.3188762Z 
build	Setup Android SDK	2026-06-29T21:15:37.3189222Z 6.2 The data collected is examined in the aggregate to improve the Google TV Add-on and is maintained in accordance with Google's Privacy Policy.
build	Setup Android SDK	2026-06-29T21:15:37.3189754Z 
build	Setup Android SDK	2026-06-29T21:15:37.3189906Z 7. Third Party Applications for the Google TV Platform
build	Setup Android SDK	2026-06-29T21:15:37.3190135Z 
build	Setup Android SDK	2026-06-29T21:15:37.3192312Z 7.1 If you use the Google TV Add-on to run applications developed by a third party or that access data, content or resources provided by a third party, you agree that Google is not responsible for those applications, data, content, or resources. You understand that all data, content or resources which you may access through such third party applications are the sole responsibility of the person from which they originated and that Google is not liable for any loss or damage that you may experience as a result of the use or access of any of those third party applications, data, content, or resources.
build	Setup Android SDK	2026-06-29T21:15:37.3194352Z 
build	Setup Android SDK	2026-06-29T21:15:37.3195902Z 7.2 You should be aware the data, content, and resources presented to you through such a third party application may be protected by intellectual property rights which are owned by the providers (or by other persons or companies on their behalf). You may not modify, rent, lease, loan, sell, distribute or create derivative works based on these data, content, or resources (either in whole or in part) unless you have been specifically given permission to do so by the relevant owners.
build	Setup Android SDK	2026-06-29T21:15:37.3197705Z 
build	Setup Android SDK	2026-06-29T21:15:37.3198560Z 7.3 You acknowledge that your use of such third party applications, data, content, or resources may be subject to separate terms between you and the relevant third party. In that case, this License Agreement does not affect your legal relationship with these third parties.
build	Setup Android SDK	2026-06-29T21:15:37.3199507Z 
build	Setup Android SDK	2026-06-29T21:15:37.3199592Z 8. Using Google TV APIs
build	Setup Android SDK	2026-06-29T21:15:37.3199736Z 
build	Setup Android SDK	2026-06-29T21:15:37.3202662Z 8.1 If you use any Google TV API to retrieve data from Google, you acknowledge that the data (“Google TV API Content”) may be protected by intellectual property rights which are owned by Google or those parties that provide the data (or by other persons or companies on their behalf). Your use of any such API may be subject to additional Terms of Service. You may not modify, rent, lease, loan, sell, distribute or create derivative works based on this data (either in whole or in part) unless allowed by the relevant Terms of Service. Some portions of the Google TV API Content are licensed to Google by third parties, including but not limited to Tribune Media Services
build	Setup Android SDK	2026-06-29T21:15:37.3204947Z 
build	Setup Android SDK	2026-06-29T21:15:37.3205723Z 8.2 If you use any API to retrieve a user's data from Google, you acknowledge and agree that you shall retrieve data only with the user's explicit consent and only when, and for the limited purposes for which, the user has given you permission to do so.
build	Setup Android SDK	2026-06-29T21:15:37.3206579Z 
build	Setup Android SDK	2026-06-29T21:15:37.3206846Z 8.3 Except as explicitly permitted in Section 3 (Google TV Add-on License from Google), you must:
build	Setup Android SDK	2026-06-29T21:15:37.3207228Z 
build	Setup Android SDK	2026-06-29T21:15:37.3207774Z (a) not modify nor format the Google TV API Content except to the extent reasonably and technically necessary to optimize the display such Google TV API Content in your application;
build	Setup Android SDK	2026-06-29T21:15:37.3208421Z 
build	Setup Android SDK	2026-06-29T21:15:37.3209031Z (b) not edit the Google TV API Content in a manner that renders the Google TV API Content inaccurate of alters its inherent meaning (provided that displaying excerpts will not violate the foregoing); or
build	Setup Android SDK	2026-06-29T21:15:37.3209859Z 
build	Setup Android SDK	2026-06-29T21:15:37.3210140Z (c) not create any commercial audience measurement tool or service using the Google TV API Content
build	Setup Android SDK	2026-06-29T21:15:37.3210695Z 
build	Setup Android SDK	2026-06-29T21:15:37.3210813Z 9. Terminating this License Agreement
build	Setup Android SDK	2026-06-29T21:15:37.3211006Z 
build	Setup Android SDK	2026-06-29T21:15:37.3211313Z 9.1 This License Agreement will continue to apply until terminated by either you or Google as set out below.
build	Setup Android SDK	2026-06-29T21:15:37.3211726Z 
build	Setup Android SDK	2026-06-29T21:15:37.3212159Z 9.2 If you want to terminate this License Agreement, you may do so by ceasing your use of the Google TV Add-on and any relevant developer credentials.
build	Setup Android SDK	2026-06-29T21:15:37.3212695Z 
build	Setup Android SDK	2026-06-29T21:15:37.3212872Z 9.3 Google may at any time, terminate this License Agreement with you if:
build	Setup Android SDK	2026-06-29T21:15:37.3213158Z 
build	Setup Android SDK	2026-06-29T21:15:37.3213327Z (A) you have breached any provision of this License Agreement; or
build	Setup Android SDK	2026-06-29T21:15:37.3213584Z 
build	Setup Android SDK	2026-06-29T21:15:37.3213692Z (B) Google is required to do so by law; or
build	Setup Android SDK	2026-06-29T21:15:37.3213886Z 
build	Setup Android SDK	2026-06-29T21:15:37.3214520Z (C) the partner with whom Google offered certain parts of Google TV Add-on (such as APIs) to you has terminated its relationship with Google or ceased to offer certain parts of the Google TV Add-on to you; or
build	Setup Android SDK	2026-06-29T21:15:37.3215241Z 
build	Setup Android SDK	2026-06-29T21:15:37.3216292Z (D) Google decides to no longer providing the Google TV Add-on or certain parts of the Google TV Add-on to users in the country in which you are resident or from which you use the service, or the provision of the Google TV Add-on or certain Google TV Add-on services to you by Google is, in Google's sole discretion, no longer commercially viable.
build	Setup Android SDK	2026-06-29T21:15:37.3217588Z 
build	Setup Android SDK	2026-06-29T21:15:37.3219017Z 9.4 When this License Agreement comes to an end, all of the legal rights, obligations and liabilities that you and Google have benefited from, been subject to (or which have accrued over time whilst this License Agreement has been in force) or which are expressed to continue indefinitely, shall be unaffected by this cessation, and the provisions of paragraph 14.7 shall continue to apply to such rights, obligations and liabilities indefinitely.
build	Setup Android SDK	2026-06-29T21:15:37.3220759Z 
build	Setup Android SDK	2026-06-29T21:15:37.3220876Z 10. DISCLAIMER OF WARRANTIES
build	Setup Android SDK	2026-06-29T21:15:37.3221040Z 
build	Setup Android SDK	2026-06-29T21:15:37.3221646Z 10.1 YOU EXPRESSLY UNDERSTAND AND AGREE THAT YOUR USE OF THE GOOGLE TV ADD-ON IS AT YOUR SOLE RISK AND THAT THE GOOGLE TV ADD-ON IS PROVIDED "AS IS" AND "AS AVAILABLE" WITHOUT WARRANTY OF ANY KIND FROM GOOGLE.
build	Setup Android SDK	2026-06-29T21:15:37.3222346Z 
build	Setup Android SDK	2026-06-29T21:15:37.3223233Z 10.2 YOUR USE OF THE GOOGLE TV ADD-ON AND ANY MATERIAL DOWNLOADED OR OTHERWISE OBTAINED THROUGH THE USE OF THE GOOGLE TV ADD-ON IS AT YOUR OWN DISCRETION AND RISK AND YOU ARE SOLELY RESPONSIBLE FOR ANY DAMAGE TO YOUR COMPUTER SYSTEM OR OTHER DEVICE OR LOSS OF DATA THAT RESULTS FROM SUCH USE.
build	Setup Android SDK	2026-06-29T21:15:37.3224219Z 
build	Setup Android SDK	2026-06-29T21:15:37.3225048Z 10.3 GOOGLE FURTHER EXPRESSLY DISCLAIMS ALL WARRANTIES AND CONDITIONS OF ANY KIND, WHETHER EXPRESS OR IMPLIED, INCLUDING, BUT NOT LIMITED TO THE IMPLIED WARRANTIES AND CONDITIONS OF MERCHANTABILITY, FITNESS FOR A PARTICULAR PURPOSE AND NON-INFRINGEMENT.
build	Setup Android SDK	2026-06-29T21:15:37.3225956Z 
build	Setup Android SDK	2026-06-29T21:15:37.3226052Z 11. LIMITATION OF LIABILITY
build	Setup Android SDK	2026-06-29T21:15:37.3226201Z 
build	Setup Android SDK	2026-06-29T21:15:37.3227622Z 11.1 YOU EXPRESSLY UNDERSTAND AND AGREE THAT GOOGLE, ITS SUBSIDIARIES AND AFFILIATES, AND ITS LICENSORS SHALL NOT BE LIABLE TO YOU UNDER ANY THEORY OF LIABILITY FOR ANY DIRECT, INDIRECT, INCIDENTAL, SPECIAL CONSEQUENTIAL OR EXEMPLARY DAMAGES THAT MAY BE INCURRED BY YOU, INCLUDING ANY LOSS OF DATA, WHETHER OR NOT GOOGLE OR ITS REPRESENTATIVES HAVE BEEN ADVISED OF OR SHOULD HAVE BEEN AWARE OF THE POSSIBILITY OF ANY SUCH LOSSES ARISING.
build	Setup Android SDK	2026-06-29T21:15:37.3229135Z 
build	Setup Android SDK	2026-06-29T21:15:37.3229222Z 12. Indemnification
build	Setup Android SDK	2026-06-29T21:15:37.3229419Z 
build	Setup Android SDK	2026-06-29T21:15:37.3232044Z 12.1 To the maximum extent permitted by law, you agree to defend, indemnify and hold harmless Google, its affiliates and their respective directors, officers, employees and agents from and against any and all claims, actions, suits or proceedings, as well as any and all losses, liabilities, damages, costs and expenses (including reasonable attorneys fees) arising out of or accruing from (a) your use of the Google TV Add-on, (b) any application you develop on the Google TV Add-on that infringes any copyright, trademark, trade secret, trade dress, patent or other intellectual property right of any person or defames any person or violates their rights of publicity or privacy, and (c) any non-compliance by you with this License Agreement.
build	Setup Android SDK	2026-06-29T21:15:37.3234710Z 
build	Setup Android SDK	2026-06-29T21:15:37.3234811Z 13. Changes to the License Agreement
build	Setup Android SDK	2026-06-29T21:15:37.3234991Z 
build	Setup Android SDK	2026-06-29T21:15:37.3235291Z 13.1 Google may make changes to the License Agreement as it distributes new versions of the Google TV Add-on.
build	Setup Android SDK	2026-06-29T21:15:37.3235704Z 
build	Setup Android SDK	2026-06-29T21:15:37.3235795Z 14. General Legal Terms
build	Setup Android SDK	2026-06-29T21:15:37.3235929Z 
build	Setup Android SDK	2026-06-29T21:15:37.3236981Z 14.1 This License Agreement constitute the whole legal agreement between you and Google and govern your use of the Google TV Add-on (excluding any services which Google may provide to you under a separate written agreement), and completely replace any prior agreements between you and Google in relation to the Google TV Add-on.
build	Setup Android SDK	2026-06-29T21:15:37.3238119Z 
build	Setup Android SDK	2026-06-29T21:15:37.3239108Z 14.2 You agree that if Google does not exercise or enforce any legal right or remedy which is contained in this License Agreement (or which Google has the benefit of under any applicable law), this will not be taken to be a formal waiver of Google's rights and that those rights or remedies will still be available to Google.
build	Setup Android SDK	2026-06-29T21:15:37.3240327Z 
build	Setup Android SDK	2026-06-29T21:15:37.3241764Z 14.3 If any court of law, having the jurisdiction to decide on this matter, rules that any provision of this License Agreement is invalid, then that provision will be removed from this License Agreement without affecting the rest of this License Agreement. The remaining provisions of this License Agreement will continue to be valid and enforceable.
build	Setup Android SDK	2026-06-29T21:15:37.3242997Z 
build	Setup Android SDK	2026-06-29T21:15:37.3244863Z 14.4 You acknowledge and agree that Google’s API data licensors and each member of the group of companies of which Google is the parent shall be third party beneficiaries to this License Agreement and that such other companies shall be entitled to directly enforce, and rely upon, any provision of this License Agreement that confers a benefit on (or rights in favor of) them. Other than this, no other person or company shall be third party beneficiaries to this License Agreement.
build	Setup Android SDK	2026-06-29T21:15:37.3246509Z 
build	Setup Android SDK	2026-06-29T21:15:37.3247422Z 14.5 EXPORT RESTRICTIONS. THE GOOGLE TV ADD-ON IS SUBJECT TO UNITED STATES EXPORT LAWS AND REGULATIONS. YOU MUST COMPLY WITH ALL DOMESTIC AND INTERNATIONAL EXPORT LAWS AND REGULATIONS THAT APPLY TO THE GOOGLE TV ADD-ON. THESE LAWS INCLUDE RESTRICTIONS ON DESTINATIONS, END USERS AND END USE.
build	Setup Android SDK	2026-06-29T21:15:37.3248448Z 
build	Setup Android SDK	2026-06-29T21:15:37.3249536Z 14.6 The rights granted in this License Agreement may not be assigned or transferred by either you or Google without the prior written approval of the other party. Neither you nor Google shall be permitted to delegate their responsibilities or obligations under this License Agreement without the prior written approval of the other party.
build	Setup Android SDK	2026-06-29T21:15:37.3250912Z 
build	Setup Android SDK	2026-06-29T21:15:37.3252747Z 14.7 This License Agreement, and your relationship with Google under this License Agreement, shall be governed by the laws of the State of California without regard to its conflict of laws provisions. You and Google agree to submit to the exclusive jurisdiction of the courts located within the county of Santa Clara, California to resolve any legal matter arising from this License Agreement. Notwithstanding this, you agree that Google shall still be allowed to apply for injunctive remedies (or an equivalent type of urgent legal relief) in any jurisdiction.
build	Setup Android SDK	2026-06-29T21:15:37.3254674Z 
build	Setup Android SDK	2026-06-29T21:15:37.3255168Z 
build	Setup Android SDK	2026-06-29T21:15:37.3255271Z August 15, 2011
build	Setup Android SDK	2026-06-29T21:15:37.3255506Z ---------------------------------------
build	Setup Android SDK	2026-06-29T21:15:37.3255798Z Accept? (y/N): 
build	Setup Android SDK	2026-06-29T21:15:37.3256173Z 2/6: License android-googlexr-license:
build	Setup Android SDK	2026-06-29T21:15:37.3256461Z ---------------------------------------
build	Setup Android SDK	2026-06-29T21:15:37.3257439Z To get started with the Android XR Emulator System Image SDK, you must agree to the following terms and conditions. As described below, please note that this is a preview, emulated version of the Android XR OS, subject to change, that you use at your own risk.
build	Setup Android SDK	2026-06-29T21:15:37.3258344Z 
build	Setup Android SDK	2026-06-29T21:15:37.3258519Z This is the Android XR Emulator System Image SDK License Agreement
build	Setup Android SDK	2026-06-29T21:15:37.3258788Z 
build	Setup Android SDK	2026-06-29T21:15:37.3258866Z 1. Introduction
build	Setup Android SDK	2026-06-29T21:15:37.3258991Z 
build	Setup Android SDK	2026-06-29T21:15:37.3260417Z 1.1 The Android Android XR Emulator System Image SDK (referred to in the License Agreement as the "SDK" and specifically including the Android system files,, packaged APIs, library files (if and when they are made available), and Google applications and APIs add-ons) is licensed to you subject to the terms of the License Agreement. The License Agreement forms a legally binding contract between you and Google in relation to your use of the SDK.
build	Setup Android SDK	2026-06-29T21:15:37.3262336Z 
build	Setup Android SDK	2026-06-29T21:15:37.3263029Z 1.2 "Android" means the Android software stack for devices, as made available under the Android Open Source Project, which is located at the following URL: https://source.android.com/, as updated from time to time.
build	Setup Android SDK	2026-06-29T21:15:37.3264107Z 
build	Setup Android SDK	2026-06-29T21:15:37.3264774Z 1.3 "Google" means Google LLC, organized under the laws of the State of Delaware, USA, and operating under the laws of the USA with principal place of business at 1600 Amphitheatre Parkway, Mountain View, CA 94043, USA.
build	Setup Android SDK	2026-06-29T21:15:37.3265529Z 
build	Setup Android SDK	2026-06-29T21:15:37.3265627Z 2. Accepting this License Agreement
build	Setup Android SDK	2026-06-29T21:15:37.3265953Z 
build	Setup Android SDK	2026-06-29T21:15:37.3266358Z 2.1 In order to use the SDK, you must first agree to the License Agreement. You may not use the SDK if you do not accept the License Agreement.
build	Setup Android SDK	2026-06-29T21:15:37.3266899Z 
build	Setup Android SDK	2026-06-29T21:15:37.3267176Z 2.2 By clicking to accept and/or using this SDK, you hereby agree to the terms of the License Agreement.
build	Setup Android SDK	2026-06-29T21:15:37.3267557Z 
build	Setup Android SDK	2026-06-29T21:15:37.3268318Z 2.3 You may not use the SDK and may not accept the License Agreement if you are a person barred from receiving the SDK under the laws of the United States or other countries, including the country in which you are resident or from which you use the SDK.
build	Setup Android SDK	2026-06-29T21:15:37.3269177Z 
build	Setup Android SDK	2026-06-29T21:15:37.3270333Z 2.4 If you are agreeing to be bound by the License Agreement on behalf of your employer or other entity, you represent and warrant that you have full legal authority to bind your employer or such entity to the License Agreement. If you do not have the requisite authority, you may not accept the License Agreement or use the SDK on behalf of your employer or other entity.
build	Setup Android SDK	2026-06-29T21:15:37.3271796Z 
build	Setup Android SDK	2026-06-29T21:15:37.3271891Z 3. SDK License from Google
build	Setup Android SDK	2026-06-29T21:15:37.3272054Z 
build	Setup Android SDK	2026-06-29T21:15:37.3272773Z 3.1 Subject to the terms of the License Agreement, Google grants you a limited, worldwide, royalty-free, non-assignable, non-exclusive, and non-sublicensable license to use the SDK solely to develop applications for Android XR.
build	Setup Android SDK	2026-06-29T21:15:37.3273590Z 
build	Setup Android SDK	2026-06-29T21:15:37.3274262Z 3.2 You may not use this SDK to develop applications for other platforms or to develop another SDK. You are of course free to develop applications for other platforms provided that this SDK is not used for that purpose.
build	Setup Android SDK	2026-06-29T21:15:37.3275658Z 
build	Setup Android SDK	2026-06-29T21:15:37.3276946Z 3.3 You agree that Google or third parties own all legal right, title and interest in and to the SDK, including any Intellectual Property Rights that subsist in the SDK. "Intellectual Property Rights" means any and all rights under patent law, copyright law, trade secret law, trademark law, and any and all other proprietary rights. Google reserves all rights not expressly granted to you.
build	Setup Android SDK	2026-06-29T21:15:37.3278480Z 
build	Setup Android SDK	2026-06-29T21:15:37.3280328Z 3.4 You may not use the SDK for any purpose not expressly permitted by the License Agreement. Except to the extent required by applicable third party licenses, you may not (a) copy (except for backup purposes), modify, adapt, redistribute, decompile, reverse engineer, disassemble, or create derivative works of the SDK or any part of the SDK; or (b) load any part of the SDK onto a mobile handset or any other hardware device except a personal computer, combine any part of the SDK with other software, or distribute any software or device incorporating a part of the SDK.
build	Setup Android SDK	2026-06-29T21:15:37.3282568Z 
build	Setup Android SDK	2026-06-29T21:15:37.3283924Z 3.5 Use, reproduction and distribution of components of the SDK licensed under an open source software license are governed solely by the terms of that open source software license and not the License Agreement. You agree to remain a licensee in good standing in regard to such open source software licenses under all the rights granted and to refrain from any actions that may terminate, suspend, or breach such rights.
build	Setup Android SDK	2026-06-29T21:15:37.3285366Z 
build	Setup Android SDK	2026-06-29T21:15:37.3288499Z 3.6 You agree that the form and nature of the SDK that Google provides may change without prior notice to you and that future versions of the SDK may be incompatible with applications developed on previous versions of the SDK. You agree that Google may stop (permanently or temporarily) providing the SDK (or any features within the SDK) to you or to users generally at Google's sole discretion, without prior notice to you.
build	Setup Android SDK	2026-06-29T21:15:37.3290177Z 
build	Setup Android SDK	2026-06-29T21:15:37.3291022Z 3.7 Nothing in the License Agreement gives you a right to use any of Google's trade names, trademarks, service marks, logos, domain names, or other distinctive brand features.
build	Setup Android SDK	2026-06-29T21:15:37.3291669Z 
build	Setup Android SDK	2026-06-29T21:15:37.3292248Z 3.8 You agree that you will not remove, obscure, or alter any proprietary rights notices (including copyright and trademark notices) that may be affixed to or contained within the SDK.
build	Setup Android SDK	2026-06-29T21:15:37.3292922Z 
build	Setup Android SDK	2026-06-29T21:15:37.3293019Z 4. Use of the SDK by You
build	Setup Android SDK	2026-06-29T21:15:37.3293164Z 
build	Setup Android SDK	2026-06-29T21:15:37.3294003Z 4.1 Google agrees that it obtains no right, title or interest from you (or your licensors) under the License Agreement in or to any software applications that you develop using the SDK, including any intellectual property rights that subsist in those applications.
build	Setup Android SDK	2026-06-29T21:15:37.3294934Z 
build	Setup Android SDK	2026-06-29T21:15:37.3296070Z 4.2 You agree to use the SDK and write applications only for purposes that are permitted by (a) the License Agreement and (b) any applicable law, regulation or generally accepted practices or guidelines in the relevant jurisdictions (including any laws regarding the export of data or software to and from the United States or other relevant countries).
build	Setup Android SDK	2026-06-29T21:15:37.3297289Z 
build	Setup Android SDK	2026-06-29T21:15:37.3299857Z 4.3 You agree that if you use the SDK to develop applications for general public users, you will protect the privacy and legal rights of those users. If the users provide you with user names, passwords, or other login information or personal information, you must make the users aware that the information will be available to your application, and you must provide legally adequate privacy notice and protection for those users. If your application stores personal or sensitive information provided by users, it must do so securely. If the user provides your application with Google Account information, your application may only use that information to access the user's Google Account when, and for the limited purposes for which, the user has given you permission to do so.
build	Setup Android SDK	2026-06-29T21:15:37.3302748Z 
build	Setup Android SDK	2026-06-29T21:15:37.3303889Z 4.4 You agree that you will not engage in any activity with the SDK, including the development or distribution of an application, that interferes with, disrupts, damages, or accesses in an unauthorized manner the servers, networks, or other properties or services of any third party including, but not limited to, Google or any mobile communications carrier.
build	Setup Android SDK	2026-06-29T21:15:37.3305307Z 
build	Setup Android SDK	2026-06-29T21:15:37.3306431Z 4.5 You agree that you are solely responsible for (and that Google has no responsibility to you or to any third party for) any data, content, or resources that you create, transmit or display through Android and/or applications for Android, and for the consequences of your actions (including any loss or damage which Google may suffer) by doing so.
build	Setup Android SDK	2026-06-29T21:15:37.3307625Z 
build	Setup Android SDK	2026-06-29T21:15:37.3308881Z 4.6 You agree that you are solely responsible for (and that Google has no responsibility to you or to any third party for) any breach of your obligations under the License Agreement, any applicable third party contract or Terms of Service, or any applicable law or regulation, and for the consequences (including any loss or damage which Google or any third party may suffer) of any such breach.
build	Setup Android SDK	2026-06-29T21:15:37.3310232Z 
build	Setup Android SDK	2026-06-29T21:15:37.3311358Z 4.7 The SDK is in development, and your testing and feedback are an important part of the development process. By using the SDK, you acknowledge that implementation of some features are still under development and that you should not rely on the SDK having the full functionality of a stable release.
build	Setup Android SDK	2026-06-29T21:15:37.3312398Z 
build	Setup Android SDK	2026-06-29T21:15:37.3312500Z 5. Your Developer Credentials
build	Setup Android SDK	2026-06-29T21:15:37.3312661Z 
build	Setup Android SDK	2026-06-29T21:15:37.3313566Z 5.1 You agree that you are responsible for maintaining the confidentiality of any developer credentials that may be issued to you by Google or which you may choose yourself and that you will be solely responsible for all applications that are developed under your developer credentials.
build	Setup Android SDK	2026-06-29T21:15:37.3314681Z 
build	Setup Android SDK	2026-06-29T21:15:37.3314773Z 6. Privacy and Information
build	Setup Android SDK	2026-06-29T21:15:37.3314927Z 
build	Setup Android SDK	2026-06-29T21:15:37.3316456Z 6.1 In order to continually innovate and improve the SDK, Google may collect certain usage statistics from the software including but not limited to a unique identifier, associated IP address, version number of the software, and information on which tools and/or services in the SDK are being used and how they are being used. Before any of this information is collected, the SDK will notify you and seek your consent. If you withhold consent, the information will not be collected.
build	Setup Android SDK	2026-06-29T21:15:37.3318106Z 
build	Setup Android SDK	2026-06-29T21:15:37.3318759Z 6.2 The data collected is examined in the aggregate to improve the SDK and is maintained in accordance with Google's Privacy Policy, which is located at the following URL: https://policies.google.com/privacy
build	Setup Android SDK	2026-06-29T21:15:37.3319492Z 
build	Setup Android SDK	2026-06-29T21:15:37.3319778Z 6.3 Anonymized and aggregated sets of the data may be shared with Google partners to improve the SDK.
build	Setup Android SDK	2026-06-29T21:15:37.3320157Z 
build	Setup Android SDK	2026-06-29T21:15:37.3320257Z 7. Third Party Applications
build	Setup Android SDK	2026-06-29T21:15:37.3320416Z 
build	Setup Android SDK	2026-06-29T21:15:37.3322510Z 7.1 If you use the SDK to run applications developed by a third party or that access data, content or resources provided by a third party, you agree that Google is not responsible for those applications, data, content, or resources. You understand that all data, content or resources which you may access through such third party applications are the sole responsibility of the person from which they originated and that Google is not liable for any loss or damage that you may experience as a result of the use or access of any of those third party applications, data, content, or resources.
build	Setup Android SDK	2026-06-29T21:15:37.3324507Z 
build	Setup Android SDK	2026-06-29T21:15:37.3326069Z 7.2 You should be aware that the data, content, and resources presented to you through such a third party application may be protected by intellectual property rights which are owned by the providers (or by other persons or companies on their behalf). You may not modify, rent, lease, loan, sell, distribute or create derivative works based on these data, content, or resources (either in whole or in part) unless you have been specifically given permission to do so by the relevant owners.
build	Setup Android SDK	2026-06-29T21:15:37.3327858Z 
build	Setup Android SDK	2026-06-29T21:15:37.3328697Z 7.3 You acknowledge that your use of such third party applications, data, content, or resources may be subject to separate terms between you and the relevant third party. In that case, the License Agreement does not affect your legal relationship with these third parties.
build	Setup Android SDK	2026-06-29T21:15:37.3329642Z 
build	Setup Android SDK	2026-06-29T21:15:37.3329726Z 8. Using Android APIs
build	Setup Android SDK	2026-06-29T21:15:37.3329863Z 
build	Setup Android SDK	2026-06-29T21:15:37.3329944Z 8.1 Google Data APIs
build	Setup Android SDK	2026-06-29T21:15:37.3330080Z 
build	Setup Android SDK	2026-06-29T21:15:37.3331851Z 8.1.1 If you use any API to retrieve data from Google, you acknowledge that the data may be protected by intellectual property rights which are owned by Google or those parties that provide the data (or by other persons or companies on their behalf). Your use of any such API may be subject to additional Terms of Service. You may not modify, rent, lease, loan, sell, distribute or create derivative works based on this data (either in whole or in part) unless allowed by the relevant Terms of Service.
build	Setup Android SDK	2026-06-29T21:15:37.3333543Z 
build	Setup Android SDK	2026-06-29T21:15:37.3336328Z 8.1.2 If you use any API to retrieve a user's data from Google, you acknowledge and agree that you shall retrieve data only with the user's explicit consent and only when, and for the limited purposes for which, the user has given you permission to do so. If you use the Android Recognition Service API, documented at the following URL: https://developer.android.com/reference/android/speech/RecognitionService, as updated from time to time, you acknowledge that the use of the API is subject to the Data Processing Addendum for Products where Google is a Data Processor, which is located at the following URL: https://privacy.google.com/businesses/gdprprocessorterms/, as updated from time to time. By clicking to accept, you hereby agree to the terms of the Data Processing Addendum for Products where Google is a Data Processor.
build	Setup Android SDK	2026-06-29T21:15:37.3339301Z 
build	Setup Android SDK	2026-06-29T21:15:37.3339414Z 9. Terminating this License Agreement
build	Setup Android SDK	2026-06-29T21:15:37.3339594Z 
build	Setup Android SDK	2026-06-29T21:15:37.3339903Z 9.1 The License Agreement will continue to apply until terminated by either you or Google as set out below.
build	Setup Android SDK	2026-06-29T21:15:37.3340306Z 
build	Setup Android SDK	2026-06-29T21:15:37.3340976Z 9.2 If you want to terminate the License Agreement, you may do so by ceasing your use of the SDK and any relevant developer credentials.
build	Setup Android SDK	2026-06-29T21:15:37.3341478Z 
build	Setup Android SDK	2026-06-29T21:15:37.3343514Z 9.3 Google may at any time, terminate the License Agreement with you if: (A) you have breached any provision of the License Agreement; or (B) Google is required to do so by law; or (C) the partner with whom Google offered certain parts of SDK (such as APIs) to you has terminated its relationship with Google or ceased to offer certain parts of the SDK to you; or (D) Google decides to no longer provide the SDK or certain parts of the SDK to users in the country in which you are resident or from which you use the service, or the provision of the SDK or certain SDK services to you by Google is, in Google's sole discretion, no longer commercially viable.
build	Setup Android SDK	2026-06-29T21:15:37.3345629Z 
build	Setup Android SDK	2026-06-29T21:15:37.3347050Z 9.4 When the License Agreement comes to an end, all of the legal rights, obligations and liabilities that you and Google have benefited from, been subject to (or which have accrued over time whilst the License Agreement has been in force) or which are expressed to continue indefinitely, shall be unaffected by this cessation, and the provisions of paragraph 14.7 shall continue to apply to such rights, obligations and liabilities indefinitely.
build	Setup Android SDK	2026-06-29T21:15:37.3348560Z 
build	Setup Android SDK	2026-06-29T21:15:37.3348653Z 10. DISCLAIMER OF WARRANTIES
build	Setup Android SDK	2026-06-29T21:15:37.3348813Z 
build	Setup Android SDK	2026-06-29T21:15:37.3349328Z 10.1 YOU EXPRESSLY UNDERSTAND AND AGREE THAT YOUR USE OF THE SDK IS AT YOUR SOLE RISK AND THAT THE SDK IS PROVIDED "AS IS" AND "AS AVAILABLE" WITHOUT WARRANTY OF ANY KIND FROM GOOGLE.
build	Setup Android SDK	2026-06-29T21:15:37.3349945Z 
build	Setup Android SDK	2026-06-29T21:15:37.3350943Z 10.2 YOUR USE OF THE SDK AND ANY MATERIAL DOWNLOADED OR OTHERWISE OBTAINED THROUGH THE USE OF THE SDK IS AT YOUR OWN DISCRETION AND RISK AND YOU ARE SOLELY RESPONSIBLE FOR ANY DAMAGE TO YOUR COMPUTER SYSTEM OR OTHER DEVICE OR LOSS OF DATA THAT RESULTS FROM SUCH USE.
build	Setup Android SDK	2026-06-29T21:15:37.3352009Z 
build	Setup Android SDK	2026-06-29T21:15:37.3352821Z 10.3 GOOGLE FURTHER EXPRESSLY DISCLAIMS ALL WARRANTIES AND CONDITIONS OF ANY KIND, WHETHER EXPRESS OR IMPLIED, INCLUDING, BUT NOT LIMITED TO THE IMPLIED WARRANTIES AND CONDITIONS OF MERCHANTABILITY, FITNESS FOR A PARTICULAR PURPOSE AND NON-INFRINGEMENT.
build	Setup Android SDK	2026-06-29T21:15:37.3353726Z 
build	Setup Android SDK	2026-06-29T21:15:37.3353817Z 11. LIMITATION OF LIABILITY
build	Setup Android SDK	2026-06-29T21:15:37.3353973Z 
build	Setup Android SDK	2026-06-29T21:15:37.3355375Z 11.1 YOU EXPRESSLY UNDERSTAND AND AGREE THAT GOOGLE, ITS SUBSIDIARIES AND AFFILIATES, AND ITS LICENSORS SHALL NOT BE LIABLE TO YOU UNDER ANY THEORY OF LIABILITY FOR ANY DIRECT, INDIRECT, INCIDENTAL, SPECIAL, CONSEQUENTIAL OR EXEMPLARY DAMAGES THAT MAY BE INCURRED BY YOU, INCLUDING ANY LOSS OF DATA, WHETHER OR NOT GOOGLE OR ITS REPRESENTATIVES HAVE BEEN ADVISED OF OR SHOULD HAVE BEEN AWARE OF THE POSSIBILITY OF ANY SUCH LOSSES ARISING.
build	Setup Android SDK	2026-06-29T21:15:37.3356869Z 
build	Setup Android SDK	2026-06-29T21:15:37.3356959Z 12. Indemnification
build	Setup Android SDK	2026-06-29T21:15:37.3357084Z 
build	Setup Android SDK	2026-06-29T21:15:37.3359450Z 12.1 To the maximum extent permitted by law, you agree to defend, indemnify and hold harmless Google, its affiliates and their respective directors, officers, employees and agents from and against any and all claims, actions, suits or proceedings, as well as any and all losses, liabilities, damages, costs and expenses (including reasonable attorneys fees) arising out of or accruing from (a) your use of the SDK, (b) any application you develop on the SDK that infringes any copyright, trademark, trade secret, trade dress, patent or other intellectual property right of any person or defames any person or violates their rights of publicity or privacy, and (c) any non-compliance by you with the License Agreement.
build	Setup Android SDK	2026-06-29T21:15:37.3362199Z 
build	Setup Android SDK	2026-06-29T21:15:37.3362310Z 13. Changes to the License Agreement
build	Setup Android SDK	2026-06-29T21:15:37.3362499Z 
build	Setup Android SDK	2026-06-29T21:15:37.3363232Z 13.1 Google may make changes to the License Agreement as it distributes new versions of the SDK. When these changes are made, Google will make a new version of the License Agreement available on the website where the SDK is made available.
build	Setup Android SDK	2026-06-29T21:15:37.3364059Z 
build	Setup Android SDK	2026-06-29T21:15:37.3364150Z 14. General Legal Terms
build	Setup Android SDK	2026-06-29T21:15:37.3393718Z 
build	Setup Android SDK	2026-06-29T21:15:37.3395458Z 14.1 The License Agreement constitutes the whole legal agreement between you and Google and governs your use of the SDK (excluding any services which Google may provide to you under a separate written agreement), and completely replaces any prior agreements between you and Google in relation to the SDK.
build	Setup Android SDK	2026-06-29T21:15:37.3397382Z 
build	Setup Android SDK	2026-06-29T21:15:37.3399493Z 14.2 You agree that if Google does not exercise or enforce any legal right or remedy which is contained in the License Agreement (or which Google has the benefit of under any applicable law), this will not be taken to be a formal waiver of Google's rights and that those rights or remedies will still be available to Google.
build	Setup Android SDK	2026-06-29T21:15:37.3401911Z 
build	Setup Android SDK	2026-06-29T21:15:37.3403262Z 14.3 If any court of law, having the jurisdiction to decide on this matter, rules that any provision of the License Agreement is invalid, then that provision will be removed from the License Agreement without affecting the rest of the License Agreement. The remaining provisions of the License Agreement will continue to be valid and enforceable.
build	Setup Android SDK	2026-06-29T21:15:37.3404489Z 
build	Setup Android SDK	2026-06-29T21:15:37.3405923Z 14.4 You acknowledge and agree that each member of the group of companies of which Google is the parent shall be third party beneficiaries to the License Agreement and that such other companies shall be entitled to directly enforce, and rely upon, any provision of the License Agreement that confers a benefit on (or rights in favor of) them. Other than this, no other person or company shall be third party beneficiaries to the License Agreement.
build	Setup Android SDK	2026-06-29T21:15:37.3407649Z 
build	Setup Android SDK	2026-06-29T21:15:37.3408505Z 14.5 EXPORT RESTRICTIONS. THE SDK IS SUBJECT TO UNITED STATES EXPORT LAWS AND REGULATIONS. YOU MUST COMPLY WITH ALL DOMESTIC AND INTERNATIONAL EXPORT LAWS AND REGULATIONS THAT APPLY TO THE SDK. THESE LAWS INCLUDE RESTRICTIONS ON DESTINATIONS, END USERS AND END USE.
build	Setup Android SDK	2026-06-29T21:15:37.3409436Z 
build	Setup Android SDK	2026-06-29T21:15:37.3410731Z 14.6 The rights granted in the License Agreement may not be assigned or transferred by either you or Google without the prior written approval of the other party. Neither you nor Google shall be permitted to delegate their responsibilities or obligations under the License Agreement without the prior written approval of the other party.
build	Setup Android SDK	2026-06-29T21:15:37.3412005Z 
build	Setup Android SDK	2026-06-29T21:15:37.3413867Z 14.7 The License Agreement, and your relationship with Google under the License Agreement, shall be governed by the laws of the State of California without regard to its conflict of laws provisions. You and Google agree to submit to the exclusive jurisdiction of the courts located within the county of Santa Clara, California to resolve any legal matter arising from the License Agreement. Notwithstanding this, you agree that Google shall still be allowed to apply for injunctive remedies (or an equivalent type of urgent legal relief) in any jurisdiction.
build	Setup Android SDK	2026-06-29T21:15:37.3415874Z ---------------------------------------
build	Setup Android SDK	2026-06-29T21:15:37.3416147Z Accept? (y/N): 
build	Setup Android SDK	2026-06-29T21:15:37.3416389Z 3/6: License android-sdk-arm-dbt-license:
build	Setup Android SDK	2026-06-29T21:15:37.3416845Z ---------------------------------------
build	Setup Android SDK	2026-06-29T21:15:37.3417104Z Terms and Conditions
build	Setup Android SDK	2026-06-29T21:15:37.3417237Z 
build	Setup Android SDK	2026-06-29T21:15:37.3417404Z This is the Android Software Development Kit License Agreement
build	Setup Android SDK	2026-06-29T21:15:37.3417658Z 
build	Setup Android SDK	2026-06-29T21:15:37.3417745Z 1. Introduction
build	Setup Android SDK	2026-06-29T21:15:37.3417870Z 
build	Setup Android SDK	2026-06-29T21:15:37.3419027Z 1.1 The Android Software Development Kit (referred to in the License Agreement as the "SDK" and specifically including the Android system files, packaged APIs, and Google APIs add-ons) is licensed to you subject to the terms of the License Agreement. The License Agreement forms a legally binding contract between you and Google in relation to your use of the SDK.
build	Setup Android SDK	2026-06-29T21:15:37.3420277Z 
build	Setup Android SDK	2026-06-29T21:15:37.3421167Z 1.2 "Android" means the Android software stack for devices, as made available under the Android Open Source Project, which is located at the following URL: http://source.android.com/, as updated from time to time.
build	Setup Android SDK	2026-06-29T21:15:37.3421930Z 
build	Setup Android SDK	2026-06-29T21:15:37.3423522Z 1.3 A "compatible implementation" means any Android device that (i) complies with the Android Compatibility Definition document, which can be found at the Android compatibility website (http://source.android.com/compatibility) and which may be updated from time to time; and (ii) successfully passes the Android Compatibility Test Suite (CTS).
build	Setup Android SDK	2026-06-29T21:15:37.3425788Z 
build	Setup Android SDK	2026-06-29T21:15:37.3426687Z 1.4 "Google" means Google Inc., a Delaware corporation with principal place of business at 1600 Amphitheatre Parkway, Mountain View, CA 94043, United States.
build	Setup Android SDK	2026-06-29T21:15:37.3427813Z 
build	Setup Android SDK	2026-06-29T21:15:37.3427828Z 
build	Setup Android SDK	2026-06-29T21:15:37.3428013Z 2. Accepting the License Agreement
build	Setup Android SDK	2026-06-29T21:15:37.3428221Z 
build	Setup Android SDK	2026-06-29T21:15:37.3428633Z 2.1 In order to use the SDK, you must first agree to the License Agreement. You may not use the SDK if you do not accept the License Agreement.
build	Setup Android SDK	2026-06-29T21:15:37.3429143Z 
build	Setup Android SDK	2026-06-29T21:15:37.3429362Z 2.2 By clicking to accept, you hereby agree to the terms of the License Agreement.
build	Setup Android SDK	2026-06-29T21:15:37.3429680Z 
build	Setup Android SDK	2026-06-29T21:15:37.3430451Z 2.3 You may not use the SDK and may not accept the License Agreement if you are a person barred from receiving the SDK under the laws of the United States or other countries, including the country in which you are resident or from which you use the SDK.
build	Setup Android SDK	2026-06-29T21:15:37.3431635Z 
build	Setup Android SDK	2026-06-29T21:15:37.3432795Z 2.4 If you are agreeing to be bound by the License Agreement on behalf of your employer or other entity, you represent and warrant that you have full legal authority to bind your employer or such entity to the License Agreement. If you do not have the requisite authority, you may not accept the License Agreement or use the SDK on behalf of your employer or other entity.
build	Setup Android SDK	2026-06-29T21:15:37.3434221Z 
build	Setup Android SDK	2026-06-29T21:15:37.3434225Z 
build	Setup Android SDK	2026-06-29T21:15:37.3434320Z 3. SDK License from Google
build	Setup Android SDK	2026-06-29T21:15:37.3434478Z 
build	Setup Android SDK	2026-06-29T21:15:37.3435300Z 3.1 Subject to the terms of the License Agreement, Google grants you a limited, worldwide, royalty-free, non-assignable, non-exclusive, and non-sublicensable license to use the SDK solely to develop applications for compatible implementations of Android.
build	Setup Android SDK	2026-06-29T21:15:37.3436205Z 
build	Setup Android SDK	2026-06-29T21:15:37.3437268Z 3.2 You may not use this SDK to develop applications for other platforms (including non-compatible implementations of Android) or to develop another SDK. You are of course free to develop applications for other platforms, including non-compatible implementations of Android, provided that this SDK is not used for that purpose.
build	Setup Android SDK	2026-06-29T21:15:37.3438426Z 
build	Setup Android SDK	2026-06-29T21:15:37.3439668Z 3.3 You agree that Google or third parties own all legal right, title and interest in and to the SDK, including any Intellectual Property Rights that subsist in the SDK. "Intellectual Property Rights" means any and all rights under patent law, copyright law, trade secret law, trademark law, and any and all other proprietary rights. Google reserves all rights not expressly granted to you.
build	Setup Android SDK	2026-06-29T21:15:37.3441403Z 
build	Setup Android SDK	2026-06-29T21:15:37.3442488Z 3.4 You may not use the SDK for any purpose not expressly permitted by the License Agreement. Except to the extent required by applicable third party licenses, you may not copy (except for backup purposes), modify, adapt, redistribute, decompile, reverse engineer, disassemble, or create derivative works of the SDK or any part of the SDK.
build	Setup Android SDK	2026-06-29T21:15:37.3443645Z 
build	Setup Android SDK	2026-06-29T21:15:37.3444292Z 3.5 Use, reproduction and distribution of components of the SDK licensed under an open source software license are governed solely by the terms of that open source software license and not the License Agreement.
build	Setup Android SDK	2026-06-29T21:15:37.3445039Z 
build	Setup Android SDK	2026-06-29T21:15:37.3446364Z 3.6 You agree that the form and nature of the SDK that Google provides may change without prior notice to you and that future versions of the SDK may be incompatible with applications developed on previous versions of the SDK. You agree that Google may stop (permanently or temporarily) providing the SDK (or any features within the SDK) to you or to users generally at Google's sole discretion, without prior notice to you.
build	Setup Android SDK	2026-06-29T21:15:37.3447795Z 
build	Setup Android SDK	2026-06-29T21:15:37.3448307Z 3.7 Nothing in the License Agreement gives you a right to use any of Google's trade names, trademarks, service marks, logos, domain names, or other distinctive brand features.
build	Setup Android SDK	2026-06-29T21:15:37.3448920Z 
build	Setup Android SDK	2026-06-29T21:15:37.3449496Z 3.8 You agree that you will not remove, obscure, or alter any proprietary rights notices (including copyright and trademark notices) that may be affixed to or contained within the SDK.
build	Setup Android SDK	2026-06-29T21:15:37.3450157Z 
build	Setup Android SDK	2026-06-29T21:15:37.3450161Z 
build	Setup Android SDK	2026-06-29T21:15:37.3450254Z 4. Use of the SDK by You
build	Setup Android SDK	2026-06-29T21:15:37.3450404Z 
build	Setup Android SDK	2026-06-29T21:15:37.3451501Z 4.1 Google agrees that it obtains no right, title or interest from you (or your licensors) under the License Agreement in or to any software applications that you develop using the SDK, including any intellectual property rights that subsist in those applications.
build	Setup Android SDK	2026-06-29T21:15:37.3452433Z 
build	Setup Android SDK	2026-06-29T21:15:37.3453545Z 4.2 You agree to use the SDK and write applications only for purposes that are permitted by (a) the License Agreement and (b) any applicable law, regulation or generally accepted practices or guidelines in the relevant jurisdictions (including any laws regarding the export of data or software to and from the United States or other relevant countries).
build	Setup Android SDK	2026-06-29T21:15:37.3454758Z 
build	Setup Android SDK	2026-06-29T21:15:37.3457443Z 4.3 You agree that if you use the SDK to develop applications for general public users, you will protect the privacy and legal rights of those users. If the users provide you with user names, passwords, or other login information or personal information, you must make the users aware that the information will be available to your application, and you must provide legally adequate privacy notice and protection for those users. If your application stores personal or sensitive information provided by users, it must do so securely. If the user provides your application with Google Account information, your application may only use that information to access the user's Google Account when, and for the limited purposes for which, the user has given you permission to do so.
build	Setup Android SDK	2026-06-29T21:15:37.3460076Z 
build	Setup Android SDK	2026-06-29T21:15:37.3461404Z 4.4 You agree that you will not engage in any activity with the SDK, including the development or distribution of an application, that interferes with, disrupts, damages, or accesses in an unauthorized manner the servers, networks, or other properties or services of any third party including, but not limited to, Google or any mobile communications carrier.
build	Setup Android SDK	2026-06-29T21:15:37.3462648Z 
build	Setup Android SDK	2026-06-29T21:15:37.3463739Z 4.5 You agree that you are solely responsible for (and that Google has no responsibility to you or to any third party for) any data, content, or resources that you create, transmit or display through Android and/or applications for Android, and for the consequences of your actions (including any loss or damage which Google may suffer) by doing so.
build	Setup Android SDK	2026-06-29T21:15:37.3465050Z 
build	Setup Android SDK	2026-06-29T21:15:37.3466291Z 4.6 You agree that you are solely responsible for (and that Google has no responsibility to you or to any third party for) any breach of your obligations under the License Agreement, any applicable third party contract or Terms of Service, or any applicable law or regulation, and for the consequences (including any loss or damage which Google or any third party may suffer) of any such breach.
build	Setup Android SDK	2026-06-29T21:15:37.3467661Z 
build	Setup Android SDK	2026-06-29T21:15:37.3469167Z 4.7 This software enables the execution of intellectual property owned by Arm Limited. You agree that your use of the software, that allows execution of ARM Instruction Set Architecture (“ISA”) compliant executables for application development and debug only on x86 desktop, laptop, customer on-premise servers, and customer-procured cloud-based environments.
build	Setup Android SDK	2026-06-29T21:15:37.3470449Z 
build	Setup Android SDK	2026-06-29T21:15:37.3470742Z 5. Your Developer Credentials
build	Setup Android SDK	2026-06-29T21:15:37.3470992Z 
build	Setup Android SDK	2026-06-29T21:15:37.3471900Z 5.1 You agree that you are responsible for maintaining the confidentiality of any developer credentials that may be issued to you by Google or which you may choose yourself and that you will be solely responsible for all applications that are developed under your developer credentials.
build	Setup Android SDK	2026-06-29T21:15:37.3472900Z 
build	Setup Android SDK	2026-06-29T21:15:37.3472993Z 6. Privacy and Information
build	Setup Android SDK	2026-06-29T21:15:37.3473152Z 
build	Setup Android SDK	2026-06-29T21:15:37.3474706Z 6.1 In order to continually innovate and improve the SDK, Google may collect certain usage statistics from the software including but not limited to a unique identifier, associated IP address, version number of the software, and information on which tools and/or services in the SDK are being used and how they are being used. Before any of this information is collected, the SDK will notify you and seek your consent. If you withhold consent, the information will not be collected.
build	Setup Android SDK	2026-06-29T21:15:37.3476909Z 
build	Setup Android SDK	2026-06-29T21:15:37.3477478Z 6.2 The data collected is examined in the aggregate to improve the SDK and is maintained in accordance with Google's Privacy Policy.
build	Setup Android SDK	2026-06-29T21:15:37.3477986Z 
build	Setup Android SDK	2026-06-29T21:15:37.3477993Z 
build	Setup Android SDK	2026-06-29T21:15:37.3478100Z 7. Third Party Applications
build	Setup Android SDK	2026-06-29T21:15:37.3478263Z 
build	Setup Android SDK	2026-06-29T21:15:37.3480168Z 7.1 If you use the SDK to run applications developed by a third party or that access data, content or resources provided by a third party, you agree that Google is not responsible for those applications, data, content, or resources. You understand that all data, content or resources which you may access through such third party applications are the sole responsibility of the person from which they originated and that Google is not liable for any loss or damage that you may experience as a result of the use or access of any of those third party applications, data, content, or resources.
build	Setup Android SDK	2026-06-29T21:15:37.3482562Z 
build	Setup Android SDK	2026-06-29T21:15:37.3484115Z 7.2 You should be aware the data, content, and resources presented to you through such a third party application may be protected by intellectual property rights which are owned by the providers (or by other persons or companies on their behalf). You may not modify, rent, lease, loan, sell, distribute or create derivative works based on these data, content, or resources (either in whole or in part) unless you have been specifically given permission to do so by the relevant owners.
build	Setup Android SDK	2026-06-29T21:15:37.3485759Z 
build	Setup Android SDK	2026-06-29T21:15:37.3486609Z 7.3 You acknowledge that your use of such third party applications, data, content, or resources may be subject to separate terms between you and the relevant third party. In that case, the License Agreement does not affect your legal relationship with these third parties.
build	Setup Android SDK	2026-06-29T21:15:37.3487556Z 
build	Setup Android SDK	2026-06-29T21:15:37.3487560Z 
build	Setup Android SDK	2026-06-29T21:15:37.3487644Z 8. Using Android APIs
build	Setup Android SDK	2026-06-29T21:15:37.3487790Z 
build	Setup Android SDK	2026-06-29T21:15:37.3487873Z 8.1 Google Data APIs
build	Setup Android SDK	2026-06-29T21:15:37.3488008Z 
build	Setup Android SDK	2026-06-29T21:15:37.3490820Z 8.1.1 If you use any API to retrieve data from Google, you acknowledge that the data may be protected by intellectual property rights which are owned by Google or those parties that provide the data (or by other persons or companies on their behalf). Your use of any such API may be subject to additional Terms of Service. You may not modify, rent, lease, loan, sell, distribute or create derivative works based on this data (either in whole or in part) unless allowed by the relevant Terms of Service.
build	Setup Android SDK	2026-06-29T21:15:37.3492750Z 
build	Setup Android SDK	2026-06-29T21:15:37.3495526Z 8.1.2 If you use any API to retrieve a user's data from Google, you acknowledge and agree that you shall retrieve data only with the user's explicit consent and only when, and for the limited purposes for which, the user has given you permission to do so. If you use the Android Recognition Service API, documented at the following URL: https://developer.android.com/reference/android/speech/RecognitionService, as updated from time to time, you acknowledge that the use of the API is subject to the Data Processing Addendum for Products where Google is a Data Processor, which is located at the following URL: https://privacy.google.com/businesses/gdprprocessorterms/, as updated from time to time. By clicking to accept, you hereby agree to the terms of the Data Processing Addendum for Products where Google is a Data Processor.
build	Setup Android SDK	2026-06-29T21:15:37.3498813Z 
build	Setup Android SDK	2026-06-29T21:15:37.3498828Z 
build	Setup Android SDK	2026-06-29T21:15:37.3499022Z 9. Terminating the License Agreement
build	Setup Android SDK	2026-06-29T21:15:37.3499377Z 
build	Setup Android SDK	2026-06-29T21:15:37.3499866Z 9.1 The License Agreement will continue to apply until terminated by either you or Google as set out below.
build	Setup Android SDK	2026-06-29T21:15:37.3500293Z 
build	Setup Android SDK	2026-06-29T21:15:37.3500901Z 9.2 If you want to terminate the License Agreement, you may do so by ceasing your use of the SDK and any relevant developer credentials.
build	Setup Android SDK	2026-06-29T21:15:37.3501385Z 
build	Setup Android SDK	2026-06-29T21:15:37.3504647Z 9.3 Google may at any time, terminate the License Agreement with you if: (A) you have breached any provision of the License Agreement; or (B) Google is required to do so by law; or (C) the partner with whom Google offered certain parts of SDK (such as APIs) to you has terminated its relationship with Google or ceased to offer certain parts of the SDK to you; or (D) Google decides to no longer provide the SDK or certain parts of the SDK to users in the country in which you are resident or from which you use the service, or the provision of the SDK or certain SDK services to you by Google is, in Google's sole discretion, no longer commercially viable.
build	Setup Android SDK	2026-06-29T21:15:37.3508832Z 
build	Setup Android SDK	2026-06-29T21:15:37.3511631Z 9.4 When the License Agreement comes to an end, all of the legal rights, obligations and liabilities that you and Google have benefited from, been subject to (or which have accrued over time whilst the License Agreement has been in force) or which are expressed to continue indefinitely, shall be unaffected by this cessation, and the provisions of paragraph 14.7 shall continue to apply to such rights, obligations and liabilities indefinitely.
build	Setup Android SDK	2026-06-29T21:15:37.3514393Z 
build	Setup Android SDK	2026-06-29T21:15:37.3514405Z 
build	Setup Android SDK	2026-06-29T21:15:37.3514593Z 10. DISCLAIMER OF WARRANTIES
build	Setup Android SDK	2026-06-29T21:15:37.3514879Z 
build	Setup Android SDK	2026-06-29T21:15:37.3515836Z 10.1 YOU EXPRESSLY UNDERSTAND AND AGREE THAT YOUR USE OF THE SDK IS AT YOUR SOLE RISK AND THAT THE SDK IS PROVIDED "AS IS" AND "AS AVAILABLE" WITHOUT WARRANTY OF ANY KIND FROM GOOGLE.
build	Setup Android SDK	2026-06-29T21:15:37.3516955Z 
build	Setup Android SDK	2026-06-29T21:15:37.3518419Z 10.2 YOUR USE OF THE SDK AND ANY MATERIAL DOWNLOADED OR OTHERWISE OBTAINED THROUGH THE USE OF THE SDK IS AT YOUR OWN DISCRETION AND RISK AND YOU ARE SOLELY RESPONSIBLE FOR ANY DAMAGE TO YOUR COMPUTER SYSTEM OR OTHER DEVICE OR LOSS OF DATA THAT RESULTS FROM SUCH USE.
build	Setup Android SDK	2026-06-29T21:15:37.3520055Z 
build	Setup Android SDK	2026-06-29T21:15:37.3521743Z 10.3 GOOGLE FURTHER EXPRESSLY DISCLAIMS ALL WARRANTIES AND CONDITIONS OF ANY KIND, WHETHER EXPRESS OR IMPLIED, INCLUDING, BUT NOT LIMITED TO THE IMPLIED WARRANTIES AND CONDITIONS OF MERCHANTABILITY, FITNESS FOR A PARTICULAR PURPOSE AND NON-INFRINGEMENT.
build	Setup Android SDK	2026-06-29T21:15:37.3522983Z 
build	Setup Android SDK	2026-06-29T21:15:37.3522992Z 
build	Setup Android SDK	2026-06-29T21:15:37.3523099Z 11. LIMITATION OF LIABILITY
build	Setup Android SDK	2026-06-29T21:15:37.3523255Z 
build	Setup Android SDK	2026-06-29T21:15:37.3524679Z 11.1 YOU EXPRESSLY UNDERSTAND AND AGREE THAT GOOGLE, ITS SUBSIDIARIES AND AFFILIATES, AND ITS LICENSORS SHALL NOT BE LIABLE TO YOU UNDER ANY THEORY OF LIABILITY FOR ANY DIRECT, INDIRECT, INCIDENTAL, SPECIAL, CONSEQUENTIAL OR EXEMPLARY DAMAGES THAT MAY BE INCURRED BY YOU, INCLUDING ANY LOSS OF DATA, WHETHER OR NOT GOOGLE OR ITS REPRESENTATIVES HAVE BEEN ADVISED OF OR SHOULD HAVE BEEN AWARE OF THE POSSIBILITY OF ANY SUCH LOSSES ARISING.
build	Setup Android SDK	2026-06-29T21:15:37.3526171Z 
build	Setup Android SDK	2026-06-29T21:15:37.3526175Z 
build	Setup Android SDK	2026-06-29T21:15:37.3526258Z 12. Indemnification
build	Setup Android SDK	2026-06-29T21:15:37.3526396Z 
build	Setup Android SDK	2026-06-29T21:15:37.3528724Z 12.1 To the maximum extent permitted by law, you agree to defend, indemnify and hold harmless Google, its affiliates and their respective directors, officers, employees and agents from and against any and all claims, actions, suits or proceedings, as well as any and all losses, liabilities, damages, costs and expenses (including reasonable attorneys fees) arising out of or accruing from (a) your use of the SDK, (b) any application you develop on the SDK that infringes any copyright, trademark, trade secret, trade dress, patent or other intellectual property right of any person or defames any person or violates their rights of publicity or privacy, and (c) any non-compliance by you with the License Agreement.
build	Setup Android SDK	2026-06-29T21:15:37.3531387Z 
build	Setup Android SDK	2026-06-29T21:15:37.3531393Z 
build	Setup Android SDK	2026-06-29T21:15:37.3531505Z 13. Changes to the License Agreement
build	Setup Android SDK	2026-06-29T21:15:37.3531693Z 
build	Setup Android SDK	2026-06-29T21:15:37.3532424Z 13.1 Google may make changes to the License Agreement as it distributes new versions of the SDK. When these changes are made, Google will make a new version of the License Agreement available on the website where the SDK is made available.
build	Setup Android SDK	2026-06-29T21:15:37.3533246Z 
build	Setup Android SDK	2026-06-29T21:15:37.3533250Z 
build	Setup Android SDK	2026-06-29T21:15:37.3533335Z 14. General Legal Terms
build	Setup Android SDK	2026-06-29T21:15:37.3533485Z 
build	Setup Android SDK	2026-06-29T21:15:37.3534442Z 14.1 The License Agreement constitutes the whole legal agreement between you and Google and governs your use of the SDK (excluding any services which Google may provide to you under a separate written agreement), and completely replaces any prior agreements between you and Google in relation to the SDK.
build	Setup Android SDK	2026-06-29T21:15:37.3535522Z 
build	Setup Android SDK	2026-06-29T21:15:37.3536517Z 14.2 You agree that if Google does not exercise or enforce any legal right or remedy which is contained in the License Agreement (or which Google has the benefit of under any applicable law), this will not be taken to be a formal waiver of Google's rights and that those rights or remedies will still be available to Google.
build	Setup Android SDK	2026-06-29T21:15:37.3537755Z 
build	Setup Android SDK	2026-06-29T21:15:37.3538854Z 14.3 If any court of law, having the jurisdiction to decide on this matter, rules that any provision of the License Agreement is invalid, then that provision will be removed from the License Agreement without affecting the rest of the License Agreement. The remaining provisions of the License Agreement will continue to be valid and enforceable.
build	Setup Android SDK	2026-06-29T21:15:37.3540044Z 
build	Setup Android SDK	2026-06-29T21:15:37.3541663Z 14.4 You acknowledge and agree that each member of the group of companies of which Google is the parent shall be third party beneficiaries to the License Agreement and that such other companies shall be entitled to directly enforce, and rely upon, any provision of the License Agreement that confers a benefit on (or rights in favor of) them. Other than this, no other person or company shall be third party beneficiaries to the License Agreement.
build	Setup Android SDK	2026-06-29T21:15:37.3543181Z 
build	Setup Android SDK	2026-06-29T21:15:37.3544017Z 14.5 EXPORT RESTRICTIONS. THE SDK IS SUBJECT TO UNITED STATES EXPORT LAWS AND REGULATIONS. YOU MUST COMPLY WITH ALL DOMESTIC AND INTERNATIONAL EXPORT LAWS AND REGULATIONS THAT APPLY TO THE SDK. THESE LAWS INCLUDE RESTRICTIONS ON DESTINATIONS, END USERS AND END USE.
build	Setup Android SDK	2026-06-29T21:15:37.3544944Z 
build	Setup Android SDK	2026-06-29T21:15:37.3546024Z 14.6 The rights granted in the License Agreement may not be assigned or transferred by either you or Google without the prior written approval of the other party. Neither you nor Google shall be permitted to delegate their responsibilities or obligations under the License Agreement without the prior written approval of the other party.
build	Setup Android SDK	2026-06-29T21:15:37.3547332Z 
build	Setup Android SDK	2026-06-29T21:15:37.3549134Z 14.7 The License Agreement, and your relationship with Google under the License Agreement, shall be governed by the laws of the State of California without regard to its conflict of laws provisions. You and Google agree to submit to the exclusive jurisdiction of the courts located within the county of Santa Clara, California to resolve any legal matter arising from the License Agreement. Notwithstanding this, you agree that Google shall still be allowed to apply for injunctive remedies (or an equivalent type of urgent legal relief) in any jurisdiction.
build	Setup Android SDK	2026-06-29T21:15:37.3551248Z 
build	Setup Android SDK	2026-06-29T21:15:37.3551258Z 
build	Setup Android SDK	2026-06-29T21:15:37.3551342Z January 16, 2019
build	Setup Android SDK	2026-06-29T21:15:37.3551569Z ---------------------------------------
build	Setup Android SDK	2026-06-29T21:15:37.3551832Z Accept? (y/N): 
build	Setup Android SDK	2026-06-29T21:15:37.3552064Z 4/6: License android-sdk-preview-license:
build	Setup Android SDK	2026-06-29T21:15:37.3552352Z ---------------------------------------
build	Setup Android SDK	2026-06-29T21:15:37.3553741Z To get started with the Android SDK Preview, you must agree to the following terms and conditions. As described below, please note that this is a preview version of the Android SDK, subject to change, that you use at your own risk. The Android SDK Preview is not a stable release, and may contain errors and defects that can result in serious damage to your computer systems, devices and data.
build	Setup Android SDK	2026-06-29T21:15:37.3555061Z 
build	Setup Android SDK	2026-06-29T21:15:37.3555263Z This is the Android SDK Preview License Agreement (the "License Agreement").
build	Setup Android SDK	2026-06-29T21:15:37.3555564Z 
build	Setup Android SDK	2026-06-29T21:15:37.3555648Z 1. Introduction
build	Setup Android SDK	2026-06-29T21:15:37.3555764Z 
build	Setup Android SDK	2026-06-29T21:15:37.3557354Z 1.1 The Android SDK Preview (referred to in the License Agreement as the “Preview” and specifically including the Android system files, packaged APIs, and Preview library files, if and when they are made available) is licensed to you subject to the terms of the License Agreement. The License Agreement forms a legally binding contract between you and Google in relation to your use of the Preview.
build	Setup Android SDK	2026-06-29T21:15:37.3558756Z 
build	Setup Android SDK	2026-06-29T21:15:37.3559420Z 1.2 "Android" means the Android software stack for devices, as made available under the Android Open Source Project, which is located at the following URL: http://source.android.com/, as updated from time to time.
build	Setup Android SDK	2026-06-29T21:15:37.3560319Z 
build	Setup Android SDK	2026-06-29T21:15:37.3561018Z 1.3 "Google" means Google Inc., a Delaware corporation with principal place of business at 1600 Amphitheatre Parkway, Mountain View, CA 94043, United States.
build	Setup Android SDK	2026-06-29T21:15:37.3561591Z 
build	Setup Android SDK	2026-06-29T21:15:37.3561700Z 2. Accepting the License Agreement
build	Setup Android SDK	2026-06-29T21:15:37.3561875Z 
build	Setup Android SDK	2026-06-29T21:15:37.3562311Z 2.1 In order to use the Preview, you must first agree to the License Agreement. You may not use the Preview if you do not accept the License Agreement.
build	Setup Android SDK	2026-06-29T21:15:37.3562845Z 
build	Setup Android SDK	2026-06-29T21:15:37.3563137Z 2.2 By clicking to accept and/or using the Preview, you hereby agree to the terms of the License Agreement.
build	Setup Android SDK	2026-06-29T21:15:37.3563532Z 
build	Setup Android SDK	2026-06-29T21:15:37.3564335Z 2.3 You may not use the Preview and may not accept the License Agreement if you are a person barred from receiving the Preview under the laws of the United States or other countries including the country in which you are resident or from which you use the Preview.
build	Setup Android SDK	2026-06-29T21:15:37.3565246Z 
build	Setup Android SDK	2026-06-29T21:15:37.3566676Z 2.4 If you will use the Preview internally within your company or organization you agree to be bound by the License Agreement on behalf of your employer or other entity, and you represent and warrant that you have full legal authority to bind your employer or such entity to the License Agreement. If you do not have the requisite authority, you may not accept the License Agreement or use the Preview on behalf of your employer or other entity.
build	Setup Android SDK	2026-06-29T21:15:37.3568329Z 
build	Setup Android SDK	2026-06-29T21:15:37.3568432Z 3. Preview License from Google
build	Setup Android SDK	2026-06-29T21:15:37.3568597Z 
build	Setup Android SDK	2026-06-29T21:15:37.3569593Z 3.1 Subject to the terms of the License Agreement, Google grants you a royalty-free, non-assignable, non-exclusive, non-sublicensable, limited, revocable license to use the Preview, personally or internally within your company or organization, solely to develop applications to run on the Android platform.
build	Setup Android SDK	2026-06-29T21:15:37.3570911Z 
build	Setup Android SDK	2026-06-29T21:15:37.3572200Z 3.2 You agree that Google or third parties owns all legal right, title and interest in and to the Preview, including any Intellectual Property Rights that subsist in the Preview. "Intellectual Property Rights" means any and all rights under patent law, copyright law, trade secret law, trademark law, and any and all other proprietary rights. Google reserves all rights not expressly granted to you.
build	Setup Android SDK	2026-06-29T21:15:37.3573580Z 
build	Setup Android SDK	2026-06-29T21:15:37.3575509Z 3.3 You may not use the Preview for any purpose not expressly permitted by the License Agreement. Except to the extent required by applicable third party licenses, you may not: (a) copy (except for backup purposes), modify, adapt, redistribute, decompile, reverse engineer, disassemble, or create derivative works of the Preview or any part of the Preview; or (b) load any part of the Preview onto a mobile handset or any other hardware device except a personal computer, combine any part of the Preview with other software, or distribute any software or device incorporating a part of the Preview.
build	Setup Android SDK	2026-06-29T21:15:37.3577523Z 
build	Setup Android SDK	2026-06-29T21:15:37.3578317Z 3.4 You agree that you will not take any actions that may cause or result in the fragmentation of Android, including but not limited to distributing, participating in the creation of, or promoting in any way a software development kit derived from the Preview.
build	Setup Android SDK	2026-06-29T21:15:37.3579210Z 
build	Setup Android SDK	2026-06-29T21:15:37.3580756Z 3.5 Use, reproduction and distribution of components of the Preview licensed under an open source software license are governed solely by the terms of that open source software license and not the License Agreement. You agree to remain a licensee in good standing in regard to such open source software licenses under all the rights granted and to refrain from any actions that may terminate, suspend, or breach such rights.
build	Setup Android SDK	2026-06-29T21:15:37.3582299Z 
build	Setup Android SDK	2026-06-29T21:15:37.3583880Z 3.6 You agree that the form and nature of the Preview that Google provides may change without prior notice to you and that future versions of the Preview may be incompatible with applications developed on previous versions of the Preview. You agree that Google may stop (permanently or temporarily) providing the Preview (or any features within the Preview) to you or to users generally at Google's sole discretion, without prior notice to you.
build	Setup Android SDK	2026-06-29T21:15:37.3585402Z 
build	Setup Android SDK	2026-06-29T21:15:37.3585918Z 3.7 Nothing in the License Agreement gives you a right to use any of Google's trade names, trademarks, service marks, logos, domain names, or other distinctive brand features.
build	Setup Android SDK	2026-06-29T21:15:37.3586545Z 
build	Setup Android SDK	2026-06-29T21:15:37.3587123Z 3.8 You agree that you will not remove, obscure, or alter any proprietary rights notices (including copyright and trademark notices) that may be affixed to or contained within the Preview.
build	Setup Android SDK	2026-06-29T21:15:37.3587794Z 
build	Setup Android SDK	2026-06-29T21:15:37.3587893Z 4. Use of the Preview by You
build	Setup Android SDK	2026-06-29T21:15:37.3588054Z 
build	Setup Android SDK	2026-06-29T21:15:37.3589024Z 4.1 Google agrees that nothing in the License Agreement gives Google any right, title or interest from you (or your licensors) under the License Agreement in or to any software applications that you develop using the Preview, including any intellectual property rights that subsist in those applications.
build	Setup Android SDK	2026-06-29T21:15:37.3590083Z 
build	Setup Android SDK	2026-06-29T21:15:37.3591409Z 4.2 You agree to use the Preview and write applications only for purposes that are permitted by (a) the License Agreement, and (b) any applicable law, regulation or generally accepted practices or guidelines in the relevant jurisdictions (including any laws regarding the export of data or software to and from the United States or other relevant countries).
build	Setup Android SDK	2026-06-29T21:15:37.3592789Z 
build	Setup Android SDK	2026-06-29T21:15:37.3595196Z 4.3 You agree that if you use the Preview to develop applications, you will protect the privacy and legal rights of users. If users provide you with user names, passwords, or other login information or personal information, you must make the users aware that the information will be available to your application, and you must provide legally adequate privacy notice and protection for those users. If your application stores personal or sensitive information provided by users, it must do so securely. If users provide you with Google Account information, your application may only use that information to access the user's Google Account when, and for the limited purposes for which, each user has given you permission to do so.
build	Setup Android SDK	2026-06-29T21:15:37.3597675Z 
build	Setup Android SDK	2026-06-29T21:15:37.3598607Z 4.4 You agree that you will not engage in any activity with the Preview, including the development or distribution of an application, that interferes with, disrupts, damages, or accesses in an unauthorized manner the servers, networks, or other properties or services of Google or any third party.
build	Setup Android SDK	2026-06-29T21:15:37.3599641Z 
build	Setup Android SDK	2026-06-29T21:15:37.3600904Z 4.5 You agree that you are solely responsible for (and that Google has no responsibility to you or to any third party for) any data, content, or resources that you create, transmit or display through Android and/or applications for Android, and for the consequences of your actions (including any loss or damage which Google may suffer) by doing so.
build	Setup Android SDK	2026-06-29T21:15:37.3602101Z 
build	Setup Android SDK	2026-06-29T21:15:37.3603345Z 4.6 You agree that you are solely responsible for (and that Google has no responsibility to you or to any third party for) any breach of your obligations under the License Agreement, any applicable third party contract or Terms of Service, or any applicable law or regulation, and for the consequences (including any loss or damage which Google or any third party may suffer) of any such breach.
build	Setup Android SDK	2026-06-29T21:15:37.3604690Z 
build	Setup Android SDK	2026-06-29T21:15:37.3606232Z 4.7 The Preview is in development, and your testing and feedback are an important part of the development process. By using the Preview, you acknowledge that implementation of some features are still under development and that you should not rely on the Preview having the full functionality of a stable release. You agree not to publicly distribute or ship any application using this Preview as this Preview will no longer be supported after the official Android SDK is released.
build	Setup Android SDK	2026-06-29T21:15:37.3608011Z 
build	Setup Android SDK	2026-06-29T21:15:37.3608118Z 5. Your Developer Credentials
build	Setup Android SDK	2026-06-29T21:15:37.3608275Z 
build	Setup Android SDK	2026-06-29T21:15:37.3609169Z 5.1 You agree that you are responsible for maintaining the confidentiality of any developer credentials that may be issued to you by Google or which you may choose yourself and that you will be solely responsible for all applications that are developed under your developer credentials.
build	Setup Android SDK	2026-06-29T21:15:37.3610166Z 
build	Setup Android SDK	2026-06-29T21:15:37.3610256Z 6. Privacy and Information
build	Setup Android SDK	2026-06-29T21:15:37.3610405Z 
build	Setup Android SDK	2026-06-29T21:15:37.3612198Z 6.1 In order to continually innovate and improve the Preview, Google may collect certain usage statistics from the software including but not limited to a unique identifier, associated IP address, version number of the software, and information on which tools and/or services in the Preview are being used and how they are being used. Before any of this information is collected, the Preview will notify you and seek your consent. If you withhold consent, the information will not be collected.
build	Setup Android SDK	2026-06-29T21:15:37.3613895Z 
build	Setup Android SDK	2026-06-29T21:15:37.3614498Z 6.2 The data collected is examined in the aggregate to improve the Preview and is maintained in accordance with Google's Privacy Policy located at http://www.google.com/policies/privacy/.
build	Setup Android SDK	2026-06-29T21:15:37.3615298Z 
build	Setup Android SDK	2026-06-29T21:15:37.3615399Z 7. Third Party Applications
build	Setup Android SDK	2026-06-29T21:15:37.3615549Z 
build	Setup Android SDK	2026-06-29T21:15:37.3617467Z 7.1 If you use the Preview to run applications developed by a third party or that access data, content or resources provided by a third party, you agree that Google is not responsible for those applications, data, content, or resources. You understand that all data, content or resources which you may access through such third party applications are the sole responsibility of the person from which they originated and that Google is not liable for any loss or damage that you may experience as a result of the use or access of any of those third party applications, data, content, or resources.
build	Setup Android SDK	2026-06-29T21:15:37.3619469Z 
build	Setup Android SDK	2026-06-29T21:15:37.3621192Z 7.2 You should be aware the data, content, and resources presented to you through such a third party application may be protected by intellectual property rights which are owned by the providers (or by other persons or companies on their behalf). You may not modify, rent, lease, loan, sell, distribute or create derivative works based on these data, content, or resources (either in whole or in part) unless you have been specifically given permission to do so by the relevant owners.
build	Setup Android SDK	2026-06-29T21:15:37.3622984Z 
build	Setup Android SDK	2026-06-29T21:15:37.3623506Z 7.3 You acknowledge that your use of such third party applications, data, content, or resources may be subject to separate terms between you and the relevant third party.
build	Setup Android SDK	2026-06-29T21:15:37.3624120Z 
build	Setup Android SDK	2026-06-29T21:15:37.3624204Z 8. Using Google APIs
build	Setup Android SDK	2026-06-29T21:15:37.3624339Z 
build	Setup Android SDK	2026-06-29T21:15:37.3624416Z 8.1 Google APIs
build	Setup Android SDK	2026-06-29T21:15:37.3624535Z 
build	Setup Android SDK	2026-06-29T21:15:37.3626116Z 8.1.1 If you use any API to retrieve data from Google, you acknowledge that the data may be protected by intellectual property rights which are owned by Google or those parties that provide the data (or by other persons or companies on their behalf). Your use of any such API may be subject to additional Terms of Service. You may not modify, rent, lease, loan, sell, distribute or create derivative works based on this data (either in whole or in part) unless allowed by the relevant Terms of Service.
build	Setup Android SDK	2026-06-29T21:15:37.3627796Z 
build	Setup Android SDK	2026-06-29T21:15:37.3628576Z 8.1.2 If you use any API to retrieve a user's data from Google, you acknowledge and agree that you shall retrieve data only with the user's explicit consent and only when, and for the limited purposes for which, the user has given you permission to do so.
build	Setup Android SDK	2026-06-29T21:15:37.3629585Z 
build	Setup Android SDK	2026-06-29T21:15:37.3629686Z 9. Terminating the License Agreement
build	Setup Android SDK	2026-06-29T21:15:37.3629869Z 
build	Setup Android SDK	2026-06-29T21:15:37.3630178Z 9.1 the License Agreement will continue to apply until terminated by either you or Google as set out below.
build	Setup Android SDK	2026-06-29T21:15:37.3630781Z 
build	Setup Android SDK	2026-06-29T21:15:37.3631179Z 9.2 If you want to terminate the License Agreement, you may do so by ceasing your use of the Preview and any relevant developer credentials.
build	Setup Android SDK	2026-06-29T21:15:37.3631688Z 
build	Setup Android SDK	2026-06-29T21:15:37.3631978Z 9.3 Google may at any time, terminate the License Agreement, with or without cause, upon notice to you.
build	Setup Android SDK	2026-06-29T21:15:37.3632362Z 
build	Setup Android SDK	2026-06-29T21:15:37.3633402Z 9.4 The License Agreement will automatically terminate without notice or other action upon the earlier of: (A) when Google ceases to provide the Preview or certain parts of the Preview to users in the country in which you are resident or from which you use the service; and (B) Google issues a final release version of the Android SDK.
build	Setup Android SDK	2026-06-29T21:15:37.3634540Z 
build	Setup Android SDK	2026-06-29T21:15:37.3635284Z 9.5 When the License Agreement is terminated, the license granted to you in the License Agreement will terminate, you will immediately cease all use of the Preview, and the provisions of paragraphs 10, 11, 12 and 14 shall survive indefinitely.
build	Setup Android SDK	2026-06-29T21:15:37.3636132Z 
build	Setup Android SDK	2026-06-29T21:15:37.3636211Z 10. DISCLAIMERS
build	Setup Android SDK	2026-06-29T21:15:37.3636333Z 
build	Setup Android SDK	2026-06-29T21:15:37.3636883Z 10.1 YOU EXPRESSLY UNDERSTAND AND AGREE THAT YOUR USE OF THE PREVIEW IS AT YOUR SOLE RISK AND THAT THE PREVIEW IS PROVIDED "AS IS" AND "AS AVAILABLE" WITHOUT WARRANTY OF ANY KIND FROM GOOGLE.
build	Setup Android SDK	2026-06-29T21:15:37.3637661Z 
build	Setup Android SDK	2026-06-29T21:15:37.3639461Z 10.2 YOUR USE OF THE PREVIEW AND ANY MATERIAL DOWNLOADED OR OTHERWISE OBTAINED THROUGH THE USE OF THE PREVIEW IS AT YOUR OWN DISCRETION AND RISK AND YOU ARE SOLELY RESPONSIBLE FOR ANY DAMAGE TO YOUR COMPUTER SYSTEM OR OTHER DEVICE OR LOSS OF DATA THAT RESULTS FROM SUCH USE. WITHOUT LIMITING THE FOREGOING, YOU UNDERSTAND THAT THE PREVIEW IS NOT A STABLE RELEASE AND MAY CONTAIN ERRORS, DEFECTS AND SECURITY VULNERABILITIES THAT CAN RESULT IN SIGNIFICANT DAMAGE, INCLUDING THE COMPLETE, IRRECOVERABLE LOSS OF USE OF YOUR COMPUTER SYSTEM OR OTHER DEVICE.
build	Setup Android SDK	2026-06-29T21:15:37.3641537Z 
build	Setup Android SDK	2026-06-29T21:15:37.3642349Z 10.3 GOOGLE FURTHER EXPRESSLY DISCLAIMS ALL WARRANTIES AND CONDITIONS OF ANY KIND, WHETHER EXPRESS OR IMPLIED, INCLUDING, BUT NOT LIMITED TO THE IMPLIED WARRANTIES AND CONDITIONS OF MERCHANTABILITY, FITNESS FOR A PARTICULAR PURPOSE AND NON-INFRINGEMENT.
build	Setup Android SDK	2026-06-29T21:15:37.3643268Z 
build	Setup Android SDK	2026-06-29T21:15:37.3643359Z 11. LIMITATION OF LIABILITY
build	Setup Android SDK	2026-06-29T21:15:37.3643515Z 
build	Setup Android SDK	2026-06-29T21:15:37.3644919Z 11.1 YOU EXPRESSLY UNDERSTAND AND AGREE THAT GOOGLE, ITS SUBSIDIARIES AND AFFILIATES, AND ITS LICENSORS SHALL NOT BE LIABLE TO YOU UNDER ANY THEORY OF LIABILITY FOR ANY DIRECT, INDIRECT, INCIDENTAL, SPECIAL, CONSEQUENTIAL OR EXEMPLARY DAMAGES THAT MAY BE INCURRED BY YOU, INCLUDING ANY LOSS OF DATA, WHETHER OR NOT GOOGLE OR ITS REPRESENTATIVES HAVE BEEN ADVISED OF OR SHOULD HAVE BEEN AWARE OF THE POSSIBILITY OF ANY SUCH LOSSES ARISING.
build	Setup Android SDK	2026-06-29T21:15:37.3646409Z 
build	Setup Android SDK	2026-06-29T21:15:37.3646497Z 12. Indemnification
build	Setup Android SDK	2026-06-29T21:15:37.3646619Z 
build	Setup Android SDK	2026-06-29T21:15:37.3649201Z 12.1 To the maximum extent permitted by law, you agree to defend, indemnify and hold harmless Google, its affiliates and their respective directors, officers, employees and agents from and against any and all claims, actions, suits or proceedings, as well as any and all losses, liabilities, damages, costs and expenses (including reasonable attorneys’ fees) arising out of or accruing from (a) your use of the Preview, (b) any application you develop on the Preview that infringes any Intellectual Property Rights of any person or defames any person or violates their rights of publicity or privacy, and (c) any non-compliance by you of the License Agreement.
build	Setup Android SDK	2026-06-29T21:15:37.3651637Z 
build	Setup Android SDK	2026-06-29T21:15:37.3651744Z 13. Changes to the License Agreement
build	Setup Android SDK	2026-06-29T21:15:37.3652071Z 
build	Setup Android SDK	2026-06-29T21:15:37.3652832Z 13.1 Google may make changes to the License Agreement as it distributes new versions of the Preview. When these changes are made, Google will make a new version of the License Agreement available on the website where the Preview is made available.
build	Setup Android SDK	2026-06-29T21:15:37.3653682Z 
build	Setup Android SDK	2026-06-29T21:15:37.3653771Z 14. General Legal Terms
build	Setup Android SDK	2026-06-29T21:15:37.3653912Z 
build	Setup Android SDK	2026-06-29T21:15:37.3654907Z 14.1 the License Agreement constitutes the whole legal agreement between you and Google and governs your use of the Preview (excluding any services which Google may provide to you under a separate written agreement), and completely replaces any prior agreements between you and Google in relation to the Preview.
build	Setup Android SDK	2026-06-29T21:15:37.3656011Z 
build	Setup Android SDK	2026-06-29T21:15:37.3656993Z 14.2 You agree that if Google does not exercise or enforce any legal right or remedy which is contained in the License Agreement (or which Google has the benefit of under any applicable law), this will not be taken to be a formal waiver of Google's rights and that those rights or remedies will still be available to Google.
build	Setup Android SDK	2026-06-29T21:15:37.3658321Z 
build	Setup Android SDK	2026-06-29T21:15:37.3659975Z 14.3 If any court of law, having the jurisdiction to decide on this matter, rules that any provision of the License Agreement is invalid, then that provision will be removed from the License Agreement without affecting the rest of the License Agreement. The remaining provisions of the License Agreement will continue to be valid and enforceable.
build	Setup Android SDK	2026-06-29T21:15:37.3661407Z 
build	Setup Android SDK	2026-06-29T21:15:37.3663039Z 14.4 You acknowledge and agree that each member of the group of companies of which Google is the parent shall be third party beneficiaries to the License Agreement and that such other companies shall be entitled to directly enforce, and rely upon, any provision of the License Agreement that confers a benefit on (or rights in favor of) them. Other than this, no other person or company shall be third party beneficiaries to the License Agreement.
build	Setup Android SDK	2026-06-29T21:15:37.3664573Z 
build	Setup Android SDK	2026-06-29T21:15:37.3665435Z 14.5 EXPORT RESTRICTIONS. THE PREVIEW IS SUBJECT TO UNITED STATES EXPORT LAWS AND REGULATIONS. YOU MUST COMPLY WITH ALL DOMESTIC AND INTERNATIONAL EXPORT LAWS AND REGULATIONS THAT APPLY TO THE PREVIEW. THESE LAWS INCLUDE RESTRICTIONS ON DESTINATIONS, END USERS AND END USE.
build	Setup Android SDK	2026-06-29T21:15:37.3666402Z 
build	Setup Android SDK	2026-06-29T21:15:37.3667433Z 14.6 The License Agreement may not be assigned or transferred by you without the prior written approval of Google, and any attempted assignment without such approval will be void. You shall not delegate your responsibilities or obligations under the License Agreement without the prior written approval of Google.
build	Setup Android SDK	2026-06-29T21:15:37.3668537Z 
build	Setup Android SDK	2026-06-29T21:15:37.3670343Z 14.7 The License Agreement, and your relationship with Google under the License Agreement, shall be governed by the laws of the State of California without regard to its conflict of laws provisions. You and Google agree to submit to the exclusive jurisdiction of the courts located within the county of Santa Clara, California to resolve any legal matter arising from the License Agreement. Notwithstanding this, you agree that Google shall still be allowed to apply for injunctive remedies (or an equivalent type of urgent legal relief) in any jurisdiction.
build	Setup Android SDK	2026-06-29T21:15:37.3672440Z 
build	Setup Android SDK	2026-06-29T21:15:37.3672528Z June 2014.
build	Setup Android SDK	2026-06-29T21:15:37.3672732Z ---------------------------------------
build	Setup Android SDK	2026-06-29T21:15:37.3672992Z Accept? (y/N): 
build	Setup Android SDK	2026-06-29T21:15:37.3673213Z 5/6: License google-gdk-license:
build	Setup Android SDK	2026-06-29T21:15:37.3673471Z ---------------------------------------
build	Setup Android SDK	2026-06-29T21:15:37.3673804Z This is a Developer Preview of the GDK that is subject to change.
build	Setup Android SDK	2026-06-29T21:15:37.3674068Z 
build	Setup Android SDK	2026-06-29T21:15:37.3674156Z Terms and Conditions
build	Setup Android SDK	2026-06-29T21:15:37.3674290Z 
build	Setup Android SDK	2026-06-29T21:15:37.3674416Z This is the Glass Development Kit License Agreement.
build	Setup Android SDK	2026-06-29T21:15:37.3674645Z 
build	Setup Android SDK	2026-06-29T21:15:37.3674722Z 1. Introduction
build	Setup Android SDK	2026-06-29T21:15:37.3674839Z 
build	Setup Android SDK	2026-06-29T21:15:37.3676208Z 1.1 The Glass Development Kit (referred to in this License Agreement as the "GDK" and specifically including the Android system files, packaged APIs, and GDK library files, if and when they are made available) is licensed to you subject to the terms of this License Agreement. This License Agreement forms a legally binding contract between you and Google in relation to your use of the GDK.
build	Setup Android SDK	2026-06-29T21:15:37.3677542Z 
build	Setup Android SDK	2026-06-29T21:15:37.3677770Z 1.2 "Glass" means Glass devices and the Glass software stack for use on Glass devices.
build	Setup Android SDK	2026-06-29T21:15:37.3678099Z 
build	Setup Android SDK	2026-06-29T21:15:37.3678104Z 
build	Setup Android SDK	2026-06-29T21:15:37.3678773Z 1.3 "Android" means the Android software stack for devices, as made available under the Android Open Source Project, which is located at the following URL: http://source.android.com/, as updated from time to time.
build	Setup Android SDK	2026-06-29T21:15:37.3679521Z 
build	Setup Android SDK	2026-06-29T21:15:37.3679989Z 1.4 "Google" means Google Inc., a Delaware corporation with principal place of business at 1600 Amphitheatre Parkway, Mountain View, CA 94043, United States.
build	Setup Android SDK	2026-06-29T21:15:37.3680777Z 
build	Setup Android SDK	2026-06-29T21:15:37.3680900Z 2. Accepting this License Agreement
build	Setup Android SDK	2026-06-29T21:15:37.3681083Z 
build	Setup Android SDK	2026-06-29T21:15:37.3681484Z 2.1 In order to use the GDK, you must first agree to this License Agreement. You may not use the GDK if you do not accept this License Agreement.
build	Setup Android SDK	2026-06-29T21:15:37.3681989Z 
build	Setup Android SDK	2026-06-29T21:15:37.3682211Z 2.2 By clicking to accept, you hereby agree to the terms of this License Agreement.
build	Setup Android SDK	2026-06-29T21:15:37.3682525Z 
build	Setup Android SDK	2026-06-29T21:15:37.3683286Z 2.3 You may not use the GDK and may not accept the License Agreement if you are a person barred from receiving the GDK under the laws of the United States or other countries including the country in which you are resident or from which you use the GDK.
build	Setup Android SDK	2026-06-29T21:15:37.3684312Z 
build	Setup Android SDK	2026-06-29T21:15:37.3685466Z 2.4 If you are agreeing to be bound by this License Agreement on behalf of your employer or other entity, you represent and warrant that you have full legal authority to bind your employer or such entity to this License Agreement. If you do not have the requisite authority, you may not accept the License Agreement or use the GDK on behalf of your employer or other entity.
build	Setup Android SDK	2026-06-29T21:15:37.3686719Z 
build	Setup Android SDK	2026-06-29T21:15:37.3686808Z 3. GDK License from Google
build	Setup Android SDK	2026-06-29T21:15:37.3686959Z 
build	Setup Android SDK	2026-06-29T21:15:37.3687722Z 3.1 Subject to the terms of this License Agreement, Google grants you a limited, worldwide, royalty-free, non-assignable and non-exclusive license to use the GDK solely to develop applications to run on the Glass platform for Glass devices.
build	Setup Android SDK	2026-06-29T21:15:37.3688582Z 
build	Setup Android SDK	2026-06-29T21:15:37.3689827Z 3.2 You agree that Google or third parties own all legal right, title and interest in and to the GDK, including any Intellectual Property Rights that subsist in the GDK. "Intellectual Property Rights" means any and all rights under patent law, copyright law, trade secret law, trademark law, and any and all other proprietary rights. Google reserves all rights not expressly granted to you.
build	Setup Android SDK	2026-06-29T21:15:37.3691400Z 
build	Setup Android SDK	2026-06-29T21:15:37.3693376Z 3.3 You may not use the GDK for any purpose not expressly permitted by this License Agreement. Except to the extent required by applicable third party licenses, you may not: (a) copy (except for backup purposes), modify, adapt, redistribute, decompile, reverse engineer, disassemble, or create derivative works of the GDK or any part of the GDK; or (b) load any part of the GDK onto a mobile handset or wearable computing device or any other hardware device except a Glass device personal computer, combine any part of the GDK with other software, or distribute any software or device incorporating a part of the GDK.
build	Setup Android SDK	2026-06-29T21:15:37.3695980Z 
build	Setup Android SDK	2026-06-29T21:15:37.3696790Z 3.4 You agree that you will not take any actions that may cause or result in the fragmentation of Glass, including but not limited to distributing, participating in the creation of, or promoting in any way a software development kit derived from the GDK.
build	Setup Android SDK	2026-06-29T21:15:37.3697839Z 
build	Setup Android SDK	2026-06-29T21:15:37.3698492Z 3.5 Use, reproduction and distribution of components of the GDK licensed under an open source software license are governed solely by the terms of that open source software license and not this License Agreement.
build	Setup Android SDK	2026-06-29T21:15:37.3699415Z 
build	Setup Android SDK	2026-06-29T21:15:37.3701674Z 3.6 You agree that the form and nature of the GDK that Google provides may change without prior notice to you and that future versions of the GDK may be incompatible with applications developed on previous versions of the GDK. You agree that Google may stop (permanently or temporarily) providing the GDK (or any features within the GDK) to you or to users generally at Google's sole discretion, without prior notice to you.
build	Setup Android SDK	2026-06-29T21:15:37.3704346Z 
build	Setup Android SDK	2026-06-29T21:15:37.3705193Z 3.7 Nothing in this License Agreement gives you a right to use any of Google's trade names, trademarks, service marks, logos, domain names, or other distinctive brand features.
build	Setup Android SDK	2026-06-29T21:15:37.3705838Z 
build	Setup Android SDK	2026-06-29T21:15:37.3706426Z 3.8 You agree that you will not remove, obscure, or alter any proprietary rights notices (including copyright and trademark notices) that may be affixed to or contained within the GDK.
build	Setup Android SDK	2026-06-29T21:15:37.3707102Z 
build	Setup Android SDK	2026-06-29T21:15:37.3707107Z 
build	Setup Android SDK	2026-06-29T21:15:37.3709130Z 3.9 Your use of any Android system files, packaged APIs, or other components of the GDK which are part of the Android Software Development Kit is subject to the terms of the Android Software Development Kit License Agreement located at http://developer.android.com/sdk/terms.html. These terms are hereby incorporated by reference into this License Agreement.
build	Setup Android SDK	2026-06-29T21:15:37.3711321Z 
build	Setup Android SDK	2026-06-29T21:15:37.3711427Z 4. Use of the GDK by You
build	Setup Android SDK	2026-06-29T21:15:37.3711585Z 
build	Setup Android SDK	2026-06-29T21:15:37.3712425Z 4.1 Google agrees that it obtains no right, title or interest from you (or your licensors) under this License Agreement in or to any software applications that you develop using the GDK, including any intellectual property rights that subsist in those applications.
build	Setup Android SDK	2026-06-29T21:15:37.3713368Z 
build	Setup Android SDK	2026-06-29T21:15:37.3715087Z 4.2 You agree to use the GDK and write applications only for purposes that are permitted by (a) this License Agreement, (b) the Glass Platform Developer Policies (located at https://developers.google.com/glass/policies, and hereby incorporated into this License Agreement by reference), and (c) any applicable law, regulation or generally accepted practices or guidelines in the relevant jurisdictions (including any laws regarding the export of data or software to and from the United States or other relevant countries).
build	Setup Android SDK	2026-06-29T21:15:37.3716885Z 
build	Setup Android SDK	2026-06-29T21:15:37.3719432Z 4.3 You agree that if you use the GDK to develop applications for general public users, you will protect the privacy and legal rights of those users. If the users provide you with user names, passwords, or other login information or personal information, you must make the users aware that the information will be available to your application, and you must provide legally adequate privacy notice and protection for those users. If your application stores personal or sensitive information provided by users, it must do so securely. If the user provides your application with Google Account information, your application may only use that information to access the user's Google Account when, and for the limited purposes for which, the user has given you permission to do so.
build	Setup Android SDK	2026-06-29T21:15:37.3722264Z 
build	Setup Android SDK	2026-06-29T21:15:37.3723285Z 4.4 You agree that you will not engage in any activity with the GDK, including the development or distribution of an application, that interferes with, disrupts, damages, or accesses in an unauthorized manner the servers, networks, or other properties or services of any third party including, but not limited to, Google.
build	Setup Android SDK	2026-06-29T21:15:37.3724395Z 
build	Setup Android SDK	2026-06-29T21:15:37.3725957Z 4.5 You agree that you are solely responsible for (and that Google has no responsibility to you or to any third party for) any data, content, or resources that you create, transmit or display through Glass and/or applications for Glass, and for the consequences of your actions (including any loss or damage which Google may suffer) by doing so.
build	Setup Android SDK	2026-06-29T21:15:37.3727837Z 
build	Setup Android SDK	2026-06-29T21:15:37.3729157Z 4.6 You agree that you are solely responsible for (and that Google has no responsibility to you or to any third party for) any breach of your obligations under this License Agreement, any applicable third party contract or Terms of Service, or any applicable law or regulation, and for the consequences (including any loss or damage which Google or any third party may suffer) of any such breach.
build	Setup Android SDK	2026-06-29T21:15:37.3731192Z 
build	Setup Android SDK	2026-06-29T21:15:37.3731208Z 
build	Setup Android SDK	2026-06-29T21:15:37.3732507Z 4.7 The GDK is in development, and your testing and feedback are an important part of the development process. By using the GDK, you acknowledge that implementation of some features are still under development and that you should not rely on the GDK, Glass devices, Glass system software, Google Mirror API, or Glass services having the full functionality of a stable release.
build	Setup Android SDK	2026-06-29T21:15:37.3734253Z 
build	Setup Android SDK	2026-06-29T21:15:37.3734370Z 5. Your Developer Credentials
build	Setup Android SDK	2026-06-29T21:15:37.3734543Z 
build	Setup Android SDK	2026-06-29T21:15:37.3735443Z 5.1 You agree that you are responsible for maintaining the confidentiality of any developer credentials that may be issued to you by Google or which you may choose yourself and that you will be solely responsible for all applications that are developed under your developer credentials.
build	Setup Android SDK	2026-06-29T21:15:37.3736437Z 
build	Setup Android SDK	2026-06-29T21:15:37.3736697Z 6. Privacy and Information
build	Setup Android SDK	2026-06-29T21:15:37.3736848Z 
build	Setup Android SDK	2026-06-29T21:15:37.3736853Z 
build	Setup Android SDK	2026-06-29T21:15:37.3738391Z 6.1 In order to continually innovate and improve the GDK, Google may collect certain usage statistics from the software including but not limited to a unique identifier, associated IP address, version number of the software, and information on which tools and/or services in the GDK are being used and how they are being used. Before any of this information is collected, the GDK will notify you and seek your consent. If you withhold consent, the information will not be collected.
build	Setup Android SDK	2026-06-29T21:15:37.3740019Z 
build	Setup Android SDK	2026-06-29T21:15:37.3740408Z 6.2 The data collected is examined in the aggregate to improve the GDK and is maintained in accordance with Google's Privacy Policy.
build	Setup Android SDK	2026-06-29T21:15:37.3741155Z 
build	Setup Android SDK	2026-06-29T21:15:37.3741260Z 7. Third Party Applications
build	Setup Android SDK	2026-06-29T21:15:37.3741417Z 
build	Setup Android SDK	2026-06-29T21:15:37.3743318Z 7.1 If you use the GDK to run applications developed by a third party or that access data, content or resources provided by a third party, you agree that Google is not responsible for those applications, data, content, or resources. You understand that all data, content or resources which you may access through such third party applications are the sole responsibility of the person from which they originated and that Google is not liable for any loss or damage that you may experience as a result of the use or access of any of those third party applications, data, content, or resources.
build	Setup Android SDK	2026-06-29T21:15:37.3745319Z 
build	Setup Android SDK	2026-06-29T21:15:37.3746866Z 7.2 You should be aware the data, content, and resources presented to you through such a third party application may be protected by intellectual property rights which are owned by the providers (or by other persons or companies on their behalf). You may not modify, rent, lease, loan, sell, distribute or create derivative works based on these data, content, or resources (either in whole or in part) unless you have been specifically given permission to do so by the relevant owners.
build	Setup Android SDK	2026-06-29T21:15:37.3748505Z 
build	Setup Android SDK	2026-06-29T21:15:37.3749726Z 7.3 You acknowledge that your use of such third party applications, data, content, or resources may be subject to separate terms between you and the relevant third party. In that case, this License Agreement does not affect your legal relationship with these third parties.
build	Setup Android SDK	2026-06-29T21:15:37.3750884Z 
build	Setup Android SDK	2026-06-29T21:15:37.3750979Z 8. Using Google APIs
build	Setup Android SDK	2026-06-29T21:15:37.3751307Z 
build	Setup Android SDK	2026-06-29T21:15:37.3751389Z 8.1 Google APIs
build	Setup Android SDK	2026-06-29T21:15:37.3751509Z 
build	Setup Android SDK	2026-06-29T21:15:37.3753085Z 8.1.1 If you use any API to retrieve data from Google, you acknowledge that the data may be protected by intellectual property rights which are owned by Google or those parties that provide the data (or by other persons or companies on their behalf). Your use of any such API may be subject to additional Terms of Service. You may not modify, rent, lease, loan, sell, distribute or create derivative works based on this data (either in whole or in part) unless allowed by the relevant Terms of Service.
build	Setup Android SDK	2026-06-29T21:15:37.3754757Z 
build	Setup Android SDK	2026-06-29T21:15:37.3755525Z 8.1.2 If you use any API to retrieve a user's data from Google, you acknowledge and agree that you shall retrieve data only with the user's explicit consent and only when, and for the limited purposes for which, the user has given you permission to do so.
build	Setup Android SDK	2026-06-29T21:15:37.3756380Z 
build	Setup Android SDK	2026-06-29T21:15:37.3756486Z 9. Terminating this License Agreement
build	Setup Android SDK	2026-06-29T21:15:37.3756669Z 
build	Setup Android SDK	2026-06-29T21:15:37.3756984Z 9.1 This License Agreement will continue to apply until terminated by either you or Google as set out below.
build	Setup Android SDK	2026-06-29T21:15:37.3757397Z 
build	Setup Android SDK	2026-06-29T21:15:37.3757774Z 9.2 If you want to terminate this License Agreement, you may do so by ceasing your use of the GDK and any relevant developer credentials.
build	Setup Android SDK	2026-06-29T21:15:37.3758257Z 
build	Setup Android SDK	2026-06-29T21:15:37.3760293Z 9.3 Google may at any time, terminate this License Agreement with you if: (A) you have breached any provision of this License Agreement; or (B) Google is required to do so by law; or (C) the partner with whom Google offered certain parts of GDK (such as APIs) to you has terminated its relationship with Google or ceased to offer certain parts of the GDK to you; or (D) Google decides to no longer provide the GDK or certain parts of the GDK to users in the country in which you are resident or from which you use the service, or the provision of the GDK or certain GDK services to you by Google is, in Google's sole discretion, no longer commercially viable.
build	Setup Android SDK	2026-06-29T21:15:37.3762769Z 
build	Setup Android SDK	2026-06-29T21:15:37.3764202Z 9.4 When this License Agreement comes to an end, all of the legal rights, obligations and liabilities that you and Google have benefited from, been subject to (or which have accrued over time whilst this License Agreement has been in force) or which are expressed to continue indefinitely, shall be unaffected by this cessation, and the provisions of paragraph 14.7 shall continue to apply to such rights, obligations and liabilities indefinitely.
build	Setup Android SDK	2026-06-29T21:15:37.3765720Z 
build	Setup Android SDK	2026-06-29T21:15:37.3765815Z 10. DISCLAIMER OF WARRANTIES
build	Setup Android SDK	2026-06-29T21:15:37.3765976Z 
build	Setup Android SDK	2026-06-29T21:15:37.3766493Z 10.1 YOU EXPRESSLY UNDERSTAND AND AGREE THAT YOUR USE OF THE GDK IS AT YOUR SOLE RISK AND THAT THE GDK IS PROVIDED "AS IS" AND "AS AVAILABLE" WITHOUT WARRANTY OF ANY KIND FROM GOOGLE.
build	Setup Android SDK	2026-06-29T21:15:37.3767143Z 
build	Setup Android SDK	2026-06-29T21:15:37.3767946Z 10.2 YOUR USE OF THE GDK AND ANY MATERIAL DOWNLOADED OR OTHERWISE OBTAINED THROUGH THE USE OF THE GDK IS AT YOUR OWN DISCRETION AND RISK AND YOU ARE SOLELY RESPONSIBLE FOR ANY DAMAGE TO YOUR COMPUTER SYSTEM OR OTHER DEVICE OR LOSS OF DATA THAT RESULTS FROM SUCH USE.
build	Setup Android SDK	2026-06-29T21:15:37.3768849Z 
build	Setup Android SDK	2026-06-29T21:15:37.3769776Z 10.3 GOOGLE FURTHER EXPRESSLY DISCLAIMS ALL WARRANTIES AND CONDITIONS OF ANY KIND, WHETHER EXPRESS OR IMPLIED, INCLUDING, BUT NOT LIMITED TO THE IMPLIED WARRANTIES AND CONDITIONS OF MERCHANTABILITY, FITNESS FOR A PARTICULAR PURPOSE AND NON-INFRINGEMENT.
build	Setup Android SDK	2026-06-29T21:15:37.3771625Z 
build	Setup Android SDK	2026-06-29T21:15:37.3771789Z 11. LIMITATION OF LIABILITY
build	Setup Android SDK	2026-06-29T21:15:37.3772262Z 
build	Setup Android SDK	2026-06-29T21:15:37.3774207Z 11.1 YOU EXPRESSLY UNDERSTAND AND AGREE THAT GOOGLE, ITS SUBSIDIARIES AND AFFILIATES, AND ITS LICENSORS SHALL NOT BE LIABLE TO YOU UNDER ANY THEORY OF LIABILITY FOR ANY DIRECT, INDIRECT, INCIDENTAL, SPECIAL, CONSEQUENTIAL OR EXEMPLARY DAMAGES THAT MAY BE INCURRED BY YOU, INCLUDING ANY LOSS OF DATA, WHETHER OR NOT GOOGLE OR ITS REPRESENTATIVES HAVE BEEN ADVISED OF OR SHOULD HAVE BEEN AWARE OF THE POSSIBILITY OF ANY SUCH LOSSES ARISING.
build	Setup Android SDK	2026-06-29T21:15:37.3775897Z 
build	Setup Android SDK	2026-06-29T21:15:37.3775992Z 12. Indemnification
build	Setup Android SDK	2026-06-29T21:15:37.3776188Z 
build	Setup Android SDK	2026-06-29T21:15:37.3779341Z 12.1 To the maximum extent permitted by law, you agree to defend, indemnify and hold harmless Google, its affiliates and their respective directors, officers, employees and agents from and against any and all claims, actions, suits or proceedings, as well as any and all losses, liabilities, damages, costs and expenses (including reasonable attorneys fees) arising out of or accruing from (a) your use of the GDK, (b) any application you develop on the GDK that infringes any copyright, trademark, trade secret, trade dress, patent or other intellectual property right of any person or defames any person or violates their rights of publicity or privacy, and (c) any non-compliance by you with this License Agreement.
build	Setup Android SDK	2026-06-29T21:15:37.3782142Z 
build	Setup Android SDK	2026-06-29T21:15:37.3782261Z 13. Changes to the License Agreement
build	Setup Android SDK	2026-06-29T21:15:37.3782458Z 
build	Setup Android SDK	2026-06-29T21:15:37.3783187Z 13.1 Google may make changes to the License Agreement as it distributes new versions of the GDK. When these changes are made, Google will make a new version of the License Agreement available on the website where the GDK is made available.
build	Setup Android SDK	2026-06-29T21:15:37.3784007Z 
build	Setup Android SDK	2026-06-29T21:15:37.3784098Z 14. General Legal Terms
build	Setup Android SDK	2026-06-29T21:15:37.3784233Z 
build	Setup Android SDK	2026-06-29T21:15:37.3785206Z 14.1 This License Agreement constitutes the whole legal agreement between you and Google and governs your use of the GDK (excluding any services which Google may provide to you under a separate written agreement), and completely replaces any prior agreements between you and Google in relation to the GDK.
build	Setup Android SDK	2026-06-29T21:15:37.3786434Z 
build	Setup Android SDK	2026-06-29T21:15:37.3787429Z 14.2 You agree that if Google does not exercise or enforce any legal right or remedy which is contained in this License Agreement (or which Google has the benefit of under any applicable law), this will not be taken to be a formal waiver of Google's rights and that those rights or remedies will still be available to Google.
build	Setup Android SDK	2026-06-29T21:15:37.3788526Z 
build	Setup Android SDK	2026-06-29T21:15:37.3789634Z 14.3 If any court of law, having the jurisdiction to decide on this matter, rules that any provision of this License Agreement is invalid, then that provision will be removed from this License Agreement without affecting the rest of this License Agreement. The remaining provisions of this License Agreement will continue to be valid and enforceable.
build	Setup Android SDK	2026-06-29T21:15:37.3791238Z 
build	Setup Android SDK	2026-06-29T21:15:37.3792697Z 14.4 You acknowledge and agree that each member of the group of companies of which Google is the parent shall be third party beneficiaries to this License Agreement and that such other companies shall be entitled to directly enforce, and rely upon, any provision of this License Agreement that confers a benefit on (or rights in favor of) them. Other than this, no other person or company shall be third party beneficiaries to this License Agreement.
build	Setup Android SDK	2026-06-29T21:15:37.3794227Z 
build	Setup Android SDK	2026-06-29T21:15:37.3795053Z 14.5 EXPORT RESTRICTIONS. THE GDK IS SUBJECT TO UNITED STATES EXPORT LAWS AND REGULATIONS. YOU MUST COMPLY WITH ALL DOMESTIC AND INTERNATIONAL EXPORT LAWS AND REGULATIONS THAT APPLY TO THE GDK. THESE LAWS INCLUDE RESTRICTIONS ON DESTINATIONS, END USERS AND END USE.
build	Setup Android SDK	2026-06-29T21:15:37.3795985Z 
build	Setup Android SDK	2026-06-29T21:15:37.3797086Z 14.6 The rights granted in this License Agreement may not be assigned or transferred by either you or Google without the prior written approval of the other party. Neither you nor Google shall be permitted to delegate their responsibilities or obligations under this License Agreement without the prior written approval of the other party.
build	Setup Android SDK	2026-06-29T21:15:37.3798268Z 
build	Setup Android SDK	2026-06-29T21:15:37.3800094Z 14.7 This License Agreement, and your relationship with Google under this License Agreement, shall be governed by the laws of the State of California without regard to its conflict of laws provisions. You and Google agree to submit to the exclusive jurisdiction of the courts located within the county of Santa Clara, California to resolve any legal matter arising from this License Agreement. Notwithstanding this, you agree that Google shall still be allowed to apply for injunctive remedies (or an equivalent type of urgent legal relief) in any jurisdiction.
build	Setup Android SDK	2026-06-29T21:15:37.3802377Z 
build	Setup Android SDK	2026-06-29T21:15:37.3802466Z November 19, 2013
build	Setup Android SDK	2026-06-29T21:15:37.3802689Z ---------------------------------------
build	Setup Android SDK	2026-06-29T21:15:37.3802950Z Accept? (y/N): 
build	Setup Android SDK	2026-06-29T21:15:37.3803200Z 6/6: License mips-android-sysimage-license:
build	Setup Android SDK	2026-06-29T21:15:37.3803495Z ---------------------------------------
build	Setup Android SDK	2026-06-29T21:15:37.3805593Z MIPS Technologies, Inc. (“MIPS”) Internal Evaluation License Agreement for MIPS Android™ System Images for Android Software Development Kit (SDK): This Internal Evaluation License Agreement (this "Agreement") is entered into by and between MIPS and you (as an individual developer or a legal entity -- identified below as “Recipient”). MIPS shall make the Evaluation Software available to Recipient as described in accordance with the terms and conditions set forth below.
build	Setup Android SDK	2026-06-29T21:15:37.3807266Z 
build	Setup Android SDK	2026-06-29T21:15:37.3809219Z By clicking on the “Accept” button, downloading, installing, or otherwise using the Evaluation Materials (defined below), you agree to be bound by the terms of this Agreement effective as of the date you click “Accept” (the “Effective Date”), and if doing so on behalf of an entity, you represent that you are authorized to bind the entity to the terms and conditions of this Agreement. If you do not agree to be bound by the terms and conditions of this Agreement, do not download, install, or use the Evaluation Materials.
build	Setup Android SDK	2026-06-29T21:15:37.3811331Z 
build	Setup Android SDK	2026-06-29T21:15:37.3811513Z 1. DEFINITIONS. These terms shall have the following meanings:
build	Setup Android SDK	2026-06-29T21:15:37.3811773Z 
build	Setup Android SDK	2026-06-29T21:15:37.3812357Z 1.1 “MIPS” shall mean MIPS Technologies, Inc., a Delaware corporation having a principal place of business at: 955 East Arques Ave., Sunnyvale, CA 94085
build	Setup Android SDK	2026-06-29T21:15:37.3812929Z 
build	Setup Android SDK	2026-06-29T21:15:37.3813486Z 1.2 “Evaluation Software” shall mean MIPS Android™ emulator system images for Android Software Development Kit (SDK), as made available to Recipient.
build	Setup Android SDK	2026-06-29T21:15:37.3814054Z 
build	Setup Android SDK	2026-06-29T21:15:37.3815245Z 1.3 “Evaluation Materials" means, collectively, the Evaluation Software (in source and/or object code form) and documentation (including, without limitation, any design documents, specifications, reference manuals, and other related materials) related to the Evaluation Software as made available to Recipient.
build	Setup Android SDK	2026-06-29T21:15:37.3816364Z 
build	Setup Android SDK	2026-06-29T21:15:37.3820188Z 1.4 “Open Source Software” means any software that requires (as a condition of use, modification and/or distribution of such software) that such software or other software incorporated into, derived from or distributed with such software (a) be disclosed or distributed in source code form; or (b) be licensed by the user to third parties for the purpose of making and/or distributing derivative works; or (c) be redistributable at no charge. Open Source Software includes, without limitation, software licensed or distributed under any of the following licenses or distribution models, or licenses or distribution models substantially similar to any of the following: (a) GNU’s General Public License (GPL) or Lesser/Library GPL (LGPL), (b) the Artistic License (e.g., PERL), (c) the Mozilla Public License, (d) the Netscape Public License, (e) the Sun Community Source License (SCSL), (f) the Sun Industry Source License (SISL), (g) the Apache Software license and (h) the Common Public License (CPL).
build	Setup Android SDK	2026-06-29T21:15:37.3823904Z 
build	Setup Android SDK	2026-06-29T21:15:37.3825059Z 1.5 “Pre-Release Materials” means “alpha” or “beta” designated pre-release features, which may not be fully functional, which MIPS may substantially modify in producing any production version of the Evaluation Materials, and/or which is still under development by MIPS and/or MIPS’ suppliers.
build	Setup Android SDK	2026-06-29T21:15:37.3826275Z 
build	Setup Android SDK	2026-06-29T21:15:37.3828171Z 2. PURPOSE. MIPS desires to make the Evaluation Materials available to Recipient solely for Recipient's internal evaluation of the Evaluation Software to evaluate the desirability of cooperating with MIPS in developing products that are compatible with the Evaluation Software and/or to advise MIPS as to possible modifications to the Evaluation Software. Recipient may not disclose, distribute, modify (except to facilitate the above-mentioned internal evaluation), or make commercial use of the Evaluation Materials or any modifications of the Evaluation Materials.
build	Setup Android SDK	2026-06-29T21:15:37.3830155Z 
build	Setup Android SDK	2026-06-29T21:15:37.3832525Z THE EVALUATION MATERIALS ARE PROVIDED FOR EVALUATION PURPOSES ONLY AND MAY NOT BE MODIFIED (EXCEPT TO FACILITATE THE INTERNAL EVALUATION) OR DISTRIBUTED BY RECIPIENT OR INCORPORATED INTO RECIPIENT’S PRODUCTS OR SOFTWARE. PLEASE CONTACT A MIPS SALES REPRESENTATIVE TO LEARN ABOUT THE AVAILABILITY AND COST OF A COMMERCIAL VERSION OF THE EVALUATION SOFTWARE.
build	Setup Android SDK	2026-06-29T21:15:37.3834945Z 
build	Setup Android SDK	2026-06-29T21:15:37.3836625Z 3. TITLE. Title to the Evaluation Materials remains with MIPS or its suppliers. Recipient shall not mortgage, pledge or encumber the Evaluation Materials in any way. Recipient shall return all Evaluation Materials, keeping no copies, upon termination or expiration of this Agreement.
build	Setup Android SDK	2026-06-29T21:15:37.3838474Z 
build	Setup Android SDK	2026-06-29T21:15:37.3845640Z 4. LICENSE. MIPS grants Recipient a royalty-free, personal, nontransferable, nonexclusive license under its copyrights to use the Evaluation Software only for the purposes described in paragraph 2 above and only for a period beginning on the Effective Date and extending to the first anniversary of the Effective Date (the “Evaluation Period”). Unless otherwise communicated in writing by MIPS to Recipient, to the extent the Evaluation Software is provided in more than one delivery or release (each, a “Release”) the license grant in this Section 4 and the Evaluation Period shall apply to each Release, in which case the Evaluation Period shall begin on the date that the Release is made generally available and continue to the first anniversary of such date. Recipient may not make modifications to the Evaluation Software. Recipient shall not disassemble, reverse-engineer, or decompile any software that is not provided to Recipient in source code form.
build	Setup Android SDK	2026-06-29T21:15:37.3852048Z 
build	Setup Android SDK	2026-06-29T21:15:37.3852067Z 
build	Setup Android SDK	2026-06-29T21:15:37.3854047Z EXCEPT AS PROVIDED HEREIN, NO OTHER LICENSE, EXPRESS OR IMPLIED, BY ESTOPPEL OR OTHERWISE, TO ANY OTHER MIPS INTELLECTUAL PROPERTY RIGHTS IS GRANTED TO THE RECIPIENT. OTHER THAN AS EXPLICITLY SET FORTH IN PARAGRAPH 2 ABOVE, NO RIGHT TO COPY, TO REPRODUCE, TO MODIFY, OR TO CREATE DERIVATIVE WORKS OF, THE EVALUATION MATERIALS IS GRANTED HEREIN.
build	Setup Android SDK	2026-06-29T21:15:37.3856222Z 
build	Setup Android SDK	2026-06-29T21:15:37.3857714Z 5. NO OBLIGATION. Recipient shall have no duty to purchase or license any product from MIPS. MIPS and its suppliers shall have no obligation to provide support for, or develop a non-evaluation version of, the Evaluation Software or to license any version of it.
build	Setup Android SDK	2026-06-29T21:15:37.3859399Z 
build	Setup Android SDK	2026-06-29T21:15:37.3866549Z 6. MODIFICATIONS. This Agreement does not obligate Recipient to provide MIPS with comments or suggestions regarding Evaluation Materials. However, should Recipient provide MIPS with comments or suggestions for the modification, correction, improvement or enhancement of (a) the Evaluation Materials or (b) MIPS products or processes which may embody the Evaluation Materials, then Recipient agrees to grant and hereby grants to MIPS a non-exclusive, irrevocable, worldwide, fully paid-up, royalty-free license, with the right to sublicense MIPS’ licensees and customers, under Recipient’s Intellectual property rights, to use and disclose such comments and suggestions in any manner MIPS chooses and to display, perform, copy, make, have made, use, sell, offer to sell, import, and otherwise dispose of MIPS’ and its sublicensee’s products embodying such comments and suggestions in any manner and via any media MIPS chooses, without reference to the source.
build	Setup Android SDK	2026-06-29T21:15:37.3872997Z 
build	Setup Android SDK	2026-06-29T21:15:37.3876148Z 7. WARRANTY DISCLAIMER. MIPS AND ITS SUPPLIERS MAKE NO WARRANTIES WITH RESPECT TO EVALUATION MATERIALS, EITHER EXPRESS OR IMPLIED, INCLUDING ANY IMPLIED WARRANTIES OF MERCHANTABILITY OR FITNESS FOR A PARTICULAR PURPOSE, OR ANY IMPLIED WARRANTY OF NONINFRINGEMENT WITH RESPECT TO THIRD PARTY INTELLECTUAL PROPERTY. RECIPIENT ACKNOWLEDGES AND AGREES THAT THE EVALUATION MATERIALS ARE PROVIDED “AS IS,” WITHOUT WARRANTY OF ANY KIND.
build	Setup Android SDK	2026-06-29T21:15:37.3878972Z 
build	Setup Android SDK	2026-06-29T21:15:37.3882607Z 8. LIMITATION OF LIABILITY. MIPS AND ITS SUPPLIERS SHALL NOT BE LIABLE FOR ANY PROPERTY DAMAGE, PERSONAL INJURY, LOSS OF PROFITS, INTERRUPTION OF BUSINESS OR FOR ANY DIRECT, INDIRECT, SPECIAL, CONSEQUENTIAL OR INCIDENTAL DAMAGES, HOWEVER CAUSED OR ALLEGED, WHETHER FOR BREACH OF WARRANTY, CONTRACT, STRICT LIABILITY OR OTHERWISE, INCLUDING WITHOUT LIMITATION, UNDER TORT OR OTHER LEGAL THEORY. MIPS AND ITS SUPPLIERS DISCLAIM ANY AND ALL LIABILITY, INCLUDING LIABILITY FOR INFRINGEMENT OF ANY INTELLECTUAL PROPERTY RIGHTS OF ANY KIND RELATING TO THE EVALUATION MATERIALS.
build	Setup Android SDK	2026-06-29T21:15:37.3886251Z 
build	Setup Android SDK	2026-06-29T21:15:37.3887551Z 9. EXPIRATION. MIPS may terminate this Agreement immediately after a breach by Recipient or otherwise at MIPS’ reasonable discretion and upon five (5) business days’ notice to Recipient.
build	Setup Android SDK	2026-06-29T21:15:37.3888809Z 
build	Setup Android SDK	2026-06-29T21:15:37.3888959Z 10. GENERAL.
build	Setup Android SDK	2026-06-29T21:15:37.3889150Z 
build	Setup Android SDK	2026-06-29T21:15:37.3895373Z 10.1 Controlling Law. This Agreement shall be governed by California law excluding its choice of law rules. With the exception of MIPS’ rights to enforce its intellectual property rights and any confidentiality obligations under this Agreement or any licenses distributed with the Evaluation Materials, all disputes and any claims arising under or relating to this Agreement shall be subject to the exclusive jurisdiction and venue of the state and federal courts located in Santa Clara County, California. Each party hereby agrees to jurisdiction and venue in the courts set forth in the preceding sentence. The parties agree that the United Nations Convention on Contracts for the International Sale of Goods is specifically excluded from application to this Agreement. The parties consent to the personal jurisdiction of the above courts.
build	Setup Android SDK	2026-06-29T21:15:37.3901034Z 
build	Setup Android SDK	2026-06-29T21:15:37.3903970Z 10.2 Remedies. Recipient acknowledges and agrees that any breach of confidentiality obligations under this Agreement or any licenses distributed with the Evaluation Materials, as well as any disclosure, commercialization, or public use of the Evaluation Materials, would cause irreparable injury to MIPS, and therefore Recipient agrees to consent to, and hereby consents to, the grant of an injunction by any court of competent jurisdiction in the event of an actual or threatened breach.
build	Setup Android SDK	2026-06-29T21:15:37.3907074Z 
build	Setup Android SDK	2026-06-29T21:15:37.3911059Z 10.3 Assignment. Recipient may not delegate, assign or transfer this Agreement, the license granted or any of Recipient’s rights, obligations, or duties hereunder, expressly, by implication, by operation of law, by way of merger (regardless of whether Recipient is the surviving entity) or acquisition, or otherwise and any attempt to do so, without MIPS’ express prior written consent, shall be ineffective, null and void. MIPS may freely assign this Agreement, and its rights and obligations hereunder, in its sole discretion.
build	Setup Android SDK	2026-06-29T21:15:37.3914541Z 
build	Setup Android SDK	2026-06-29T21:15:37.3917493Z 10.4 Entire Agreement. This Agreement constitutes the entire agreement between Recipient and MIPS and supersedes in their entirety any and all oral or written agreements previously existing between Recipient and MIPS with respect to the subject matter hereof. This Agreement may only be amended or supplemented by a writing that refers explicitly to this Agreement and that is signed or otherwise accepted by duly authorized representatives of Recipient and MIPS.
build	Setup Android SDK	2026-06-29T21:15:37.3921004Z 
build	Setup Android SDK	2026-06-29T21:15:37.3923882Z 10.5 Severability. In the event that any provision of this Agreement is finally adjudicated to be unenforceable or invalid under any applicable law, such unenforceability or invalidity shall not render this Agreement unenforceable or invalid as a whole, and, in such event, such unenforceable or invalid provision shall be interpreted so as to best accomplish the objectives of such provision within the limits of applicable law or applicable court decisions.
build	Setup Android SDK	2026-06-29T21:15:37.3926838Z 
build	Setup Android SDK	2026-06-29T21:15:37.3935600Z 10.6 Export Regulations / Export Control. Recipient shall not export, either directly or indirectly, any product, service or technical data or system incorporating the Evaluation Materials without first obtaining any required license or other necessary approval from the U.S. Department of Commerce or any other governing agency or department of the United States Government. In the event any product is exported from the United States or re-exported from a foreign destination by Recipient, Recipient shall ensure that the distribution and export/re-export or import of the product is in compliance with all applicable laws, regulations, orders, or other restrictions of the U.S. Export Administration Regulations and the appropriate foreign government. Recipient agrees that neither it nor any of its subsidiaries will export/re-export any technical data, process, product, or service, directly or indirectly, to any country for which the United States government or any agency thereof or the foreign government from where it is shipping requires an export license, or other governmental approval, without first obtaining such license or approval. Recipient also agrees to implement measures to ensure that foreign national employees are authorized to receive any information controlled by U.S. export control laws. An export is "deemed" to take place when information is released to a foreign national wherever located.
build	Setup Android SDK	2026-06-29T21:15:37.3945221Z 
build	Setup Android SDK	2026-06-29T21:15:37.3952318Z 10.7 Special Terms for Pre-Release Materials. If so indicated in the description of the Evaluation Software, the Evaluation Software may contain Pre-Release Materials. Recipient hereby understands, acknowledges and agrees that: (i) Pre-Release Materials may not be fully tested and may contain bugs or errors; (ii) Pre-Release materials are not suitable for commercial release in their current state; (iii) regulatory approvals for Pre-Release Materials (such as UL or FCC) have not been obtained, and Pre-Release Materials may therefore not be certified for use in certain countries or environments or may not be suitable for certain applications and (iv) MIPS can provide no assurance that it will ever produce or make generally available a production version of the Pre-Release Materials . MIPS is not under any obligation to develop and/or release or offer for sale or license a final product based upon the Pre-Release Materials and may unilaterally elect to abandon the Pre-Release Materials or any such development platform at any time and without any obligation or liability whatsoever to Recipient or any other person.
build	Setup Android SDK	2026-06-29T21:15:37.3959501Z 
build	Setup Android SDK	2026-06-29T21:15:37.3961054Z ANY PRE-RELEASE MATERIALS ARE NON-QUALIFIED AND, AS SUCH, ARE PROVIDED “AS IS” AND “AS AVAILABLE”, POSSIBLY WITH FAULTS, AND WITHOUT REPRESENTATION OR WARRANTY OF ANY KIND.
build	Setup Android SDK	2026-06-29T21:15:37.3962243Z 
build	Setup Android SDK	2026-06-29T21:15:37.3966116Z 10.8 Open Source Software. In the event Open Source software is included with Evaluation Software, such Open Source software is licensed pursuant to the applicable Open Source software license agreement identified in the Open Source software comments in the applicable source code file(s) and/or file header as indicated in the Evaluation Software. Additional detail may be available (where applicable) in the accompanying on-line documentation. With respect to the Open Source software, nothing in this Agreement limits any rights under, or grants rights that supersede, the terms of any applicable Open Source software license agreement.
build	Setup Android SDK	2026-06-29T21:15:37.3970906Z ---------------------------------------
build	Setup Android SDK	2026-06-29T21:15:37.3971491Z Accept? (y/N): All SDK package licenses accepted
build	Setup Android SDK	2026-06-29T21:15:37.3971901Z 
build	Setup Android SDK	2026-06-29T21:15:37.3972315Z [command]/usr/local/lib/android/sdk/cmdline-tools/16.0/bin/sdkmanager tools
build	Setup Android SDK	2026-06-29T21:15:38.0866720Z Loading package information...                                                  
build	Setup Android SDK	2026-06-29T21:15:38.1784009Z Loading local repository...                                                     
build	Setup Android SDK	2026-06-29T21:15:38.1786603Z [                                       ] 3% Loading local repository...        
build	Setup Android SDK	2026-06-29T21:15:38.1882521Z [                                       ] 3% Fetch remote repository...         
build	Setup Android SDK	2026-06-29T21:15:38.4803608Z [=                                      ] 3% Fetch remote repository...         
build	Setup Android SDK	2026-06-29T21:15:38.6231903Z [=                                      ] 4% Fetch remote repository...         
build	Setup Android SDK	2026-06-29T21:15:38.6522317Z [=                                      ] 5% Fetch remote repository...         
build	Setup Android SDK	2026-06-29T21:15:38.7152974Z [==                                     ] 5% Fetch remote repository...         
build	Setup Android SDK	2026-06-29T21:15:38.7886924Z [==                                     ] 6% Fetch remote repository...         
build	Setup Android SDK	2026-06-29T21:15:38.8721541Z [==                                     ] 7% Fetch remote repository...         
build	Setup Android SDK	2026-06-29T21:15:38.8722660Z [==                                     ] 7% Computing updates...               
build	Setup Android SDK	2026-06-29T21:15:38.8893607Z [===                                    ] 8% Computing updates...               
build	Setup Android SDK	2026-06-29T21:15:38.9082996Z [===                                    ] 10% Computing updates...              
build	Setup Android SDK	2026-06-29T21:15:39.2387614Z [===                                    ] 10% Installing Android Emulator       
build	Setup Android SDK	2026-06-29T21:15:39.3781647Z [===                                    ] 10% Downloading emulator-linux_x64-155
build	Setup Android SDK	2026-06-29T21:15:39.5194306Z [====                                   ] 10% Downloading emulator-linux_x64-155
build	Setup Android SDK	2026-06-29T21:15:39.7083836Z [====                                   ] 11% Downloading emulator-linux_x64-155
build	Setup Android SDK	2026-06-29T21:15:39.8867869Z [====                                   ] 12% Downloading emulator-linux_x64-155
build	Setup Android SDK	2026-06-29T21:15:39.9865030Z [=====                                  ] 13% Downloading emulator-linux_x64-155
build	Setup Android SDK	2026-06-29T21:15:40.0490402Z [=====                                  ] 14% Downloading emulator-linux_x64-155
build	Setup Android SDK	2026-06-29T21:15:40.0883852Z [=====                                  ] 15% Downloading emulator-linux_x64-155
build	Setup Android SDK	2026-06-29T21:15:40.1161469Z [======                                 ] 15% Downloading emulator-linux_x64-155
build	Setup Android SDK	2026-06-29T21:15:40.1829702Z [======                                 ] 16% Downloading emulator-linux_x64-155
build	Setup Android SDK	2026-06-29T21:15:40.2479324Z [======                                 ] 17% Downloading emulator-linux_x64-155
build	Setup Android SDK	2026-06-29T21:15:40.3325841Z [=======                                ] 18% Downloading emulator-linux_x64-155
build	Setup Android SDK	2026-06-29T21:15:40.4005528Z [=======                                ] 19% Downloading emulator-linux_x64-155
build	Setup Android SDK	2026-06-29T21:15:40.4255250Z [=======                                ] 20% Downloading emulator-linux_x64-155
build	Setup Android SDK	2026-06-29T21:15:40.4641331Z [========                               ] 20% Downloading emulator-linux_x64-155
build	Setup Android SDK	2026-06-29T21:15:40.5218393Z [========                               ] 21% Downloading emulator-linux_x64-155
build	Setup Android SDK	2026-06-29T21:15:40.5959288Z [========                               ] 21% Unzipping...                      
build	Setup Android SDK	2026-06-29T21:15:40.5990096Z [========                               ] 21% Unzipping... emulator/            
build	Setup Android SDK	2026-06-29T21:15:40.5991215Z [========                               ] 21% Unzipping... emulator/resources/  
build	Setup Android SDK	2026-06-29T21:15:40.6441423Z [========                               ] 21% Unzipping... emulator/qsn         
build	Setup Android SDK	2026-06-29T21:15:40.6552631Z [========                               ] 21% Unzipping... emulator/emulator    
build	Setup Android SDK	2026-06-29T21:15:40.7768683Z [========                               ] 21% Unzipping... emulator/netsimd     
build	Setup Android SDK	2026-06-29T21:15:40.8531531Z [========                               ] 22% Unzipping... emulator/netsimd     
build	Setup Android SDK	2026-06-29T21:15:40.8541324Z [========                               ] 22% Unzipping... emulator/bin64/      
build	Setup Android SDK	2026-06-29T21:15:40.8581562Z [========                               ] 22% Unzipping... emulator/qemu/       
build	Setup Android SDK	2026-06-29T21:15:40.8582279Z [========                               ] 22% Unzipping... emulator/NOTICE.txt  
build	Setup Android SDK	2026-06-29T21:15:40.8716784Z [========                               ] 22% Unzipping... emulator/crashpad_han
build	Setup Android SDK	2026-06-29T21:15:40.8719405Z [========                               ] 22% Unzipping... emulator/source.prope
build	Setup Android SDK	2026-06-29T21:15:40.9186322Z [========                               ] 22% Unzipping... emulator/nimble_bridg
build	Setup Android SDK	2026-06-29T21:15:40.9192624Z [========                               ] 22% Unzipping... emulator/LICENSE     
build	Setup Android SDK	2026-06-29T21:15:40.9193385Z [========                               ] 22% Unzipping... emulator/lib/        
build	Setup Android SDK	2026-06-29T21:15:40.9272665Z [========                               ] 22% Unzipping... emulator/qemu-img    
build	Setup Android SDK	2026-06-29T21:15:40.9273416Z [========                               ] 22% Unzipping... emulator/include/    
build	Setup Android SDK	2026-06-29T21:15:40.9285060Z [========                               ] 22% Unzipping... emulator/NOTICE.csv  
build	Setup Android SDK	2026-06-29T21:15:40.9285802Z [========                               ] 22% Unzipping... emulator/lib64/      
build	Setup Android SDK	2026-06-29T21:15:40.9447845Z [========                               ] 22% Unzipping... emulator/emulator-che
build	Setup Android SDK	2026-06-29T21:15:40.9635482Z [========                               ] 22% Unzipping... emulator/crashreport 
build	Setup Android SDK	2026-06-29T21:15:40.9643505Z [========                               ] 22% Unzipping... emulator/mksdcard    
build	Setup Android SDK	2026-06-29T21:15:40.9881488Z [========                               ] 22% Unzipping... emulator/resources/To
build	Setup Android SDK	2026-06-29T21:15:40.9895703Z [========                               ] 22% Unzipping... emulator/resources/de
build	Setup Android SDK	2026-06-29T21:15:41.0022002Z [========                               ] 22% Unzipping... emulator/resources/To
build	Setup Android SDK	2026-06-29T21:15:41.0022879Z [========                               ] 22% Unzipping... emulator/resources/ma
build	Setup Android SDK	2026-06-29T21:15:41.0059706Z [========                               ] 22% Unzipping... emulator/resources/de
build	Setup Android SDK	2026-06-29T21:15:41.0061195Z [========                               ] 22% Unzipping... emulator/resources/sk
build	Setup Android SDK	2026-06-29T21:15:41.0105358Z [========                               ] 22% Unzipping... emulator/resources/de
build	Setup Android SDK	2026-06-29T21:15:41.0106258Z [========                               ] 22% Unzipping... emulator/resources/ma
build	Setup Android SDK	2026-06-29T21:15:41.0121980Z [========                               ] 22% Unzipping... emulator/resources/po
build	Setup Android SDK	2026-06-29T21:15:41.0234615Z [========                               ] 22% Unzipping... emulator/resources/ma
build	Setup Android SDK	2026-06-29T21:15:41.0313809Z [========                               ] 22% Unzipping... emulator/resources/sk
build	Setup Android SDK	2026-06-29T21:15:41.0341268Z [========                               ] 22% Unzipping... emulator/resources/ma
build	Setup Android SDK	2026-06-29T21:15:41.0378098Z [========                               ] 22% Unzipping... emulator/bin64/e2fsck
build	Setup Android SDK	2026-06-29T21:15:41.0424072Z [========                               ] 22% Unzipping... emulator/bin64/fsck.e
build	Setup Android SDK	2026-06-29T21:15:41.0444280Z [========                               ] 22% Unzipping... emulator/bin64/tune2f
build	Setup Android SDK	2026-06-29T21:15:41.0457257Z [========                               ] 22% Unzipping... emulator/bin64/resize
build	Setup Android SDK	2026-06-29T21:15:41.0480037Z [========                               ] 22% Unzipping... emulator/bin64/mkfs.e
build	Setup Android SDK	2026-06-29T21:15:41.0748664Z [========                               ] 22% Unzipping... emulator/qemu/linux-x
build	Setup Android SDK	2026-06-29T21:15:41.4273457Z [=========                              ] 23% Unzipping... emulator/qemu/linux-x
build	Setup Android SDK	2026-06-29T21:15:41.7528016Z [=========                              ] 24% Unzipping... emulator/qemu/linux-x
build	Setup Android SDK	2026-06-29T21:15:41.9075725Z [=========                              ] 25% Unzipping... emulator/qemu/linux-x
build	Setup Android SDK	2026-06-29T21:15:42.0663171Z [==========                             ] 25% Unzipping... emulator/qemu/linux-x
build	Setup Android SDK	2026-06-29T21:15:42.0665643Z [==========                             ] 25% Unzipping... emulator/lib/emulator
build	Setup Android SDK	2026-06-29T21:15:42.0668839Z [==========                             ] 25% Unzipping... emulator/lib/rtc_serv
build	Setup Android SDK	2026-06-29T21:15:42.0674125Z [==========                             ] 25% Unzipping... emulator/lib/advanced
build	Setup Android SDK	2026-06-29T21:15:42.0675261Z [==========                             ] 25% Unzipping... emulator/lib/cmake/  
build	Setup Android SDK	2026-06-29T21:15:42.0677239Z [==========                             ] 25% Unzipping... emulator/lib/emulator
build	Setup Android SDK	2026-06-29T21:15:42.0680399Z [==========                             ] 25% Unzipping... emulator/lib/control_
build	Setup Android SDK	2026-06-29T21:15:42.0683549Z [==========                             ] 25% Unzipping... emulator/lib/emulated
build	Setup Android SDK	2026-06-29T21:15:42.0686449Z [==========                             ] 25% Unzipping... emulator/lib/rtc_serv
build	Setup Android SDK	2026-06-29T21:15:42.0689939Z [==========                             ] 25% Unzipping... emulator/lib/emu-orig
build	Setup Android SDK	2026-06-29T21:15:42.0693934Z [==========                             ] 25% Unzipping... emulator/lib/hardware
build	Setup Android SDK	2026-06-29T21:15:42.0694984Z [==========                             ] 25% Unzipping... emulator/lib/pkgconfi
build	Setup Android SDK	2026-06-29T21:15:42.0696044Z [==========                             ] 25% Unzipping... emulator/lib/pc-bios/
build	Setup Android SDK	2026-06-29T21:15:42.0699360Z [==========                             ] 25% Unzipping... emulator/lib/snapshot
build	Setup Android SDK	2026-06-29T21:15:42.0703990Z [==========                             ] 25% Unzipping... emulator/lib/adb_serv
build	Setup Android SDK	2026-06-29T21:15:42.0711961Z [==========                             ] 25% Unzipping... emulator/lib/hostapd.
build	Setup Android SDK	2026-06-29T21:15:42.0713332Z [==========                             ] 25% Unzipping... emulator/lib/grpc_end
build	Setup Android SDK	2026-06-29T21:15:42.0729123Z [==========                             ] 25% Unzipping... emulator/lib/ca-bundl
build	Setup Android SDK	2026-06-29T21:15:42.0732063Z [==========                             ] 25% Unzipping... emulator/lib/ui_contr
build	Setup Android SDK	2026-06-29T21:15:42.0735913Z [==========                             ] 25% Unzipping... emulator/lib/snapshot
build	Setup Android SDK	2026-06-29T21:15:42.0739544Z [==========                             ] 25% Unzipping... emulator/lib/ice_conf
build	Setup Android SDK	2026-06-29T21:15:42.0962807Z [==========                             ] 25% Unzipping... emulator/lib/libflatb
build	Setup Android SDK	2026-06-29T21:15:42.1065444Z [==========                             ] 26% Unzipping... emulator/lib/libflatb
build	Setup Android SDK	2026-06-29T21:15:42.1091332Z [==========                             ] 26% Unzipping... emulator/lib/emulator
build	Setup Android SDK	2026-06-29T21:15:42.1101396Z [==========                             ] 26% Unzipping... emulator/lib/waterfal
build	Setup Android SDK	2026-06-29T21:15:42.1121561Z [==========                             ] 26% Unzipping... emulator/lib/emulated
build	Setup Android SDK	2026-06-29T21:15:42.1141563Z [==========                             ] 26% Unzipping... emulator/lib/cmake/fl
build	Setup Android SDK	2026-06-29T21:15:42.1142315Z [==========                             ] 26% Unzipping... emulator/lib/pkgconfi
build	Setup Android SDK	2026-06-29T21:15:42.1291865Z [==========                             ] 26% Unzipping... emulator/lib/pc-bios/
build	Setup Android SDK	2026-06-29T21:15:42.1379815Z [==========                             ] 26% Unzipping... emulator/include/flat
build	Setup Android SDK	2026-06-29T21:15:42.1471060Z [==========                             ] 26% Unzipping... emulator/lib64/libgli
build	Setup Android SDK	2026-06-29T21:15:42.1587943Z [==========                             ] 26% Unzipping... emulator/lib64/libpro
build	Setup Android SDK	2026-06-29T21:15:42.1588688Z [==========                             ] 26% Unzipping... emulator/lib64/qt/   
build	Setup Android SDK	2026-06-29T21:15:42.1978554Z [==========                             ] 26% Unzipping... emulator/lib64/liband
build	Setup Android SDK	2026-06-29T21:15:42.2671262Z [==========                             ] 26% Unzipping... emulator/lib64/libgfx
build	Setup Android SDK	2026-06-29T21:15:42.2672028Z [==========                             ] 26% Unzipping... emulator/lib64/gles_l
build	Setup Android SDK	2026-06-29T21:15:42.2680173Z [==========                             ] 26% Unzipping... emulator/lib64/liband
build	Setup Android SDK	2026-06-29T21:15:42.2681411Z [==========                             ] 26% Unzipping... emulator/lib64/vulkan
build	Setup Android SDK	2026-06-29T21:15:42.2682132Z [==========                             ] 26% Unzipping... emulator/lib64/gles_s
build	Setup Android SDK	2026-06-29T21:15:42.2685818Z [==========                             ] 26% Unzipping... emulator/lib64/libemu
build	Setup Android SDK	2026-06-29T21:15:42.2804806Z [==========                             ] 26% Unzipping... emulator/lib64/libpro
build	Setup Android SDK	2026-06-29T21:15:42.4129758Z [==========                             ] 26% Unzipping... emulator/lib64/liband
build	Setup Android SDK	2026-06-29T21:15:42.4148329Z [==========                             ] 26% Unzipping... emulator/lib64/libtcm
build	Setup Android SDK	2026-06-29T21:15:42.4151002Z [==========                             ] 26% Unzipping... emulator/lib64/libima
build	Setup Android SDK	2026-06-29T21:15:42.4213053Z [==========                             ] 26% Unzipping... emulator/lib64/libc++
build	Setup Android SDK	2026-06-29T21:15:42.4462038Z [==========                             ] 26% Unzipping... emulator/lib64/liband
build	Setup Android SDK	2026-06-29T21:15:42.4531338Z [==========                             ] 26% Unzipping... emulator/lib64/libabs
build	Setup Android SDK	2026-06-29T21:15:42.4551318Z [==========                             ] 26% Unzipping... emulator/lib64/gles_a
build	Setup Android SDK	2026-06-29T21:15:42.4629259Z [==========                             ] 26% Unzipping... emulator/lib64/libsha
build	Setup Android SDK	2026-06-29T21:15:42.4716701Z [==========                             ] 26% Unzipping... emulator/lib64/libc++
build	Setup Android SDK	2026-06-29T21:15:42.4718756Z [==========                             ] 26% Unzipping... emulator/lib64/qt/res
build	Setup Android SDK	2026-06-29T21:15:42.4720337Z [==========                             ] 26% Unzipping... emulator/lib64/qt/lib
build	Setup Android SDK	2026-06-29T21:15:42.4721986Z [==========                             ] 26% Unzipping... emulator/lib64/qt/tra
build	Setup Android SDK	2026-06-29T21:15:42.4722901Z [==========                             ] 26% Unzipping... emulator/lib64/qt/plu
build	Setup Android SDK	2026-06-29T21:15:42.4770445Z [==========                             ] 26% Unzipping... emulator/lib64/qt/res
build	Setup Android SDK	2026-06-29T21:15:42.5444677Z [==========                             ] 27% Unzipping... emulator/lib64/qt/res
build	Setup Android SDK	2026-06-29T21:15:42.6334566Z [==========                             ] 27% Unzipping... emulator/lib64/qt/lib
build	Setup Android SDK	2026-06-29T21:15:42.9992324Z [===========                            ] 28% Unzipping... emulator/lib64/qt/lib
build	Setup Android SDK	2026-06-29T21:15:43.3815708Z [===========                            ] 29% Unzipping... emulator/lib64/qt/lib
build	Setup Android SDK	2026-06-29T21:15:43.5524831Z [===========                            ] 30% Unzipping... emulator/lib64/qt/lib
build	Setup Android SDK	2026-06-29T21:15:43.6948413Z [============                           ] 30% Unzipping... emulator/lib64/qt/lib
build	Setup Android SDK	2026-06-29T21:15:43.7579025Z [============                           ] 30% Unzipping... emulator/lib64/qt/tra
build	Setup Android SDK	2026-06-29T21:15:43.8024465Z [============                           ] 31% Unzipping... emulator/lib64/qt/tra
build	Setup Android SDK	2026-06-29T21:15:43.8141729Z [============                           ] 31% Unzipping... emulator/lib64/qt/plu
build	Setup Android SDK	2026-06-29T21:15:43.8968721Z [============                           ] 31% Unzipping... emulator/lib64/gles_l
build	Setup Android SDK	2026-06-29T21:15:44.1243895Z [============                           ] 31% Unzipping... emulator/lib64/vulkan
build	Setup Android SDK	2026-06-29T21:15:44.4416311Z [============                           ] 32% Unzipping... emulator/lib64/vulkan
build	Setup Android SDK	2026-06-29T21:15:44.5079362Z [============                           ] 32% Unzipping... emulator/lib64/gles_s
build	Setup Android SDK	2026-06-29T21:15:44.5644916Z [============                           ] 32% Unzipping... emulator/lib64/gles_a
build	Setup Android SDK	2026-06-29T21:15:44.6241392Z [=============                          ] 33% Unzipping... emulator/lib64/gles_a
build	Setup Android SDK	2026-06-29T21:15:44.9003340Z [=====================                  ] 55% Unzipping... emulator/lib64/gles_a
build	Setup Android SDK	2026-06-29T21:15:44.9259426Z [=====================                  ] 55% Installing Android SDK Tools emula
build	Setup Android SDK	2026-06-29T21:15:44.9367948Z [=====================                  ] 55% Downloading sdk-tools-linux-433379
build	Setup Android SDK	2026-06-29T21:15:44.9563326Z [======================                 ] 55% Downloading sdk-tools-linux-433379
build	Setup Android SDK	2026-06-29T21:15:45.0241860Z [======================                 ] 56% Downloading sdk-tools-linux-433379
build	Setup Android SDK	2026-06-29T21:15:45.1019070Z [======================                 ] 57% Downloading sdk-tools-linux-433379
build	Setup Android SDK	2026-06-29T21:15:45.1538310Z [=======================                ] 58% Downloading sdk-tools-linux-433379
build	Setup Android SDK	2026-06-29T21:15:45.1876618Z [=======================                ] 59% Downloading sdk-tools-linux-433379
build	Setup Android SDK	2026-06-29T21:15:45.2119946Z [=======================                ] 60% Downloading sdk-tools-linux-433379
build	Setup Android SDK	2026-06-29T21:15:45.2265413Z [========================               ] 60% Downloading sdk-tools-linux-433379
build	Setup Android SDK	2026-06-29T21:15:45.2639317Z [========================               ] 61% Downloading sdk-tools-linux-433379
build	Setup Android SDK	2026-06-29T21:15:45.2995746Z [========================               ] 62% Downloading sdk-tools-linux-433379
build	Setup Android SDK	2026-06-29T21:15:45.3320651Z [=========================              ] 63% Downloading sdk-tools-linux-433379
build	Setup Android SDK	2026-06-29T21:15:45.3766316Z [=========================              ] 64% Downloading sdk-tools-linux-433379
build	Setup Android SDK	2026-06-29T21:15:45.3944438Z [=========================              ] 65% Downloading sdk-tools-linux-433379
build	Setup Android SDK	2026-06-29T21:15:45.4122561Z [==========================             ] 65% Downloading sdk-tools-linux-433379
build	Setup Android SDK	2026-06-29T21:15:45.4318639Z [==========================             ] 66% Downloading sdk-tools-linux-433379
build	Setup Android SDK	2026-06-29T21:15:45.4862156Z [==========================             ] 66% Unzipping... emulator/lib64/gles_a
build	Setup Android SDK	2026-06-29T21:15:45.4863122Z [==========================             ] 66% Unzipping... tools/               
build	Setup Android SDK	2026-06-29T21:15:45.4864574Z [==========================             ] 66% Unzipping... tools/proguard/      
build	Setup Android SDK	2026-06-29T21:15:45.4865562Z [==========================             ] 66% Unzipping... tools/proguard/licens
build	Setup Android SDK	2026-06-29T21:15:45.4866518Z [==========================             ] 66% Unzipping... tools/proguard/lib/  
build	Setup Android SDK	2026-06-29T21:15:45.4909985Z [==========================             ] 66% Unzipping... tools/proguard/lib/pr
build	Setup Android SDK	2026-06-29T21:15:45.4912276Z [==========================             ] 66% Unzipping... tools/proguard/lib/re
build	Setup Android SDK	2026-06-29T21:15:45.4924537Z [==========================             ] 66% Unzipping... tools/proguard/lib/pr
build	Setup Android SDK	2026-06-29T21:15:45.4925926Z [==========================             ] 66% Unzipping... tools/proguard/ant/  
build	Setup Android SDK	2026-06-29T21:15:45.4927252Z [==========================             ] 66% Unzipping... tools/proguard/ant/ta
build	Setup Android SDK	2026-06-29T21:15:45.4928193Z [==========================             ] 66% Unzipping... tools/proguard/docs/ 
build	Setup Android SDK	2026-06-29T21:15:45.4931199Z [==========================             ] 66% Unzipping... tools/proguard/docs/f
build	Setup Android SDK	2026-06-29T21:15:45.4940022Z [==========================             ] 66% Unzipping... tools/proguard/docs/s
build	Setup Android SDK	2026-06-29T21:15:45.4941743Z [==========================             ] 66% Unzipping... tools/proguard/docs/d
build	Setup Android SDK	2026-06-29T21:15:45.4945491Z [==========================             ] 66% Unzipping... tools/proguard/docs/s
build	Setup Android SDK	2026-06-29T21:15:45.4948832Z [==========================             ] 66% Unzipping... tools/proguard/docs/F
build	Setup Android SDK	2026-06-29T21:15:45.4953980Z [==========================             ] 66% Unzipping... tools/proguard/docs/s
build	Setup Android SDK	2026-06-29T21:15:45.4956059Z [==========================             ] 66% Unzipping... tools/proguard/docs/l
build	Setup Android SDK	2026-06-29T21:15:45.4960765Z [==========================             ] 66% Unzipping... tools/proguard/docs/s
build	Setup Android SDK	2026-06-29T21:15:45.4964730Z [==========================             ] 66% Unzipping... tools/proguard/docs/d
build	Setup Android SDK	2026-06-29T21:15:45.4972068Z [==========================             ] 66% Unzipping... tools/proguard/docs/s
build	Setup Android SDK	2026-06-29T21:15:45.4974642Z [==========================             ] 66% Unzipping... tools/proguard/docs/r
build	Setup Android SDK	2026-06-29T21:15:45.4976922Z [==========================             ] 66% Unzipping... tools/proguard/docs/d
build	Setup Android SDK	2026-06-29T21:15:45.4979299Z [==========================             ] 66% Unzipping... tools/proguard/docs/t
build	Setup Android SDK	2026-06-29T21:15:45.4982376Z [==========================             ] 66% Unzipping... tools/proguard/docs/f
build	Setup Android SDK	2026-06-29T21:15:45.4986012Z [==========================             ] 66% Unzipping... tools/proguard/docs/s
build	Setup Android SDK	2026-06-29T21:15:45.4988281Z [==========================             ] 66% Unzipping... tools/proguard/docs/t
build	Setup Android SDK	2026-06-29T21:15:45.4990918Z [==========================             ] 66% Unzipping... tools/proguard/docs/i
build	Setup Android SDK	2026-06-29T21:15:45.4994899Z [==========================             ] 66% Unzipping... tools/proguard/docs/s
build	Setup Android SDK	2026-06-29T21:15:45.4997364Z [==========================             ] 66% Unzipping... tools/proguard/docs/m
build	Setup Android SDK	2026-06-29T21:15:45.4999780Z [==========================             ] 66% Unzipping... tools/proguard/docs/s
build	Setup Android SDK	2026-06-29T21:15:45.5011993Z [==========================             ] 66% Unzipping... tools/proguard/docs/q
build	Setup Android SDK	2026-06-29T21:15:45.5012862Z [==========================             ] 66% Unzipping... tools/proguard/docs/G
build	Setup Android SDK	2026-06-29T21:15:45.5013787Z [==========================             ] 66% Unzipping... tools/proguard/docs/t
build	Setup Android SDK	2026-06-29T21:15:45.5023143Z [==========================             ] 66% Unzipping... tools/proguard/docs/s
build	Setup Android SDK	2026-06-29T21:15:45.5073273Z [==========================             ] 66% Unzipping... tools/proguard/docs/m
build	Setup Android SDK	2026-06-29T21:15:45.5074890Z [==========================             ] 66% Unzipping... tools/proguard/docs/s
build	Setup Android SDK	2026-06-29T21:15:45.5077109Z [==========================             ] 66% Unzipping... tools/proguard/docs/G
build	Setup Android SDK	2026-06-29T21:15:45.5079323Z [==========================             ] 66% Unzipping... tools/proguard/docs/c
build	Setup Android SDK	2026-06-29T21:15:45.5085557Z [==========================             ] 66% Unzipping... tools/proguard/docs/a
build	Setup Android SDK	2026-06-29T21:15:45.5095609Z [==========================             ] 66% Unzipping... tools/proguard/docs/s
build	Setup Android SDK	2026-06-29T21:15:45.5097218Z [==========================             ] 66% Unzipping... tools/proguard/docs/d
build	Setup Android SDK	2026-06-29T21:15:45.5186672Z [==========================             ] 66% Unzipping... tools/proguard/exampl
build	Setup Android SDK	2026-06-29T21:15:45.5187690Z [==========================             ] 66% Unzipping... tools/proguard/bin/  
build	Setup Android SDK	2026-06-29T21:15:45.5192506Z [==========================             ] 66% Unzipping... tools/proguard/bin/pr
build	Setup Android SDK	2026-06-29T21:15:45.5195030Z [==========================             ] 66% Unzipping... tools/proguard/bin/re
build	Setup Android SDK	2026-06-29T21:15:45.5197319Z [==========================             ] 66% Unzipping... tools/proguard/README
build	Setup Android SDK	2026-06-29T21:15:45.5204485Z [==========================             ] 66% Unzipping... tools/proguard/progua
build	Setup Android SDK	2026-06-29T21:15:45.5205429Z [==========================             ] 66% Unzipping... tools/lib/           
build	Setup Android SDK	2026-06-29T21:15:45.5250570Z [==========================             ] 66% Unzipping... tools/lib/bcpkix-jdk1
build	Setup Android SDK	2026-06-29T21:15:45.5259797Z [==========================             ] 66% Unzipping... tools/lib/org-eclipse
build	Setup Android SDK	2026-06-29T21:15:45.5272685Z [==========================             ] 66% Unzipping... tools/lib/manifest-me
build	Setup Android SDK	2026-06-29T21:15:45.5279049Z [==========================             ] 66% Unzipping... tools/lib/jcommander-
build	Setup Android SDK	2026-06-29T21:15:45.5291887Z [==========================             ] 66% Unzipping... tools/lib/gson-2.3.ja
build	Setup Android SDK	2026-06-29T21:15:45.5294674Z [==========================             ] 66% Unzipping... tools/lib/ddms-26.0.0
build	Setup Android SDK	2026-06-29T21:15:45.5304339Z [==========================             ] 66% Unzipping... tools/lib/asm-tree-5.
build	Setup Android SDK	2026-06-29T21:15:45.5344893Z [==========================             ] 66% Unzipping... tools/lib/uast-26.0.0
build	Setup Android SDK	2026-06-29T21:15:45.5354185Z [==========================             ] 66% Unzipping... tools/lib/dexlib2-2.2
build	Setup Android SDK	2026-06-29T21:15:45.5393076Z [==========================             ] 67% Unzipping... tools/lib/dexlib2-2.2
build	Setup Android SDK	2026-06-29T21:15:45.5394313Z [==========================             ] 67% Unzipping... tools/lib/android.el 
build	Setup Android SDK	2026-06-29T21:15:45.5400305Z [==========================             ] 67% Unzipping... tools/lib/apkanalyzer
build	Setup Android SDK	2026-06-29T21:15:45.5519805Z [==========================             ] 67% Unzipping... tools/lib/guava-22.0.
build	Setup Android SDK	2026-06-29T21:15:45.5561919Z [==========================             ] 67% Unzipping... tools/lib/lint-api-26
build	Setup Android SDK	2026-06-29T21:15:45.5562930Z [==========================             ] 67% Unzipping... tools/lib/baksmali-2.
build	Setup Android SDK	2026-06-29T21:15:45.5563977Z [==========================             ] 67% Unzipping... tools/lib/shared.jar 
build	Setup Android SDK	2026-06-29T21:15:45.5564932Z [==========================             ] 67% Unzipping... tools/lib/jsr305-1.3.
build	Setup Android SDK	2026-06-29T21:15:45.5591242Z [==========================             ] 67% Unzipping... tools/lib/httpclient-
build	Setup Android SDK	2026-06-29T21:15:45.5693255Z [==========================             ] 67% Unzipping... tools/lib/ecj-4.6.1.j
build	Setup Android SDK	2026-06-29T21:15:45.5696186Z [==========================             ] 67% Unzipping... tools/lib/jobb-26.0.0
build	Setup Android SDK	2026-06-29T21:15:45.5713904Z [==========================             ] 67% Unzipping... tools/lib/jcommon-1.0
build	Setup Android SDK	2026-06-29T21:15:45.5717989Z [==========================             ] 67% Unzipping... tools/lib/kxml2-2.3.0
build	Setup Android SDK	2026-06-29T21:15:45.5781556Z [==========================             ] 67% Unzipping... tools/lib/jfreechart-
build	Setup Android SDK	2026-06-29T21:15:45.5790829Z [==========================             ] 67% Unzipping... tools/lib/common-26.0
build	Setup Android SDK	2026-06-29T21:15:45.5842635Z [==========================             ] 67% Unzipping... tools/lib/lint-checks
build	Setup Android SDK	2026-06-29T21:15:45.5950197Z [==========================             ] 67% Unzipping... tools/lib/kotlin-refl
build	Setup Android SDK	2026-06-29T21:15:45.5953648Z [==========================             ] 67% Unzipping... tools/lib/builder-mod
build	Setup Android SDK	2026-06-29T21:15:45.5990259Z [==========================             ] 67% Unzipping... tools/lib/sdklib-26.0
build	Setup Android SDK	2026-06-29T21:15:45.6021515Z [==========================             ] 67% Unzipping... tools/lib/layoutlib-a
build	Setup Android SDK	2026-06-29T21:15:45.6022485Z [==========================             ] 67% Unzipping... tools/lib/annotations
build	Setup Android SDK	2026-06-29T21:15:45.6023102Z [==========================             ] 67% Unzipping... tools/lib/fat32lib.ja
build	Setup Android SDK	2026-06-29T21:15:45.6023649Z [==========================             ] 67% Unzipping... tools/lib/jsr305-3.0.
build	Setup Android SDK	2026-06-29T21:15:45.6080272Z [==========================             ] 67% Unzipping... tools/lib/org-eclipse
build	Setup Android SDK	2026-06-29T21:15:45.6081562Z [==========================             ] 67% Unzipping... tools/lib/error_prone
build	Setup Android SDK	2026-06-29T21:15:45.6084144Z [==========================             ] 67% Unzipping... tools/lib/org-eclipse
build	Setup Android SDK	2026-06-29T21:15:45.6086360Z [==========================             ] 67% Unzipping... tools/lib/animal-snif
build	Setup Android SDK	2026-06-29T21:15:45.6124485Z [==========================             ] 67% Unzipping... tools/lib/asset-studi
build	Setup Android SDK	2026-06-29T21:15:45.6150765Z [===========================            ] 68% Unzipping... tools/lib/asset-studi
build	Setup Android SDK	2026-06-29T21:15:45.6163330Z [===========================            ] 68% Unzipping... tools/lib/repository-
build	Setup Android SDK	2026-06-29T21:15:45.6166822Z [===========================            ] 68% Unzipping... tools/lib/dvlib-26.0.
build	Setup Android SDK	2026-06-29T21:15:45.6194607Z [===========================            ] 68% Unzipping... tools/lib/jsilver-1.0
build	Setup Android SDK	2026-06-29T21:15:45.6199470Z [===========================            ] 68% Unzipping... tools/lib/asm-5.1.jar
build	Setup Android SDK	2026-06-29T21:15:45.6201575Z [===========================            ] 68% Unzipping... tools/lib/devices.xml
build	Setup Android SDK	2026-06-29T21:15:45.6205075Z [===========================            ] 68% Unzipping... tools/lib/asm-analysi
build	Setup Android SDK	2026-06-29T21:15:45.6226622Z [===========================            ] 68% Unzipping... tools/lib/hierarchyvi
build	Setup Android SDK	2026-06-29T21:15:45.6233822Z [===========================            ] 68% Unzipping... tools/lib/monkeyrunne
build	Setup Android SDK	2026-06-29T21:15:45.6240385Z [===========================            ] 68% Unzipping... tools/lib/uiautomator
build	Setup Android SDK	2026-06-29T21:15:45.6241699Z [===========================            ] 68% Unzipping... tools/lib/archquery-2
build	Setup Android SDK	2026-06-29T21:15:45.6246268Z [===========================            ] 68% Unzipping... tools/lib/chimpchat-2
build	Setup Android SDK	2026-06-29T21:15:45.6249131Z [===========================            ] 68% Unzipping... tools/lib/explainer.j
build	Setup Android SDK	2026-06-29T21:15:45.6291905Z [===========================            ] 68% Unzipping... tools/lib/ddmlib-26.0
build	Setup Android SDK	2026-06-29T21:15:45.6292935Z [===========================            ] 68% Unzipping... tools/lib/swtmenubar-
build	Setup Android SDK	2026-06-29T21:15:45.6338910Z [===========================            ] 68% Unzipping... tools/lib/osgi-4.0.0.
build	Setup Android SDK	2026-06-29T21:15:45.6339920Z [===========================            ] 68% Unzipping... tools/lib/x86_64/    
build	Setup Android SDK	2026-06-29T21:15:45.6411347Z [===========================            ] 68% Unzipping... tools/lib/x86_64/swt.
build	Setup Android SDK	2026-06-29T21:15:45.6844081Z [===========================            ] 68% Unzipping... tools/lib/monitor-x86
build	Setup Android SDK	2026-06-29T21:15:45.7583351Z [===========================            ] 69% Unzipping... tools/lib/monitor-x86
build	Setup Android SDK	2026-06-29T21:15:45.8105917Z [===========================            ] 70% Unzipping... tools/lib/monitor-x86
build	Setup Android SDK	2026-06-29T21:15:45.8536232Z [============================           ] 70% Unzipping... tools/lib/monitor-x86
build	Setup Android SDK	2026-06-29T21:15:45.9978544Z [============================           ] 71% Unzipping... tools/lib/monitor-x86
build	Setup Android SDK	2026-06-29T21:15:45.9981190Z [============================           ] 71% Unzipping... tools/lib/httpmime-4.
build	Setup Android SDK	2026-06-29T21:15:45.9983271Z [============================           ] 71% Unzipping... tools/lib/annotations
build	Setup Android SDK	2026-06-29T21:15:45.9996504Z [============================           ] 71% Unzipping... tools/lib/lint-26.0.0
build	Setup Android SDK	2026-06-29T21:15:46.0011232Z [============================           ] 71% Unzipping... tools/lib/apkanalyzer
build	Setup Android SDK	2026-06-29T21:15:46.0012029Z [============================           ] 71% Unzipping... tools/lib/binary-reso
build	Setup Android SDK	2026-06-29T21:15:46.0013523Z [============================           ] 71% Unzipping... tools/lib/jopt-simple
build	Setup Android SDK	2026-06-29T21:15:46.0019731Z [============================           ] 71% Unzipping... tools/lib/util-2.2.1.
build	Setup Android SDK	2026-06-29T21:15:46.0036002Z [============================           ] 71% Unzipping... tools/lib/ddmuilib-26
build	Setup Android SDK	2026-06-29T21:15:46.0049590Z [============================           ] 72% Unzipping... tools/lib/ddmuilib-26
build	Setup Android SDK	2026-06-29T21:15:46.0094973Z [============================           ] 72% Unzipping... tools/lib/sdk-common-
build	Setup Android SDK	2026-06-29T21:15:46.0103311Z [============================           ] 72% Unzipping... tools/lib/traceview-2
build	Setup Android SDK	2026-06-29T21:15:46.0115666Z [============================           ] 72% Unzipping... tools/lib/httpcore-4.
build	Setup Android SDK	2026-06-29T21:15:46.0118184Z [============================           ] 72% Unzipping... tools/lib/screenshot2
build	Setup Android SDK	2026-06-29T21:15:46.0129795Z [============================           ] 72% Unzipping... tools/lib/commons-cod
build	Setup Android SDK	2026-06-29T21:15:46.0132186Z [============================           ] 72% Unzipping... tools/lib/proguard-pr
build	Setup Android SDK	2026-06-29T21:15:46.0661522Z [============================           ] 72% Unzipping... tools/lib/jython-stan
build	Setup Android SDK	2026-06-29T21:15:46.0709947Z [=============================          ] 73% Unzipping... tools/lib/jython-stan
build	Setup Android SDK	2026-06-29T21:15:46.0713054Z [=============================          ] 73% Unzipping... tools/lib/annotations
build	Setup Android SDK	2026-06-29T21:15:46.0718005Z [=============================          ] 73% Unzipping... tools/lib/commons-log
build	Setup Android SDK	2026-06-29T21:15:46.0779536Z [=============================          ] 73% Unzipping... tools/lib/protobuf-ja
build	Setup Android SDK	2026-06-29T21:15:46.0784296Z [=============================          ] 73% Unzipping... tools/lib/fakeadbserv
build	Setup Android SDK	2026-06-29T21:15:46.0925974Z [=============================          ] 73% Unzipping... tools/lib/bcprov-jdk1
build	Setup Android SDK	2026-06-29T21:15:46.0926839Z [=============================          ] 73% Unzipping... tools/lib/x86/       
build	Setup Android SDK	2026-06-29T21:15:46.0990573Z [=============================          ] 73% Unzipping... tools/lib/x86/swt.jar
build	Setup Android SDK	2026-06-29T21:15:46.1032885Z [=============================          ] 73% Unzipping... tools/lib/kotlin-stdl
build	Setup Android SDK	2026-06-29T21:15:46.1055074Z [=============================          ] 73% Unzipping... tools/lib/commons-com
build	Setup Android SDK	2026-06-29T21:15:46.1089040Z [=============================          ] 73% Unzipping... tools/lib/lombok-ast-
build	Setup Android SDK	2026-06-29T21:15:46.1117489Z [=============================          ] 73% Unzipping... tools/lib/trove4j-201
build	Setup Android SDK	2026-06-29T21:15:46.1337854Z [=============================          ] 73% Unzipping... tools/lib/intellij-co
build	Setup Android SDK	2026-06-29T21:15:46.1476879Z [=============================          ] 74% Unzipping... tools/lib/intellij-co
build	Setup Android SDK	2026-06-29T21:15:46.1488703Z [=============================          ] 74% Unzipping... tools/lib/jimfs-1.1.j
build	Setup Android SDK	2026-06-29T21:15:46.1491863Z [=============================          ] 74% Unzipping... tools/lib/j2objc-anno
build	Setup Android SDK	2026-06-29T21:15:46.1497682Z [=============================          ] 74% Unzipping... tools/lib/jfreechart-
build	Setup Android SDK	2026-06-29T21:15:46.1930319Z [=============================          ] 74% Unzipping... tools/lib/monitor-x86
build	Setup Android SDK	2026-06-29T21:15:46.2310772Z [=============================          ] 75% Unzipping... tools/lib/monitor-x86
build	Setup Android SDK	2026-06-29T21:15:46.2682402Z [==============================         ] 75% Unzipping... tools/lib/monitor-x86
build	Setup Android SDK	2026-06-29T21:15:46.3490380Z [==============================         ] 76% Unzipping... tools/lib/monitor-x86
build	Setup Android SDK	2026-06-29T21:15:46.4844285Z [==============================         ] 77% Unzipping... tools/lib/monitor-x86
build	Setup Android SDK	2026-06-29T21:15:46.4849192Z [==============================         ] 77% Unzipping... tools/lib/generator.j
build	Setup Android SDK	2026-06-29T21:15:46.4851209Z [==============================         ] 77% Unzipping... tools/source.properti
build	Setup Android SDK	2026-06-29T21:15:46.4852081Z [==============================         ] 77% Unzipping... tools/bin/           
build	Setup Android SDK	2026-06-29T21:15:46.4853994Z [==============================         ] 77% Unzipping... tools/bin/avdmanager 
build	Setup Android SDK	2026-06-29T21:15:46.4857601Z [==============================         ] 77% Unzipping... tools/bin/jobb       
build	Setup Android SDK	2026-06-29T21:15:46.4858868Z [==============================         ] 77% Unzipping... tools/bin/uiautomator
build	Setup Android SDK	2026-06-29T21:15:46.4861440Z [==============================         ] 77% Unzipping... tools/bin/apkanalyzer
build	Setup Android SDK	2026-06-29T21:15:46.4864084Z [==============================         ] 77% Unzipping... tools/bin/monkeyrunne
build	Setup Android SDK	2026-06-29T21:15:46.4866300Z [==============================         ] 77% Unzipping... tools/bin/archquery  
build	Setup Android SDK	2026-06-29T21:15:46.4868725Z [==============================         ] 77% Unzipping... tools/bin/sdkmanager 
build	Setup Android SDK	2026-06-29T21:15:46.4871259Z [==============================         ] 77% Unzipping... tools/bin/lint       
build	Setup Android SDK	2026-06-29T21:15:46.4873721Z [==============================         ] 77% Unzipping... tools/bin/screenshot2
build	Setup Android SDK	2026-06-29T21:15:46.4896901Z [==============================         ] 77% Unzipping... tools/NOTICE.txt     
build	Setup Android SDK	2026-06-29T21:15:46.4932998Z [==============================         ] 77% Unzipping... tools/emulator       
build	Setup Android SDK	2026-06-29T21:15:46.4956231Z [==============================         ] 77% Unzipping... tools/emulator-check 
build	Setup Android SDK	2026-06-29T21:15:46.4958603Z [==============================         ] 77% Unzipping... tools/monitor        
build	Setup Android SDK	2026-06-29T21:15:46.4960293Z [==============================         ] 77% Unzipping... tools/android        
build	Setup Android SDK	2026-06-29T21:15:46.4963577Z [==============================         ] 77% Unzipping... tools/mksdcard       
build	Setup Android SDK	2026-06-29T21:15:46.4974056Z [==============================         ] 77% Unzipping... tools/support/       
build	Setup Android SDK	2026-06-29T21:15:46.4975039Z [==============================         ] 77% Unzipping... tools/support/typos-d
build	Setup Android SDK	2026-06-29T21:15:46.4975766Z [==============================         ] 77% Unzipping... tools/support/typos-e
build	Setup Android SDK	2026-06-29T21:15:46.4976454Z [==============================         ] 77% Unzipping... tools/support/annotat
build	Setup Android SDK	2026-06-29T21:15:46.4982936Z [==============================         ] 77% Unzipping... tools/support/typos-e
build	Setup Android SDK	2026-06-29T21:15:46.4986648Z [==============================         ] 77% Unzipping... tools/support/typos-t
build	Setup Android SDK	2026-06-29T21:15:46.4991045Z [==============================         ] 77% Unzipping... tools/support/typos-p
build	Setup Android SDK	2026-06-29T21:15:46.4994734Z [==============================         ] 77% Unzipping... tools/support/typos-i
build	Setup Android SDK	2026-06-29T21:15:46.4997996Z [==============================         ] 77% Unzipping... tools/support/typos-n
build	Setup Android SDK	2026-06-29T21:15:46.5001590Z [==============================         ] 77% Unzipping... tools/support/typos-h
build	Setup Android SDK	2026-06-29T21:15:46.5276238Z [==============================         ] 78% Unzipping... tools/support/typos-h
build	Setup Android SDK	2026-06-29T21:15:46.5277083Z [=======================================] 100% Unzipping... tools/support/typos-
build	Setup Android SDK	2026-06-29T21:15:46.5326503Z 
build	Setup Android SDK	2026-06-29T21:15:46.5511234Z [command]/usr/local/lib/android/sdk/cmdline-tools/16.0/bin/sdkmanager platform-tools
build	Setup Android SDK	2026-06-29T21:15:47.2994512Z Loading package information...                                                  
build	Setup Android SDK	2026-06-29T21:15:47.3971986Z Loading local repository...                                                     
build	Setup Android SDK	2026-06-29T21:15:47.4001512Z [                                       ] 3% Loading local repository...        
build	Setup Android SDK	2026-06-29T21:15:47.4086192Z [                                       ] 3% Fetch remote repository...         
build	Setup Android SDK	2026-06-29T21:15:47.6322334Z [=                                      ] 3% Fetch remote repository...         
build	Setup Android SDK	2026-06-29T21:15:47.7111604Z [=                                      ] 4% Fetch remote repository...         
build	Setup Android SDK	2026-06-29T21:15:47.7302505Z [=                                      ] 5% Fetch remote repository...         
build	Setup Android SDK	2026-06-29T21:15:47.7653995Z [==                                     ] 5% Fetch remote repository...         
build	Setup Android SDK	2026-06-29T21:15:47.8079637Z [==                                     ] 6% Fetch remote repository...         
build	Setup Android SDK	2026-06-29T21:15:47.8811545Z [==                                     ] 7% Fetch remote repository...         
build	Setup Android SDK	2026-06-29T21:15:47.8841198Z [==                                     ] 7% Computing updates...               
build	Setup Android SDK	2026-06-29T21:15:47.8941220Z [===                                    ] 8% Computing updates...               
build	Setup Android SDK	2026-06-29T21:15:47.8995708Z [===                                    ] 10% Computing updates...              
build	Setup Android SDK	2026-06-29T21:15:47.9002056Z [=======================================] 100% Computing updates...             
build	Setup Android SDK	2026-06-29T21:15:47.9002492Z 
build	Setup Gradle	﻿2026-06-29T21:15:47.9716529Z Node 20 is being deprecated. This workflow is running with Node 24 by default. If you need to temporarily use Node 20, you can set the ACTIONS_ALLOW_USE_UNSECURE_NODE_VERSION=true environment variable. For more information see: https://github.blog/changelog/2025-09-19-deprecation-of-node-20-on-github-actions-runners/
build	Setup Gradle	2026-06-29T21:15:47.9717878Z ##[group]Run gradle/actions/setup-gradle@v3
build	Setup Gradle	2026-06-29T21:15:47.9718162Z with:
build	Setup Gradle	2026-06-29T21:15:47.9718359Z   gradle-version: 8.6
build	Setup Gradle	2026-06-29T21:15:47.9718595Z   cache-disabled: false
build	Setup Gradle	2026-06-29T21:15:47.9718823Z   cache-read-only: false
build	Setup Gradle	2026-06-29T21:15:47.9719057Z   cache-write-only: false
build	Setup Gradle	2026-06-29T21:15:47.9719312Z   cache-overwrite-existing: false
build	Setup Gradle	2026-06-29T21:15:47.9719622Z   gradle-home-cache-includes: caches
build	Setup Gradle	notifications
build	Setup Gradle	
build	Setup Gradle	2026-06-29T21:15:47.9719964Z   gradle-home-cache-cleanup: false
build	Setup Gradle	2026-06-29T21:15:47.9720225Z   add-job-summary: always
build	Setup Gradle	2026-06-29T21:15:47.9720471Z   add-job-summary-as-pr-comment: never
build	Setup Gradle	2026-06-29T21:15:47.9720939Z   dependency-graph: disabled
build	Setup Gradle	2026-06-29T21:15:47.9721248Z   dependency-graph-continue-on-failure: true
build	Setup Gradle	2026-06-29T21:15:47.9721546Z   build-scan-publish: false
build	Setup Gradle	2026-06-29T21:15:47.9721789Z   validate-wrappers: false
build	Setup Gradle	2026-06-29T21:15:47.9722025Z   generate-job-summary: true
build	Setup Gradle	2026-06-29T21:15:47.9722290Z   gradle-home-cache-strict-match: false
build	Setup Gradle	2026-06-29T21:15:47.9722570Z   workflow-job-context: null
build	Setup Gradle	2026-06-29T21:15:47.9725373Z   github-token: ***
build	Setup Gradle	2026-06-29T21:15:47.9725580Z env:
build	Setup Gradle	2026-06-29T21:15:47.9725876Z   JAVA_HOME: /opt/hostedtoolcache/Java_Temurin-Hotspot_jdk/17.0.19-10/x64
build	Setup Gradle	2026-06-29T21:15:47.9726366Z   JAVA_HOME_17_X64: /opt/hostedtoolcache/Java_Temurin-Hotspot_jdk/17.0.19-10/x64
build	Setup Gradle	2026-06-29T21:15:47.9726766Z   ANDROID_HOME: /usr/local/lib/android/sdk
build	Setup Gradle	2026-06-29T21:15:47.9727066Z   ANDROID_SDK_ROOT: /usr/local/lib/android/sdk
build	Setup Gradle	2026-06-29T21:15:47.9727347Z ##[endgroup]
build	Setup Gradle	2026-06-29T21:15:48.1549135Z (node:2539) [DEP0040] DeprecationWarning: The `punycode` module is deprecated. Please use a userland alternative instead.
build	Setup Gradle	2026-06-29T21:15:48.1550118Z (Use `node --trace-deprecation ...` to show where the warning was created)
build	Setup Gradle	2026-06-29T21:15:48.2255274Z Merged default JDK locations into /home/runner/.m2/toolchains.xml
build	Setup Gradle	2026-06-29T21:15:48.2257947Z ##[group]Restore Gradle state from cache
build	Setup Gradle	2026-06-29T21:15:48.3029625Z ##[warning]Failed to restore gradle-home-v1|Linux|build[5df42585ae8f8da228c604b8b4e8707c]-af4e8d35674ca81b6c3868484f09683cea488dc6: Error: Cache service responded with 400
build	Setup Gradle	2026-06-29T21:15:48.3089851Z Gradle User Home cache not found. Will initialize empty.
build	Setup Gradle	2026-06-29T21:15:48.3090927Z ##[endgroup]
build	Setup Gradle	2026-06-29T21:15:48.3470811Z ##[group]Provision Gradle 8.6
build	Setup Gradle	2026-06-29T21:15:48.3906221Z ##[warning]Restore Gradle distribution 8.6 failed: Error: Cache service responded with 400
build	Setup Gradle	2026-06-29T21:15:48.3908761Z Gradle distribution 8.6 not found in cache. Will download.
build	Setup Gradle	2026-06-29T21:15:49.2688342Z Downloaded https://services.gradle.org/distributions/gradle-8.6-bin.zip to /home/runner/gradle-installations/downloads/gradle-8.6-bin.zip (size 132788867)
build	Setup Gradle	2026-06-29T21:15:49.2864089Z [command]/usr/bin/tar --posix -cf cache.tzst --exclude cache.tzst -P -C /home/runner/work/X-LOCALHOST/X-LOCALHOST --files-from manifest.txt --use-compress-program zstdmt
build	Setup Gradle	2026-06-29T21:15:49.4866499Z ##[warning]Save Gradle distribution 8.6 failed: Error: <h2>Our services aren't available right now</h2><p>We're working to restore all services as soon as possible. Please check back soon.</p>0heBCagAAAACCaiNUlSiLQY1nDj/VSDBWUEhMMzBFREdFMDExMgBFZGdl
build	Setup Gradle	2026-06-29T21:15:49.4886322Z [command]/usr/bin/unzip -o -q /home/runner/gradle-installations/downloads/gradle-8.6-bin.zip
build	Setup Gradle	2026-06-29T21:15:50.4233306Z Extracted Gradle 8.6 to /home/runner/gradle-installations/installs/gradle-8.6
build	Setup Gradle	2026-06-29T21:15:50.4234935Z Provisioned Gradle executable /home/runner/gradle-installations/installs/gradle-8.6/bin/gradle
build	Setup Gradle	2026-06-29T21:15:50.4236198Z ##[endgroup]
build	Grant execute permission for gradlew (if present)	﻿2026-06-29T21:15:50.4406209Z ##[group]Run chmod +x gradlew 2>/dev/null || true
build	Grant execute permission for gradlew (if present)	2026-06-29T21:15:50.4406657Z ^[[36;1mchmod +x gradlew 2>/dev/null || true^[[0m
build	Grant execute permission for gradlew (if present)	2026-06-29T21:15:50.4561892Z shell: /usr/bin/bash -e {0}
build	Grant execute permission for gradlew (if present)	2026-06-29T21:15:50.4562167Z env:
build	Grant execute permission for gradlew (if present)	2026-06-29T21:15:50.4562486Z   JAVA_HOME: /opt/hostedtoolcache/Java_Temurin-Hotspot_jdk/17.0.19-10/x64
build	Grant execute permission for gradlew (if present)	2026-06-29T21:15:50.4563019Z   JAVA_HOME_17_X64: /opt/hostedtoolcache/Java_Temurin-Hotspot_jdk/17.0.19-10/x64
build	Grant execute permission for gradlew (if present)	2026-06-29T21:15:50.4563443Z   ANDROID_HOME: /usr/local/lib/android/sdk
build	Grant execute permission for gradlew (if present)	2026-06-29T21:15:50.4563766Z   ANDROID_SDK_ROOT: /usr/local/lib/android/sdk
build	Grant execute permission for gradlew (if present)	2026-06-29T21:15:50.4564106Z   GRADLE_ACTION_ID: gradle/actions/setup-gradle
build	Grant execute permission for gradlew (if present)	2026-06-29T21:15:50.4564432Z   GRADLE_BUILD_ACTION_SETUP_COMPLETED: true
build	Grant execute permission for gradlew (if present)	2026-06-29T21:15:50.4564732Z   GRADLE_BUILD_ACTION_CACHE_RESTORED: true
build	Grant execute permission for gradlew (if present)	2026-06-29T21:15:50.4565180Z   DEVELOCITY_INJECTION_INIT_SCRIPT_NAME: gradle-actions.inject-develocity.init.gradle
build	Grant execute permission for gradlew (if present)	2026-06-29T21:15:50.4565695Z   DEVELOCITY_AUTO_INJECTION_CUSTOM_VALUE: gradle-actions
build	Grant execute permission for gradlew (if present)	2026-06-29T21:15:50.4566066Z   GITHUB_DEPENDENCY_GRAPH_ENABLED: false
build	Grant execute permission for gradlew (if present)	2026-06-29T21:15:50.4566337Z ##[endgroup]
build	Build Debug APK	﻿2026-06-29T21:15:50.4681884Z ##[group]Run gradle assembleDebug --no-daemon --stacktrace
build	Build Debug APK	2026-06-29T21:15:50.4682353Z ^[[36;1mgradle assembleDebug --no-daemon --stacktrace^[[0m
build	Build Debug APK	2026-06-29T21:15:50.4712527Z shell: /usr/bin/bash -e {0}
build	Build Debug APK	2026-06-29T21:15:50.4712772Z env:
build	Build Debug APK	2026-06-29T21:15:50.4713082Z   JAVA_HOME: /opt/hostedtoolcache/Java_Temurin-Hotspot_jdk/17.0.19-10/x64
build	Build Debug APK	2026-06-29T21:15:50.4713600Z   JAVA_HOME_17_X64: /opt/hostedtoolcache/Java_Temurin-Hotspot_jdk/17.0.19-10/x64
build	Build Debug APK	2026-06-29T21:15:50.4714040Z   ANDROID_HOME: /usr/local/lib/android/sdk
build	Build Debug APK	2026-06-29T21:15:50.4714347Z   ANDROID_SDK_ROOT: /usr/local/lib/android/sdk
build	Build Debug APK	2026-06-29T21:15:50.4714672Z   GRADLE_ACTION_ID: gradle/actions/setup-gradle
build	Build Debug APK	2026-06-29T21:15:50.4715001Z   GRADLE_BUILD_ACTION_SETUP_COMPLETED: true
build	Build Debug APK	2026-06-29T21:15:50.4715297Z   GRADLE_BUILD_ACTION_CACHE_RESTORED: true
build	Build Debug APK	2026-06-29T21:15:50.4715726Z   DEVELOCITY_INJECTION_INIT_SCRIPT_NAME: gradle-actions.inject-develocity.init.gradle
build	Build Debug APK	2026-06-29T21:15:50.4716229Z   DEVELOCITY_AUTO_INJECTION_CUSTOM_VALUE: gradle-actions
build	Build Debug APK	2026-06-29T21:15:50.4716601Z   GITHUB_DEPENDENCY_GRAPH_ENABLED: false
build	Build Debug APK	2026-06-29T21:15:50.4716866Z ##[endgroup]
build	Build Debug APK	2026-06-29T21:15:51.0121972Z 
build	Build Debug APK	2026-06-29T21:15:51.0123992Z Welcome to Gradle 8.6!
build	Build Debug APK	2026-06-29T21:15:51.0124366Z 
build	Build Debug APK	2026-06-29T21:15:51.0125901Z Here are the highlights of this release:
build	Build Debug APK	2026-06-29T21:15:51.0127604Z  - Configurable encryption key for configuration cache
build	Build Debug APK	2026-06-29T21:15:51.0133035Z  - Build init improvements
build	Build Debug APK	2026-06-29T21:15:51.0133638Z  - Build authoring improvements
build	Build Debug APK	2026-06-29T21:15:51.0134199Z 
build	Build Debug APK	2026-06-29T21:15:51.0140702Z For more details see https://docs.gradle.org/8.6/release-notes.html
build	Build Debug APK	2026-06-29T21:15:51.0141295Z 
build	Build Debug APK	2026-06-29T21:15:51.2114414Z To honour the JVM settings for this build a single-use Daemon process will be forked. For more on this, please refer to https://docs.gradle.org/8.6/userguide/gradle_daemon.html#sec:disabling_the_daemon in the Gradle documentation.
build	Build Debug APK	2026-06-29T21:15:52.4109551Z Daemon will be stopped at the end of the build 
build	Build Debug APK	2026-06-29T21:16:21.8161957Z > Task :app:preBuild UP-TO-DATE
build	Build Debug APK	2026-06-29T21:16:21.8162766Z > Task :app:preDebugBuild UP-TO-DATE
build	Build Debug APK	2026-06-29T21:16:21.8163492Z > Task :app:mergeDebugNativeDebugMetadata NO-SOURCE
build	Build Debug APK	2026-06-29T21:16:21.8164309Z > Task :app:checkKotlinGradlePluginConfigurationErrors
build	Build Debug APK	2026-06-29T21:16:29.0131824Z > Task :app:checkDebugAarMetadata FAILED
build	Build Debug APK	2026-06-29T21:16:29.1171155Z 
build	Build Debug APK	2026-06-29T21:16:29.1201478Z FAILURE: Build failed with an exception.
build	Build Debug APK	2026-06-29T21:16:29.1201900Z 
build	Build Debug APK	2026-06-29T21:16:29.1202634Z * What went wrong:
build	Build Debug APK	2026-06-29T21:16:29.1203258Z Execution failed for task ':app:checkDebugAarMetadata'.
build	Build Debug APK	2026-06-29T21:16:29.1204219Z > Could not resolve all files for configuration ':app:debugRuntimeClasspath'.
build	Build Debug APK	2026-06-29T21:16:29.1205066Z    > Could not find org.nanohttpd:nanohttpd:2.3.2.
build	Build Debug APK	2026-06-29T21:16:29.1205657Z      Searched in the following locations:
build	Build Debug APK	2026-06-29T21:16:29.1206598Z        - https://dl.google.com/dl/android/maven2/org/nanohttpd/nanohttpd/2.3.2/nanohttpd-2.3.2.pom
build	Build Debug APK	2026-06-29T21:16:29.1207824Z        - https://repo.maven.apache.org/maven2/org/nanohttpd/nanohttpd/2.3.2/nanohttpd-2.3.2.pom
build	Build Debug APK	2026-06-29T21:16:29.1208602Z      Required by:
build	Build Debug APK	2026-06-29T21:16:29.1208967Z          project :app
build	Build Debug APK	2026-06-29T21:16:29.1209191Z 
build	Build Debug APK	2026-06-29T21:16:29.1209309Z * Try:
build	Build Debug APK	2026-06-29T21:16:29.1209825Z > Run with --info or --debug option to get more log output.
build	Build Debug APK	2026-06-29T21:16:29.1210479Z > Run with --scan to get full insights.
build	Build Debug APK	2026-06-29T21:16:29.1211291Z > Get more help at https://help.gradle.org.
build	Build Debug APK	2026-06-29T21:16:29.1211651Z 
build	Build Debug APK	2026-06-29T21:16:29.1211814Z * Exception is:
build	Build Debug APK	2026-06-29T21:16:29.1212757Z org.gradle.api.tasks.TaskExecutionException: Execution failed for task ':app:checkDebugAarMetadata'.
build	Build Debug APK	2026-06-29T21:16:29.1214430Z 	at org.gradle.api.internal.tasks.execution.CatchExceptionTaskExecuter.execute(CatchExceptionTaskExecuter.java:38)
build	Build Debug APK	2026-06-29T21:16:29.1215934Z 	at org.gradle.api.internal.tasks.execution.EventFiringTaskExecuter$1.executeTask(EventFiringTaskExecuter.java:77)
build	Build Debug APK	2026-06-29T21:16:29.1216911Z 	at org.gradle.api.internal.tasks.execution.EventFiringTaskExecuter$1.call(EventFiringTaskExecuter.java:55)
build	Build Debug APK	2026-06-29T21:16:29.1218185Z 	at org.gradle.api.internal.tasks.execution.EventFiringTaskExecuter$1.call(EventFiringTaskExecuter.java:52)
build	Build Debug APK	2026-06-29T21:16:29.1219277Z 	at org.gradle.internal.operations.DefaultBuildOperationRunner$CallableBuildOperationWorker.execute(DefaultBuildOperationRunner.java:204)
build	Build Debug APK	2026-06-29T21:16:29.1220750Z 	at org.gradle.internal.operations.DefaultBuildOperationRunner$CallableBuildOperationWorker.execute(DefaultBuildOperationRunner.java:199)
build	Build Debug APK	2026-06-29T21:16:29.1222520Z 	at org.gradle.internal.operations.DefaultBuildOperationRunner$2.execute(DefaultBuildOperationRunner.java:66)
build	Build Debug APK	2026-06-29T21:16:29.1223583Z 	at org.gradle.internal.operations.DefaultBuildOperationRunner$2.execute(DefaultBuildOperationRunner.java:59)
build	Build Debug APK	2026-06-29T21:16:29.1225462Z 	at org.gradle.internal.operations.DefaultBuildOperationRunner.execute(DefaultBuildOperationRunner.java:157)
build	Build Debug APK	2026-06-29T21:16:29.1227365Z 	at org.gradle.internal.operations.DefaultBuildOperationRunner.execute(DefaultBuildOperationRunner.java:59)
build	Build Debug APK	2026-06-29T21:16:29.1229226Z 	at org.gradle.internal.operations.DefaultBuildOperationRunner.call(DefaultBuildOperationRunner.java:53)
build	Build Debug APK	2026-06-29T21:16:29.1231517Z 	at org.gradle.internal.operations.DefaultBuildOperationExecutor.call(DefaultBuildOperationExecutor.java:73)
build	Build Debug APK	2026-06-29T21:16:29.1233455Z 	at org.gradle.api.internal.tasks.execution.EventFiringTaskExecuter.execute(EventFiringTaskExecuter.java:52)
build	Build Debug APK	2026-06-29T21:16:29.1235167Z 	at org.gradle.execution.plan.LocalTaskNodeExecutor.execute(LocalTaskNodeExecutor.java:42)
build	Build Debug APK	2026-06-29T21:16:29.1237119Z 	at org.gradle.execution.taskgraph.DefaultTaskExecutionGraph$InvokeNodeExecutorsAction.execute(DefaultTaskExecutionGraph.java:331)
build	Build Debug APK	2026-06-29T21:16:29.1239380Z 	at org.gradle.execution.taskgraph.DefaultTaskExecutionGraph$InvokeNodeExecutorsAction.execute(DefaultTaskExecutionGraph.java:318)
build	Build Debug APK	2026-06-29T21:16:29.1242078Z 	at org.gradle.execution.taskgraph.DefaultTaskExecutionGraph$BuildOperationAwareExecutionAction.lambda$execute$0(DefaultTaskExecutionGraph.java:314)
build	Build Debug APK	2026-06-29T21:16:29.1244184Z 	at org.gradle.internal.operations.CurrentBuildOperationRef.with(CurrentBuildOperationRef.java:80)
build	Build Debug APK	2026-06-29T21:16:29.1246299Z 	at org.gradle.execution.taskgraph.DefaultTaskExecutionGraph$BuildOperationAwareExecutionAction.execute(DefaultTaskExecutionGraph.java:314)
build	Build Debug APK	2026-06-29T21:16:29.1248753Z 	at org.gradle.execution.taskgraph.DefaultTaskExecutionGraph$BuildOperationAwareExecutionAction.execute(DefaultTaskExecutionGraph.java:303)
build	Build Debug APK	2026-06-29T21:16:29.1251337Z 	at org.gradle.execution.plan.DefaultPlanExecutor$ExecutorWorker.execute(DefaultPlanExecutor.java:463)
build	Build Debug APK	2026-06-29T21:16:29.1252906Z 	at org.gradle.execution.plan.DefaultPlanExecutor$ExecutorWorker.run(DefaultPlanExecutor.java:380)
build	Build Debug APK	2026-06-29T21:16:29.1254331Z 	at org.gradle.execution.plan.DefaultPlanExecutor.process(DefaultPlanExecutor.java:116)
build	Build Debug APK	2026-06-29T21:16:29.1256058Z 	at org.gradle.execution.taskgraph.DefaultTaskExecutionGraph.executeWithServices(DefaultTaskExecutionGraph.java:138)
build	Build Debug APK	2026-06-29T21:16:29.1257973Z 	at org.gradle.execution.taskgraph.DefaultTaskExecutionGraph.execute(DefaultTaskExecutionGraph.java:123)
build	Build Debug APK	2026-06-29T21:16:29.1259660Z 	at org.gradle.execution.SelectedTaskExecutionAction.execute(SelectedTaskExecutionAction.java:35)
build	Build Debug APK	2026-06-29T21:16:29.1261466Z 	at org.gradle.execution.DryRunBuildExecutionAction.execute(DryRunBuildExecutionAction.java:51)
build	Build Debug APK	2026-06-29T21:16:29.1263386Z 	at org.gradle.execution.BuildOperationFiringBuildWorkerExecutor$ExecuteTasks.call(BuildOperationFiringBuildWorkerExecutor.java:54)
build	Build Debug APK	2026-06-29T21:16:29.1265636Z 	at org.gradle.execution.BuildOperationFiringBuildWorkerExecutor$ExecuteTasks.call(BuildOperationFiringBuildWorkerExecutor.java:43)
build	Build Debug APK	2026-06-29T21:16:29.1267954Z 	at org.gradle.internal.operations.DefaultBuildOperationRunner$CallableBuildOperationWorker.execute(DefaultBuildOperationRunner.java:204)
build	Build Debug APK	2026-06-29T21:16:29.1270274Z 	at org.gradle.internal.operations.DefaultBuildOperationRunner$CallableBuildOperationWorker.execute(DefaultBuildOperationRunner.java:199)
build	Build Debug APK	2026-06-29T21:16:29.1272819Z 	at org.gradle.internal.operations.DefaultBuildOperationRunner$2.execute(DefaultBuildOperationRunner.java:66)
build	Build Debug APK	2026-06-29T21:16:29.1274610Z 	at org.gradle.internal.operations.DefaultBuildOperationRunner$2.execute(DefaultBuildOperationRunner.java:59)
build	Build Debug APK	2026-06-29T21:16:29.1276382Z 	at org.gradle.internal.operations.DefaultBuildOperationRunner.execute(DefaultBuildOperationRunner.java:157)
build	Build Debug APK	2026-06-29T21:16:29.1278189Z 	at org.gradle.internal.operations.DefaultBuildOperationRunner.execute(DefaultBuildOperationRunner.java:59)
build	Build Debug APK	2026-06-29T21:16:29.1279936Z 	at org.gradle.internal.operations.DefaultBuildOperationRunner.call(DefaultBuildOperationRunner.java:53)
build	Build Debug APK	2026-06-29T21:16:29.1281918Z 	at org.gradle.internal.operations.DefaultBuildOperationExecutor.call(DefaultBuildOperationExecutor.java:73)
build	Build Debug APK	2026-06-29T21:16:29.1283872Z 	at org.gradle.execution.BuildOperationFiringBuildWorkerExecutor.execute(BuildOperationFiringBuildWorkerExecutor.java:40)
build	Build Debug APK	2026-06-29T21:16:29.1285990Z 	at org.gradle.internal.build.DefaultBuildLifecycleController.lambda$executeTasks$10(DefaultBuildLifecycleController.java:313)
build	Build Debug APK	2026-06-29T21:16:29.1287862Z 	at org.gradle.internal.model.StateTransitionController.doTransition(StateTransitionController.java:266)
build	Build Debug APK	2026-06-29T21:16:29.1289636Z 	at org.gradle.internal.model.StateTransitionController.lambda$tryTransition$8(StateTransitionController.java:177)
build	Build Debug APK	2026-06-29T21:16:29.1291473Z 	at org.gradle.internal.work.DefaultSynchronizer.withLock(DefaultSynchronizer.java:44)
build	Build Debug APK	2026-06-29T21:16:29.1293507Z 	at org.gradle.internal.model.StateTransitionController.tryTransition(StateTransitionController.java:177)
build	Build Debug APK	2026-06-29T21:16:29.1295452Z 	at org.gradle.internal.build.DefaultBuildLifecycleController.executeTasks(DefaultBuildLifecycleController.java:304)
build	Build Debug APK	2026-06-29T21:16:29.1297638Z 	at org.gradle.internal.build.DefaultBuildWorkGraphController$DefaultBuildWorkGraph.runWork(DefaultBuildWorkGraphController.java:220)
build	Build Debug APK	2026-06-29T21:16:29.1299590Z 	at org.gradle.internal.work.DefaultWorkerLeaseService.withLocks(DefaultWorkerLeaseService.java:264)
build	Build Debug APK	2026-06-29T21:16:29.1301592Z 	at org.gradle.internal.work.DefaultWorkerLeaseService.runAsWorkerThread(DefaultWorkerLeaseService.java:128)
build	Build Debug APK	2026-06-29T21:16:29.1303261Z 	at org.gradle.composite.internal.DefaultBuildController.doRun(DefaultBuildController.java:181)
build	Build Debug APK	2026-06-29T21:16:29.1304836Z 	at org.gradle.composite.internal.DefaultBuildController.access$000(DefaultBuildController.java:50)
build	Build Debug APK	2026-06-29T21:16:29.1306934Z 	at org.gradle.composite.internal.DefaultBuildController$BuildOpRunnable.lambda$run$0(DefaultBuildController.java:198)
build	Build Debug APK	2026-06-29T21:16:29.1308718Z 	at org.gradle.internal.operations.CurrentBuildOperationRef.with(CurrentBuildOperationRef.java:80)
build	Build Debug APK	2026-06-29T21:16:29.1310457Z 	at org.gradle.composite.internal.DefaultBuildController$BuildOpRunnable.run(DefaultBuildController.java:198)
build	Build Debug APK	2026-06-29T21:16:29.1312451Z 	at org.gradle.internal.concurrent.ExecutorPolicy$CatchAndRecordFailures.onExecute(ExecutorPolicy.java:64)
build	Build Debug APK	2026-06-29T21:16:29.1314100Z 	at org.gradle.internal.concurrent.AbstractManagedExecutor$1.run(AbstractManagedExecutor.java:47)
build	Build Debug APK	2026-06-29T21:16:29.1316540Z Caused by: org.gradle.api.internal.artifacts.ivyservice.DefaultLenientConfiguration$ArtifactResolveException: Could not resolve all files for configuration ':app:debugRuntimeClasspath'.
build	Build Debug APK	2026-06-29T21:16:29.1319037Z 	at org.gradle.api.internal.artifacts.ResolveExceptionContextualizer.mapFailure(ResolveExceptionContextualizer.java:81)
build	Build Debug APK	2026-06-29T21:16:29.1361886Z 	at org.gradle.api.internal.artifacts.ResolveExceptionContextualizer.mapFailures(ResolveExceptionContextualizer.java:60)
build	Build Debug APK	2026-06-29T21:16:29.1364215Z 	at org.gradle.api.internal.artifacts.configurations.DefaultConfiguration$DefaultResolutionHost.mapFailure(DefaultConfiguration.java:2321)
build	Build Debug APK	2026-06-29T21:16:29.1366287Z 	at org.gradle.api.internal.artifacts.configurations.ResolutionHost.rethrowFailure(ResolutionHost.java:30)
build	Build Debug APK	2026-06-29T21:16:29.1368641Z 	at org.gradle.api.internal.artifacts.configurations.ResolutionBackedFileCollection.maybeThrowResolutionFailures(ResolutionBackedFileCollection.java:84)
build	Build Debug APK	2026-06-29T21:16:29.1371771Z 	at org.gradle.api.internal.artifacts.configurations.ResolutionBackedFileCollection.visitContents(ResolutionBackedFileCollection.java:74)
build	Build Debug APK	2026-06-29T21:16:29.1373829Z 	at org.gradle.api.internal.file.AbstractFileCollection.visitStructure(AbstractFileCollection.java:361)
build	Build Debug APK	2026-06-29T21:16:29.1375639Z 	at org.gradle.api.internal.file.CompositeFileCollection.lambda$visitContents$0(CompositeFileCollection.java:113)
build	Build Debug APK	2026-06-29T21:16:29.1377289Z 	at org.gradle.api.internal.file.collections.UnpackingVisitor.add(UnpackingVisitor.java:67)
build	Build Debug APK	2026-06-29T21:16:29.1378782Z 	at org.gradle.api.internal.file.collections.UnpackingVisitor.add(UnpackingVisitor.java:92)
build	Build Debug APK	2026-06-29T21:16:29.1381010Z 	at org.gradle.api.internal.file.DefaultFileCollectionFactory$ResolvingFileCollection.visitChildren(DefaultFileCollectionFactory.java:285)
build	Build Debug APK	2026-06-29T21:16:29.1383118Z 	at org.gradle.api.internal.file.CompositeFileCollection.visitContents(CompositeFileCollection.java:113)
build	Build Debug APK	2026-06-29T21:16:29.1384925Z 	at org.gradle.api.internal.file.AbstractFileCollection.visitStructure(AbstractFileCollection.java:361)
build	Build Debug APK	2026-06-29T21:16:29.1386773Z 	at org.gradle.api.internal.file.CompositeFileCollection.lambda$visitContents$0(CompositeFileCollection.java:113)
build	Build Debug APK	2026-06-29T21:16:29.1388615Z 	at org.gradle.api.internal.tasks.PropertyFileCollection.visitChildren(PropertyFileCollection.java:48)
build	Build Debug APK	2026-06-29T21:16:29.1390437Z 	at org.gradle.api.internal.file.CompositeFileCollection.visitContents(CompositeFileCollection.java:113)
build	Build Debug APK	2026-06-29T21:16:29.1409261Z 	at org.gradle.api.internal.file.AbstractFileCollection.visitStructure(AbstractFileCollection.java:361)
build	Build Debug APK	2026-06-29T21:16:29.1411591Z 	at org.gradle.internal.fingerprint.impl.DefaultFileCollectionSnapshotter.snapshot(DefaultFileCollectionSnapshotter.java:47)
build	Build Debug APK	2026-06-29T21:16:29.1413876Z 	at org.gradle.internal.execution.impl.DefaultInputFingerprinter$InputCollectingVisitor.visitInputFileProperty(DefaultInputFingerprinter.java:133)
build	Build Debug APK	2026-06-29T21:16:29.1415802Z 	at org.gradle.api.internal.tasks.execution.TaskExecution.visitRegularInputs(TaskExecution.java:327)
build	Build Debug APK	2026-06-29T21:16:29.1417759Z 	at org.gradle.internal.execution.impl.DefaultInputFingerprinter.fingerprintInputProperties(DefaultInputFingerprinter.java:63)
build	Build Debug APK	2026-06-29T21:16:29.1420298Z 	at org.gradle.internal.execution.steps.AbstractCaptureStateBeforeExecutionStep.captureExecutionStateWithOutputs(AbstractCaptureStateBeforeExecutionStep.java:109)
build	Build Debug APK	2026-06-29T21:16:29.1423823Z 	at org.gradle.internal.execution.steps.AbstractCaptureStateBeforeExecutionStep.lambda$captureExecutionState$0(AbstractCaptureStateBeforeExecutionStep.java:74)
build	Build Debug APK	2026-06-29T21:16:29.1425909Z 	at org.gradle.internal.execution.steps.BuildOperationStep$1.call(BuildOperationStep.java:37)
build	Build Debug APK	2026-06-29T21:16:29.1427905Z 	at org.gradle.internal.operations.DefaultBuildOperationRunner$CallableBuildOperationWorker.execute(DefaultBuildOperationRunner.java:204)
build	Build Debug APK	2026-06-29T21:16:29.1430280Z 	at org.gradle.internal.operations.DefaultBuildOperationRunner$CallableBuildOperationWorker.execute(DefaultBuildOperationRunner.java:199)
build	Build Debug APK	2026-06-29T21:16:29.1432493Z 	at org.gradle.internal.operations.DefaultBuildOperationRunner$2.execute(DefaultBuildOperationRunner.java:66)
build	Build Debug APK	2026-06-29T21:16:29.1434235Z 	at org.gradle.internal.operations.DefaultBuildOperationRunner$2.execute(DefaultBuildOperationRunner.java:59)
build	Build Debug APK	2026-06-29T21:16:29.1436006Z 	at org.gradle.internal.operations.DefaultBuildOperationRunner.execute(DefaultBuildOperationRunner.java:157)
build	Build Debug APK	2026-06-29T21:16:29.1437822Z 	at org.gradle.internal.operations.DefaultBuildOperationRunner.execute(DefaultBuildOperationRunner.java:59)
build	Build Debug APK	2026-06-29T21:16:29.1439693Z 	at org.gradle.internal.operations.DefaultBuildOperationRunner.call(DefaultBuildOperationRunner.java:53)
build	Build Debug APK	2026-06-29T21:16:29.1441985Z 	at org.gradle.internal.operations.DefaultBuildOperationExecutor.call(DefaultBuildOperationExecutor.java:73)
build	Build Debug APK	2026-06-29T21:16:29.1444037Z 	at org.gradle.internal.execution.steps.BuildOperationStep.operation(BuildOperationStep.java:34)
build	Build Debug APK	2026-06-29T21:16:29.1446303Z 	at org.gradle.internal.execution.steps.AbstractCaptureStateBeforeExecutionStep.captureExecutionState(AbstractCaptureStateBeforeExecutionStep.java:69)
build	Build Debug APK	2026-06-29T21:16:29.1448882Z 	at org.gradle.internal.execution.steps.AbstractCaptureStateBeforeExecutionStep.execute(AbstractCaptureStateBeforeExecutionStep.java:62)
build	Build Debug APK	2026-06-29T21:16:29.1451848Z 	at org.gradle.internal.execution.steps.AbstractCaptureStateBeforeExecutionStep.execute(AbstractCaptureStateBeforeExecutionStep.java:43)
build	Build Debug APK	2026-06-29T21:16:29.1454225Z 	at org.gradle.internal.execution.steps.AbstractSkipEmptyWorkStep.executeWithNonEmptySources(AbstractSkipEmptyWorkStep.java:125)
build	Build Debug APK	2026-06-29T21:16:29.1456304Z 	at org.gradle.internal.execution.steps.AbstractSkipEmptyWorkStep.execute(AbstractSkipEmptyWorkStep.java:56)
build	Build Debug APK	2026-06-29T21:16:29.1458151Z 	at org.gradle.internal.execution.steps.AbstractSkipEmptyWorkStep.execute(AbstractSkipEmptyWorkStep.java:36)
build	Build Debug APK	2026-06-29T21:16:29.1460246Z 	at org.gradle.internal.execution.steps.legacy.MarkSnapshottingInputsStartedStep.execute(MarkSnapshottingInputsStartedStep.java:38)
build	Build Debug APK	2026-06-29T21:16:29.1462634Z 	at org.gradle.internal.execution.steps.LoadPreviousExecutionStateStep.execute(LoadPreviousExecutionStateStep.java:36)
build	Build Debug APK	2026-06-29T21:16:29.1464664Z 	at org.gradle.internal.execution.steps.LoadPreviousExecutionStateStep.execute(LoadPreviousExecutionStateStep.java:23)
build	Build Debug APK	2026-06-29T21:16:29.1466784Z 	at org.gradle.internal.execution.steps.HandleStaleOutputsStep.execute(HandleStaleOutputsStep.java:75)
build	Build Debug APK	2026-06-29T21:16:29.1501178Z 	at org.gradle.internal.execution.steps.HandleStaleOutputsStep.execute(HandleStaleOutputsStep.java:41)
build	Build Debug APK	2026-06-29T21:16:29.1503451Z 	at org.gradle.internal.execution.steps.AssignMutableWorkspaceStep.lambda$execute$0(AssignMutableWorkspaceStep.java:35)
build	Build Debug APK	2026-06-29T21:16:29.1505247Z 	at org.gradle.api.internal.tasks.execution.TaskExecution$4.withWorkspace(TaskExecution.java:292)
build	Build Debug APK	2026-06-29T21:16:29.1506977Z 	at org.gradle.internal.execution.steps.AssignMutableWorkspaceStep.execute(AssignMutableWorkspaceStep.java:31)
build	Build Debug APK	2026-06-29T21:16:29.1508855Z 	at org.gradle.internal.execution.steps.AssignMutableWorkspaceStep.execute(AssignMutableWorkspaceStep.java:22)
build	Build Debug APK	2026-06-29T21:16:29.1510828Z 	at org.gradle.internal.execution.steps.ChoosePipelineStep.execute(ChoosePipelineStep.java:40)
build	Build Debug APK	2026-06-29T21:16:29.1512387Z 	at org.gradle.internal.execution.steps.ChoosePipelineStep.execute(ChoosePipelineStep.java:23)
build	Build Debug APK	2026-06-29T21:16:29.1514644Z 	at org.gradle.internal.execution.steps.ExecuteWorkBuildOperationFiringStep.lambda$execute$2(ExecuteWorkBuildOperationFiringStep.java:66)
build	Build Debug APK	2026-06-29T21:16:29.1516962Z 	at org.gradle.internal.execution.steps.ExecuteWorkBuildOperationFiringStep.execute(ExecuteWorkBuildOperationFiringStep.java:66)
build	Build Debug APK	2026-06-29T21:16:29.1519206Z 	at org.gradle.internal.execution.steps.ExecuteWorkBuildOperationFiringStep.execute(ExecuteWorkBuildOperationFiringStep.java:38)
build	Build Debug APK	2026-06-29T21:16:29.1521971Z 	at org.gradle.internal.execution.steps.IdentityCacheStep.execute(IdentityCacheStep.java:36)
build	Build Debug APK	2026-06-29T21:16:29.1523477Z 	at org.gradle.internal.execution.steps.IdentityCacheStep.execute(IdentityCacheStep.java:26)
build	Build Debug APK	2026-06-29T21:16:29.1524885Z 	at org.gradle.internal.execution.steps.IdentifyStep.execute(IdentifyStep.java:47)
build	Build Debug APK	2026-06-29T21:16:29.1526196Z 	at org.gradle.internal.execution.steps.IdentifyStep.execute(IdentifyStep.java:34)
build	Build Debug APK	2026-06-29T21:16:29.1527783Z 	at org.gradle.internal.execution.impl.DefaultExecutionEngine$1.execute(DefaultExecutionEngine.java:61)
build	Build Debug APK	2026-06-29T21:16:29.1529711Z 	at org.gradle.api.internal.tasks.execution.ExecuteActionsTaskExecuter.executeIfValid(ExecuteActionsTaskExecuter.java:145)
build	Build Debug APK	2026-06-29T21:16:29.1531951Z 	at org.gradle.api.internal.tasks.execution.ExecuteActionsTaskExecuter.execute(ExecuteActionsTaskExecuter.java:134)
build	Build Debug APK	2026-06-29T21:16:29.1533968Z 	at org.gradle.api.internal.tasks.execution.FinalizePropertiesTaskExecuter.execute(FinalizePropertiesTaskExecuter.java:46)
build	Build Debug APK	2026-06-29T21:16:29.1536365Z 	at org.gradle.api.internal.tasks.execution.ResolveTaskExecutionModeExecuter.execute(ResolveTaskExecutionModeExecuter.java:51)
build	Build Debug APK	2026-06-29T21:16:29.1538486Z 	at org.gradle.api.internal.tasks.execution.SkipTaskWithNoActionsExecuter.execute(SkipTaskWithNoActionsExecuter.java:57)
build	Build Debug APK	2026-06-29T21:16:29.1540382Z 	at org.gradle.api.internal.tasks.execution.SkipOnlyIfTaskExecuter.execute(SkipOnlyIfTaskExecuter.java:74)
build	Build Debug APK	2026-06-29T21:16:29.1542585Z 	at org.gradle.api.internal.tasks.execution.CatchExceptionTaskExecuter.execute(CatchExceptionTaskExecuter.java:36)
build	Build Debug APK	2026-06-29T21:16:29.1544352Z 	at org.gradle.api.internal.tasks.execution.EventFiringTaskExecuter$1.executeTask(EventFiringTaskExecuter.java:77)
build	Build Debug APK	2026-06-29T21:16:29.1546140Z 	at org.gradle.api.internal.tasks.execution.EventFiringTaskExecuter$1.call(EventFiringTaskExecuter.java:55)
build	Build Debug APK	2026-06-29T21:16:29.1547899Z 	at org.gradle.api.internal.tasks.execution.EventFiringTaskExecuter$1.call(EventFiringTaskExecuter.java:52)
build	Build Debug APK	2026-06-29T21:16:29.1549972Z 	at org.gradle.internal.operations.DefaultBuildOperationRunner$CallableBuildOperationWorker.execute(DefaultBuildOperationRunner.java:204)
build	Build Debug APK	2026-06-29T21:16:29.1552743Z 	at org.gradle.internal.operations.DefaultBuildOperationRunner$CallableBuildOperationWorker.execute(DefaultBuildOperationRunner.java:199)
build	Build Debug APK	2026-06-29T21:16:29.1554796Z 	at org.gradle.internal.operations.DefaultBuildOperationRunner$2.execute(DefaultBuildOperationRunner.java:66)
build	Build Debug APK	2026-06-29T21:16:29.1556633Z 	at org.gradle.internal.operations.DefaultBuildOperationRunner$2.execute(DefaultBuildOperationRunner.java:59)
build	Build Debug APK	2026-06-29T21:16:29.1558380Z 	at org.gradle.internal.operations.DefaultBuildOperationRunner.execute(DefaultBuildOperationRunner.java:157)
build	Build Debug APK	2026-06-29T21:16:29.1560185Z 	at org.gradle.internal.operations.DefaultBuildOperationRunner.execute(DefaultBuildOperationRunner.java:59)
build	Build Debug APK	2026-06-29T21:16:29.1562305Z 	at org.gradle.internal.operations.DefaultBuildOperationRunner.call(DefaultBuildOperationRunner.java:53)
build	Build Debug APK	2026-06-29T21:16:29.1564195Z 	at org.gradle.internal.operations.DefaultBuildOperationExecutor.call(DefaultBuildOperationExecutor.java:73)
build	Build Debug APK	2026-06-29T21:16:29.1566102Z 	at org.gradle.api.internal.tasks.execution.EventFiringTaskExecuter.execute(EventFiringTaskExecuter.java:52)
build	Build Debug APK	2026-06-29T21:16:29.1567819Z 	at org.gradle.execution.plan.LocalTaskNodeExecutor.execute(LocalTaskNodeExecutor.java:42)
build	Build Debug APK	2026-06-29T21:16:29.1569748Z 	at org.gradle.execution.taskgraph.DefaultTaskExecutionGraph$InvokeNodeExecutorsAction.execute(DefaultTaskExecutionGraph.java:331)
build	Build Debug APK	2026-06-29T21:16:29.1572489Z 	at org.gradle.execution.taskgraph.DefaultTaskExecutionGraph$InvokeNodeExecutorsAction.execute(DefaultTaskExecutionGraph.java:318)
build	Build Debug APK	2026-06-29T21:16:29.1574898Z 	at org.gradle.execution.taskgraph.DefaultTaskExecutionGraph$BuildOperationAwareExecutionAction.lambda$execute$0(DefaultTaskExecutionGraph.java:314)
build	Build Debug APK	2026-06-29T21:16:29.1576939Z 	at org.gradle.internal.operations.CurrentBuildOperationRef.with(CurrentBuildOperationRef.java:80)
build	Build Debug APK	2026-06-29T21:16:29.1578984Z 	at org.gradle.execution.taskgraph.DefaultTaskExecutionGraph$BuildOperationAwareExecutionAction.execute(DefaultTaskExecutionGraph.java:314)
build	Build Debug APK	2026-06-29T21:16:29.1581718Z 	at org.gradle.execution.taskgraph.DefaultTaskExecutionGraph$BuildOperationAwareExecutionAction.execute(DefaultTaskExecutionGraph.java:303)
build	Build Debug APK	2026-06-29T21:16:29.1583723Z 	at org.gradle.execution.plan.DefaultPlanExecutor$ExecutorWorker.execute(DefaultPlanExecutor.java:463)
build	Build Debug APK	2026-06-29T21:16:29.1585332Z 	at org.gradle.execution.plan.DefaultPlanExecutor$ExecutorWorker.run(DefaultPlanExecutor.java:380)
build	Build Debug APK	2026-06-29T21:16:29.1586813Z 	at org.gradle.execution.plan.DefaultPlanExecutor.process(DefaultPlanExecutor.java:116)
build	Build Debug APK	2026-06-29T21:16:29.1588550Z 	at org.gradle.execution.taskgraph.DefaultTaskExecutionGraph.executeWithServices(DefaultTaskExecutionGraph.java:138)
build	Build Debug APK	2026-06-29T21:16:29.1590488Z 	at org.gradle.execution.taskgraph.DefaultTaskExecutionGraph.execute(DefaultTaskExecutionGraph.java:123)
build	Build Debug APK	2026-06-29T21:16:29.1592374Z 	at org.gradle.execution.SelectedTaskExecutionAction.execute(SelectedTaskExecutionAction.java:35)
build	Build Debug APK	2026-06-29T21:16:29.1594208Z 	at org.gradle.execution.DryRunBuildExecutionAction.execute(DryRunBuildExecutionAction.java:51)
build	Build Debug APK	2026-06-29T21:16:29.1596162Z 	at org.gradle.execution.BuildOperationFiringBuildWorkerExecutor$ExecuteTasks.call(BuildOperationFiringBuildWorkerExecutor.java:54)
build	Build Debug APK	2026-06-29T21:16:29.1598410Z 	at org.gradle.execution.BuildOperationFiringBuildWorkerExecutor$ExecuteTasks.call(BuildOperationFiringBuildWorkerExecutor.java:43)
build	Build Debug APK	2026-06-29T21:16:29.1600848Z 	at org.gradle.internal.operations.DefaultBuildOperationRunner$CallableBuildOperationWorker.execute(DefaultBuildOperationRunner.java:204)
build	Build Debug APK	2026-06-29T21:16:29.1603127Z 	at org.gradle.internal.operations.DefaultBuildOperationRunner$CallableBuildOperationWorker.execute(DefaultBuildOperationRunner.java:199)
build	Build Debug APK	2026-06-29T21:16:29.1605147Z 	at org.gradle.internal.operations.DefaultBuildOperationRunner$2.execute(DefaultBuildOperationRunner.java:66)
build	Build Debug APK	2026-06-29T21:16:29.1607023Z 	at org.gradle.internal.operations.DefaultBuildOperationRunner$2.execute(DefaultBuildOperationRunner.java:59)
build	Build Debug APK	2026-06-29T21:16:29.1608902Z 	at org.gradle.internal.operations.DefaultBuildOperationRunner.execute(DefaultBuildOperationRunner.java:157)
build	Build Debug APK	2026-06-29T21:16:29.1611136Z 	at org.gradle.internal.operations.DefaultBuildOperationRunner.execute(DefaultBuildOperationRunner.java:59)
build	Build Debug APK	2026-06-29T21:16:29.1612942Z 	at org.gradle.internal.operations.DefaultBuildOperationRunner.call(DefaultBuildOperationRunner.java:53)
build	Build Debug APK	2026-06-29T21:16:29.1614776Z 	at org.gradle.internal.operations.DefaultBuildOperationExecutor.call(DefaultBuildOperationExecutor.java:73)
build	Build Debug APK	2026-06-29T21:16:29.1616853Z 	at org.gradle.execution.BuildOperationFiringBuildWorkerExecutor.execute(BuildOperationFiringBuildWorkerExecutor.java:40)
build	Build Debug APK	2026-06-29T21:16:29.1618935Z 	at org.gradle.internal.build.DefaultBuildLifecycleController.lambda$executeTasks$10(DefaultBuildLifecycleController.java:313)
build	Build Debug APK	2026-06-29T21:16:29.1621075Z 	at org.gradle.internal.model.StateTransitionController.doTransition(StateTransitionController.java:266)
build	Build Debug APK	2026-06-29T21:16:29.1622909Z 	at org.gradle.internal.model.StateTransitionController.lambda$tryTransition$8(StateTransitionController.java:177)
build	Build Debug APK	2026-06-29T21:16:29.1624495Z 	at org.gradle.internal.work.DefaultSynchronizer.withLock(DefaultSynchronizer.java:44)
build	Build Debug APK	2026-06-29T21:16:29.1626125Z 	at org.gradle.internal.model.StateTransitionController.tryTransition(StateTransitionController.java:177)
build	Build Debug APK	2026-06-29T21:16:29.1628316Z 	at org.gradle.internal.build.DefaultBuildLifecycleController.executeTasks(DefaultBuildLifecycleController.java:304)
build	Build Debug APK	2026-06-29T21:16:29.1630782Z 	at org.gradle.internal.build.DefaultBuildWorkGraphController$DefaultBuildWorkGraph.runWork(DefaultBuildWorkGraphController.java:220)
build	Build Debug APK	2026-06-29T21:16:29.1632782Z 	at org.gradle.internal.work.DefaultWorkerLeaseService.withLocks(DefaultWorkerLeaseService.java:264)
build	Build Debug APK	2026-06-29T21:16:29.1634505Z 	at org.gradle.internal.work.DefaultWorkerLeaseService.runAsWorkerThread(DefaultWorkerLeaseService.java:128)
build	Build Debug APK	2026-06-29T21:16:29.1636221Z 	at org.gradle.composite.internal.DefaultBuildController.doRun(DefaultBuildController.java:181)
build	Build Debug APK	2026-06-29T21:16:29.1637841Z 	at org.gradle.composite.internal.DefaultBuildController.access$000(DefaultBuildController.java:50)
build	Build Debug APK	2026-06-29T21:16:29.1639655Z 	at org.gradle.composite.internal.DefaultBuildController$BuildOpRunnable.lambda$run$0(DefaultBuildController.java:198)
build	Build Debug APK	2026-06-29T21:16:29.1641800Z 	at org.gradle.internal.operations.CurrentBuildOperationRef.with(CurrentBuildOperationRef.java:80)
build	Build Debug APK	2026-06-29T21:16:29.1643571Z 	at org.gradle.composite.internal.DefaultBuildController$BuildOpRunnable.run(DefaultBuildController.java:198)
build	Build Debug APK	2026-06-29T21:16:29.1645338Z 	at org.gradle.internal.concurrent.ExecutorPolicy$CatchAndRecordFailures.onExecute(ExecutorPolicy.java:64)
build	Build Debug APK	2026-06-29T21:16:29.1647018Z 	at org.gradle.internal.concurrent.AbstractManagedExecutor$1.run(AbstractManagedExecutor.java:47)
build	Build Debug APK	2026-06-29T21:16:29.1648828Z Caused by: org.gradle.internal.resolve.ModuleVersionNotFoundException: Could not find org.nanohttpd:nanohttpd:2.3.2.
build	Build Debug APK	2026-06-29T21:16:29.1650324Z Searched in the following locations:
build	Build Debug APK	2026-06-29T21:16:29.1651632Z   - https://dl.google.com/dl/android/maven2/org/nanohttpd/nanohttpd/2.3.2/nanohttpd-2.3.2.pom
build	Build Debug APK	2026-06-29T21:16:29.1653003Z   - https://repo.maven.apache.org/maven2/org/nanohttpd/nanohttpd/2.3.2/nanohttpd-2.3.2.pom
build	Build Debug APK	2026-06-29T21:16:29.1653855Z Required by:
build	Build Debug APK	2026-06-29T21:16:29.1654265Z     project :app
build	Build Debug APK	2026-06-29T21:16:29.1654500Z 
build	Build Debug APK	2026-06-29T21:16:29.1654515Z 
build	Build Debug APK	2026-06-29T21:16:29.1654718Z BUILD FAILED in 38s
build	Build Debug APK	2026-06-29T21:16:29.1655208Z 2 actionable tasks: 2 executed
build	Build Debug APK	2026-06-29T21:16:29.5223896Z ##[error]Process completed with exit code 1.
build	Post Setup Gradle	﻿2026-06-29T21:16:29.5348268Z Node 20 is being deprecated. This workflow is running with Node 24 by default. If you need to temporarily use Node 20, you can set the ACTIONS_ALLOW_USE_UNSECURE_NODE_VERSION=true environment variable. For more information see: https://github.blog/changelog/2025-09-19-deprecation-of-node-20-on-github-actions-runners/
build	Post Setup Gradle	2026-06-29T21:16:29.5349566Z Post job cleanup.
build	Post Setup Gradle	2026-06-29T21:16:29.7181592Z In post-action step
build	Post Setup Gradle	2026-06-29T21:16:29.7190625Z Stopping all Gradle daemons before saving Gradle User Home state
build	Post Setup Gradle	2026-06-29T21:16:29.7191515Z Stopping Gradle daemons for /home/runner/gradle-installations/installs/gradle-8.6
build	Post Setup Gradle	2026-06-29T21:16:29.7203767Z (node:2763) [DEP0040] DeprecationWarning: The `punycode` module is deprecated. Please use a userland alternative instead.
build	Post Setup Gradle	2026-06-29T21:16:29.7204625Z (Use `node --trace-deprecation ...` to show where the warning was created)
build	Post Setup Gradle	2026-06-29T21:16:29.7209631Z [command]/home/runner/gradle-installations/installs/gradle-8.6/bin/gradle --stop
build	Post Setup Gradle	2026-06-29T21:16:30.4561638Z No Gradle daemons are running.
build	Post Setup Gradle	2026-06-29T21:16:30.4814988Z ##[group]Caching Gradle state
build	Post Setup Gradle	2026-06-29T21:16:30.7766361Z Caching dependencies with path '/home/runner/.gradle/caches/modules-*/files-*/*/*/*/*' and cache key: gradle-dependencies-v1-ce640c91256bc5cd268ab06308c5de9d
build	Post Setup Gradle	2026-06-29T21:16:30.7888199Z Caching instrumented-jars with path '/home/runner/.gradle/caches/jars-*/*/' and cache key: gradle-instrumented-jars-v1-2052d80478e50227a851797f4453579e
build	Post Setup Gradle	2026-06-29T21:16:30.8108294Z [command]/usr/bin/tar --posix -cf cache.tzst --exclude cache.tzst -P -C /home/runner/work/X-LOCALHOST/X-LOCALHOST --files-from manifest.txt --use-compress-program zstdmt
build	Post Setup Gradle	2026-06-29T21:16:30.8691807Z Caching transforms with path '/home/runner/.gradle/caches/transforms-4/*/
build	Post Setup Gradle	2026-06-29T21:16:30.8693147Z /home/runner/.gradle/caches/*/transforms/*/' and cache key: gradle-transforms-v1-50e980cc25e6bdb1858fa6e38f20ffa4
build	Post Setup Gradle	2026-06-29T21:16:30.8782605Z ##[warning]Failed to save cache entry with path '/home/runner/.gradle/caches/jars-*/*/' and key: gradle-instrumented-jars-v1-2052d80478e50227a851797f4453579e: Error: <h2>Our services aren't available right now</h2><p>We're working to restore all services as soon as possible. Please check back soon.</p>0ruBCagAAAADUF8bCHRhvTaCVSo1F3r/UUEhMMzBFREdFMDQyMQBFZGdl
build	Post Setup Gradle	2026-06-29T21:16:30.9390347Z [command]/usr/bin/tar --posix -cf cache.tzst --exclude cache.tzst -P -C /home/runner/work/X-LOCALHOST/X-LOCALHOST --files-from manifest.txt --use-compress-program zstdmt
build	Post Setup Gradle	2026-06-29T21:16:31.1885926Z [command]/usr/bin/tar --posix -cf cache.tzst --exclude cache.tzst -P -C /home/runner/work/X-LOCALHOST/X-LOCALHOST --files-from manifest.txt --use-compress-program zstdmt
build	Post Setup Gradle	2026-06-29T21:16:31.9356915Z ##[warning]Failed to save cache entry with path '/home/runner/.gradle/caches/modules-*/files-*/*/*/*/*' and key: gradle-dependencies-v1-ce640c91256bc5cd268ab06308c5de9d: Error: <h2>Our services aren't available right now</h2><p>We're working to restore all services as soon as possible. Please check back soon.</p>0r+BCagAAAADD4JnyPoBNSJT8lgt3NzD3UEhMMzBFREdFMDEyMABFZGdl
build	Post Setup Gradle	2026-06-29T21:16:32.2796586Z ##[warning]Failed to save cache entry with path '/home/runner/.gradle/caches/transforms-4/*/
build	Post Setup Gradle	/home/runner/.gradle/caches/*/transforms/*/' and key: gradle-transforms-v1-50e980cc25e6bdb1858fa6e38f20ffa4: Error: <h2>Our services aren't available right now</h2><p>We're working to restore all services as soon as possible. Please check back soon.</p>0sOBCagAAAAAcJVppjGK4R4L1QCzl0RL4UEhMMzBFREdFMDEwOQBFZGdl
build	Post Setup Gradle	2026-06-29T21:16:32.3847626Z Caching Gradle User Home with cache key: gradle-home-v1|Linux|build[5df42585ae8f8da228c604b8b4e8707c]-af4e8d35674ca81b6c3868484f09683cea488dc6
build	Post Setup Gradle	2026-06-29T21:16:32.3935274Z [command]/usr/bin/tar --posix -cf cache.tzst --exclude cache.tzst -P -C /home/runner/work/X-LOCALHOST/X-LOCALHOST --files-from manifest.txt --use-compress-program zstdmt
build	Post Setup Gradle	2026-06-29T21:16:32.5038303Z ##[warning]Failed to save cache entry with path '/home/runner/.gradle/caches,/home/runner/.gradle/notifications,/home/runner/.gradle/.setup-gradle' and key: gradle-home-v1|Linux|build[5df42585ae8f8da228c604b8b4e8707c]-af4e8d35674ca81b6c3868484f09683cea488dc6: Error: <h2>Our services aren't available right now</h2><p>We're working to restore all services as soon as possible. Please check back soon.</p>0sOBCagAAAAC+v7ew/Ki+Qb2GM8gteG2pUEhMMzBFREdFMDEwNwBFZGdl
build	Post Setup Gradle	2026-06-29T21:16:32.5042359Z ##[endgroup]
build	Post Setup Gradle	2026-06-29T21:16:32.5042873Z Generating Job Summary
build	Post Setup Gradle	2026-06-29T21:16:32.5057679Z Completed post-action step
build	Post Set up JDK 17	﻿2026-06-29T21:16:32.5221507Z Node 20 is being deprecated. This workflow is running with Node 24 by default. If you need to temporarily use Node 20, you can set the ACTIONS_ALLOW_USE_UNSECURE_NODE_VERSION=true environment variable. For more information see: https://github.blog/changelog/2025-09-19-deprecation-of-node-20-on-github-actions-runners/
build	Post Set up JDK 17	2026-06-29T21:16:32.5222825Z Post job cleanup.
build	Post Set up JDK 17	2026-06-29T21:16:32.6498342Z (node:2844) [DEP0040] DeprecationWarning: The `punycode` module is deprecated. Please use a userland alternative instead.
build	Post Set up JDK 17	2026-06-29T21:16:32.6499310Z (Use `node --trace-deprecation ...` to show where the warning was created)
build	Post Checkout repository	﻿2026-06-29T21:16:32.6650911Z Node 20 is being deprecated. This workflow is running with Node 24 by default. If you need to temporarily use Node 20, you can set the ACTIONS_ALLOW_USE_UNSECURE_NODE_VERSION=true environment variable. For more information see: https://github.blog/changelog/2025-09-19-deprecation-of-node-20-on-github-actions-runners/
build	Post Checkout repository	2026-06-29T21:16:32.6652236Z Post job cleanup.
build	Post Checkout repository	2026-06-29T21:16:32.7581019Z [command]/usr/bin/git version
build	Post Checkout repository	2026-06-29T21:16:32.7652553Z git version 2.54.0
build	Post Checkout repository	2026-06-29T21:16:32.7693221Z Temporarily overriding HOME='/home/runner/work/_temp/660a62f9-ebbe-4eb5-9f1c-f81c0c952f28' before making global git config changes
build	Post Checkout repository	2026-06-29T21:16:32.7695355Z Adding repository directory to the temporary git global config as a safe directory
build	Post Checkout repository	2026-06-29T21:16:32.7696828Z [command]/usr/bin/git config --global --add safe.directory /home/runner/work/X-LOCALHOST/X-LOCALHOST
build	Post Checkout repository	2026-06-29T21:16:32.7738061Z [command]/usr/bin/git config --local --name-only --get-regexp core\.sshCommand
build	Post Checkout repository	2026-06-29T21:16:32.7775449Z [command]/usr/bin/git submodule foreach --recursive sh -c "git config --local --name-only --get-regexp 'core\.sshCommand' && git config --local --unset-all 'core.sshCommand' || :"
build	Post Checkout repository	2026-06-29T21:16:32.8003885Z [command]/usr/bin/git config --local --name-only --get-regexp http\.https\:\/\/github\.com\/\.extraheader
build	Post Checkout repository	2026-06-29T21:16:32.8027141Z http.https://github.com/.extraheader
build	Post Checkout repository	2026-06-29T21:16:32.8037770Z [command]/usr/bin/git config --local --unset-all http.https://github.com/.extraheader
build	Post Checkout repository	2026-06-29T21:16:32.8068483Z [command]/usr/bin/git submodule foreach --recursive sh -c "git config --local --name-only --get-regexp 'http\.https\:\/\/github\.com\/\.extraheader' && git config --local --unset-all 'http.https://github.com/.extraheader' || :"
build	Post Checkout repository	2026-06-29T21:16:32.8280079Z [command]/usr/bin/git config --local --name-only --get-regexp ^includeIf\.gitdir:
build	Post Checkout repository	2026-06-29T21:16:32.8310203Z [command]/usr/bin/git submodule foreach --recursive git config --local --show-origin --name-only --get-regexp remote.origin.url
build	Complete job	﻿2026-06-29T21:16:32.8651428Z Cleaning up orphan processes
build	Complete job	2026-06-29T21:16:32.8935128Z ##[warning]Node.js 20 is deprecated. The following actions target Node.js 20 but are being forced to run on Node.js 24: actions/checkout@v4, actions/setup-java@v4, android-actions/setup-android@v3, gradle/actions/setup-gradle@v3. For more information see: https://github.blog/changelog/2025-09-19-deprecation-of-node-20-on-github-actions-runners/
